Archive member included to satisfy reference by file (symbol)

/opt/st/stm32cubeide_1.3.0/plugins/com.st.stm32cube.ide.mcu.externaltools.gnu-tools-for-stm32.7-2018-q2-update.linux64_1.0.0.201904181610/tools/bin/../lib/gcc/arm-none-eabi/7.3.1/../../../../arm-none-eabi/lib/thumb/v7e-m/libc_nano.a(lib_a-errno.o)
                              Src/syscalls.o (__errno)
/opt/st/stm32cubeide_1.3.0/plugins/com.st.stm32cube.ide.mcu.externaltools.gnu-tools-for-stm32.7-2018-q2-update.linux64_1.0.0.201904181610/tools/bin/../lib/gcc/arm-none-eabi/7.3.1/../../../../arm-none-eabi/lib/thumb/v7e-m/libc_nano.a(lib_a-exit.o)
                              /opt/st/stm32cubeide_1.3.0/plugins/com.st.stm32cube.ide.mcu.externaltools.gnu-tools-for-stm32.7-2018-q2-update.linux64_1.0.0.201904181610/tools/bin/../lib/gcc/arm-none-eabi/7.3.1/../../../../arm-none-eabi/lib/thumb/v7e-m/crt0.o (exit)
/opt/st/stm32cubeide_1.3.0/plugins/com.st.stm32cube.ide.mcu.externaltools.gnu-tools-for-stm32.7-2018-q2-update.linux64_1.0.0.201904181610/tools/bin/../lib/gcc/arm-none-eabi/7.3.1/../../../../arm-none-eabi/lib/thumb/v7e-m/libc_nano.a(lib_a-impure.o)
                              /opt/st/stm32cubeide_1.3.0/plugins/com.st.stm32cube.ide.mcu.externaltools.gnu-tools-for-stm32.7-2018-q2-update.linux64_1.0.0.201904181610/tools/bin/../lib/gcc/arm-none-eabi/7.3.1/../../../../arm-none-eabi/lib/thumb/v7e-m/libc_nano.a(lib_a-exit.o) (_global_impure_ptr)
/opt/st/stm32cubeide_1.3.0/plugins/com.st.stm32cube.ide.mcu.externaltools.gnu-tools-for-stm32.7-2018-q2-update.linux64_1.0.0.201904181610/tools/bin/../lib/gcc/arm-none-eabi/7.3.1/../../../../arm-none-eabi/lib/thumb/v7e-m/libc_nano.a(lib_a-init.o)
                              /opt/st/stm32cubeide_1.3.0/plugins/com.st.stm32cube.ide.mcu.externaltools.gnu-tools-for-stm32.7-2018-q2-update.linux64_1.0.0.201904181610/tools/bin/../lib/gcc/arm-none-eabi/7.3.1/../../../../arm-none-eabi/lib/thumb/v7e-m/crt0.o (__libc_init_array)
/opt/st/stm32cubeide_1.3.0/plugins/com.st.stm32cube.ide.mcu.externaltools.gnu-tools-for-stm32.7-2018-q2-update.linux64_1.0.0.201904181610/tools/bin/../lib/gcc/arm-none-eabi/7.3.1/../../../../arm-none-eabi/lib/thumb/v7e-m/libc_nano.a(lib_a-memset.o)
                              /opt/st/stm32cubeide_1.3.0/plugins/com.st.stm32cube.ide.mcu.externaltools.gnu-tools-for-stm32.7-2018-q2-update.linux64_1.0.0.201904181610/tools/bin/../lib/gcc/arm-none-eabi/7.3.1/../../../../arm-none-eabi/lib/thumb/v7e-m/crt0.o (memset)
/opt/st/stm32cubeide_1.3.0/plugins/com.st.stm32cube.ide.mcu.externaltools.gnu-tools-for-stm32.7-2018-q2-update.linux64_1.0.0.201904181610/tools/bin/../lib/gcc/arm-none-eabi/7.3.1/../../../../arm-none-eabi/lib/thumb/v7e-m/libc_nano.a(lib_a-puts.o)
                              Src/main.o (puts)
/opt/st/stm32cubeide_1.3.0/plugins/com.st.stm32cube.ide.mcu.externaltools.gnu-tools-for-stm32.7-2018-q2-update.linux64_1.0.0.201904181610/tools/bin/../lib/gcc/arm-none-eabi/7.3.1/../../../../arm-none-eabi/lib/thumb/v7e-m/libc_nano.a(lib_a-wbuf.o)
                              /opt/st/stm32cubeide_1.3.0/plugins/com.st.stm32cube.ide.mcu.externaltools.gnu-tools-for-stm32.7-2018-q2-update.linux64_1.0.0.201904181610/tools/bin/../lib/gcc/arm-none-eabi/7.3.1/../../../../arm-none-eabi/lib/thumb/v7e-m/libc_nano.a(lib_a-puts.o) (__swbuf_r)
/opt/st/stm32cubeide_1.3.0/plugins/com.st.stm32cube.ide.mcu.externaltools.gnu-tools-for-stm32.7-2018-q2-update.linux64_1.0.0.201904181610/tools/bin/../lib/gcc/arm-none-eabi/7.3.1/../../../../arm-none-eabi/lib/thumb/v7e-m/libc_nano.a(lib_a-wsetup.o)
                              /opt/st/stm32cubeide_1.3.0/plugins/com.st.stm32cube.ide.mcu.externaltools.gnu-tools-for-stm32.7-2018-q2-update.linux64_1.0.0.201904181610/tools/bin/../lib/gcc/arm-none-eabi/7.3.1/../../../../arm-none-eabi/lib/thumb/v7e-m/libc_nano.a(lib_a-puts.o) (__swsetup_r)
/opt/st/stm32cubeide_1.3.0/plugins/com.st.stm32cube.ide.mcu.externaltools.gnu-tools-for-stm32.7-2018-q2-update.linux64_1.0.0.201904181610/tools/bin/../lib/gcc/arm-none-eabi/7.3.1/../../../../arm-none-eabi/lib/thumb/v7e-m/libc_nano.a(lib_a-fflush.o)
                              /opt/st/stm32cubeide_1.3.0/plugins/com.st.stm32cube.ide.mcu.externaltools.gnu-tools-for-stm32.7-2018-q2-update.linux64_1.0.0.201904181610/tools/bin/../lib/gcc/arm-none-eabi/7.3.1/../../../../arm-none-eabi/lib/thumb/v7e-m/libc_nano.a(lib_a-wbuf.o) (_fflush_r)
/opt/st/stm32cubeide_1.3.0/plugins/com.st.stm32cube.ide.mcu.externaltools.gnu-tools-for-stm32.7-2018-q2-update.linux64_1.0.0.201904181610/tools/bin/../lib/gcc/arm-none-eabi/7.3.1/../../../../arm-none-eabi/lib/thumb/v7e-m/libc_nano.a(lib_a-findfp.o)
                              /opt/st/stm32cubeide_1.3.0/plugins/com.st.stm32cube.ide.mcu.externaltools.gnu-tools-for-stm32.7-2018-q2-update.linux64_1.0.0.201904181610/tools/bin/../lib/gcc/arm-none-eabi/7.3.1/../../../../arm-none-eabi/lib/thumb/v7e-m/libc_nano.a(lib_a-puts.o) (__sinit)
[...]
Memory Configuration

Name             Origin             Length             Attributes
RAM              0x0000000020000000 0x0000000000020000 xrw
ROM              0x0000000008000000 0x0000000000080000 xr
*default*        0x0000000000000000 0xffffffffffffffff

Linker script and memory map

LOAD /opt/st/stm32cubeide_1.3.0/plugins/com.st.stm32cube.ide.mcu.externaltools.gnu-tools-for-stm32.7-2018-q2-update.linux64_1.0.0.201904181610/tools/bin/../lib/gcc/arm-none-eabi/7.3.1/thumb/v7e-m/crti.o
LOAD /opt/st/stm32cubeide_1.3.0/plugins/com.st.stm32cube.ide.mcu.externaltools.gnu-tools-for-stm32.7-2018-q2-update.linux64_1.0.0.201904181610/tools/bin/../lib/gcc/arm-none-eabi/7.3.1/thumb/v7e-m/crtbegin.o
LOAD /opt/st/stm32cubeide_1.3.0/plugins/com.st.stm32cube.ide.mcu.externaltools.gnu-tools-for-stm32.7-2018-q2-update.linux64_1.0.0.201904181610/tools/bin/../lib/gcc/arm-none-eabi/7.3.1/../../../../arm-none-eabi/lib/thumb/v7e-m/crt0.o
LOAD Src/main.o
LOAD Src/syscalls.o
LOAD Src/sysmem.o
LOAD Startup/startup_stm32f446retx.o
START GROUP
LOAD /opt/st/stm32cubeide_1.3.0/plugins/com.st.stm32cube.ide.mcu.externaltools.gnu-tools-for-stm32.7-2018-q2-update.linux64_1.0.0.201904181610/tools/bin/../lib/gcc/arm-none-eabi/7.3.1/../../../../arm-none-eabi/lib/thumb/v7e-m/libc_nano.a
LOAD /opt/st/stm32cubeide_1.3.0/plugins/com.st.stm32cube.ide.mcu.externaltools.gnu-tools-for-stm32.7-2018-q2-update.linux64_1.0.0.201904181610/tools/bin/../lib/gcc/arm-none-eabi/7.3.1/../../../../arm-none-eabi/lib/thumb/v7e-m/libm.a
END GROUP
START GROUP
LOAD /opt/st/stm32cubeide_1.3.0/plugins/com.st.stm32cube.ide.mcu.externaltools.gnu-tools-for-stm32.7-2018-q2-update.linux64_1.0.0.201904181610/tools/bin/../lib/gcc/arm-none-eabi/7.3.1/thumb/v7e-m/libgcc.a
LOAD /opt/st/stm32cubeide_1.3.0/plugins/com.st.stm32cube.ide.mcu.externaltools.gnu-tools-for-stm32.7-2018-q2-update.linux64_1.0.0.201904181610/tools/bin/../lib/gcc/arm-none-eabi/7.3.1/../../../../arm-none-eabi/lib/thumb/v7e-m/libc_nano.a
END GROUP
START GROUP
LOAD /opt/st/stm32cubeide_1.3.0/plugins/com.st.stm32cube.ide.mcu.externaltools.gnu-tools-for-stm32.7-2018-q2-update.linux64_1.0.0.201904181610/tools/bin/../lib/gcc/arm-none-eabi/7.3.1/thumb/v7e-m/libgcc.a
LOAD /opt/st/stm32cubeide_1.3.0/plugins/com.st.stm32cube.ide.mcu.externaltools.gnu-tools-for-stm32.7-2018-q2-update.linux64_1.0.0.201904181610/tools/bin/../lib/gcc/arm-none-eabi/7.3.1/../../../../arm-none-eabi/lib/thumb/v7e-m/libc_nano.a
LOAD /opt/st/stm32cubeide_1.3.0/plugins/com.st.stm32cube.ide.mcu.externaltools.gnu-tools-for-stm32.7-2018-q2-update.linux64_1.0.0.201904181610/tools/bin/../lib/gcc/arm-none-eabi/7.3.1/../../../../arm-none-eabi/lib/thumb/v7e-m/libnosys.a
END GROUP
START GROUP
LOAD /opt/st/stm32cubeide_1.3.0/plugins/com.st.stm32cube.ide.mcu.externaltools.gnu-tools-for-stm32.7-2018-q2-update.linux64_1.0.0.201904181610/tools/bin/../lib/gcc/arm-none-eabi/7.3.1/thumb/v7e-m/libgcc.a
LOAD /opt/st/stm32cubeide_1.3.0/plugins/com.st.stm32cube.ide.mcu.externaltools.gnu-tools-for-stm32.7-2018-q2-update.linux64_1.0.0.201904181610/tools/bin/../lib/gcc/arm-none-eabi/7.3.1/../../../../arm-none-eabi/lib/thumb/v7e-m/libc_nano.a
LOAD /opt/st/stm32cubeide_1.3.0/plugins/com.st.stm32cube.ide.mcu.externaltools.gnu-tools-for-stm32.7-2018-q2-update.linux64_1.0.0.201904181610/tools/bin/../lib/gcc/arm-none-eabi/7.3.1/../../../../arm-none-eabi/lib/thumb/v7e-m/libnosys.a
END GROUP
LOAD /opt/st/stm32cubeide_1.3.0/plugins/com.st.stm32cube.ide.mcu.externaltools.gnu-tools-for-stm32.7-2018-q2-update.linux64_1.0.0.201904181610/tools/bin/../lib/gcc/arm-none-eabi/7.3.1/thumb/v7e-m/crtend.o
LOAD /opt/st/stm32cubeide_1.3.0/plugins/com.st.stm32cube.ide.mcu.externaltools.gnu-tools-for-stm32.7-2018-q2-update.linux64_1.0.0.201904181610/tools/bin/../lib/gcc/arm-none-eabi/7.3.1/thumb/v7e-m/crtn.o
                0x0000000020020000                _estack = (ORIGIN (RAM) + LENGTH (RAM))
                0x0000000000000200                _Min_Heap_Size = 0x200
                0x0000000000000400                _Min_Stack_Size = 0x400

.isr_vector     0x0000000008000000      0x1c4
                0x0000000008000000                . = ALIGN (0x4)
 *(.isr_vector)
 .isr_vector    0x0000000008000000      0x1c4 Startup/startup_stm32f446retx.o
                0x0000000008000000                g_pfnVectors
                0x00000000080001c4                . = ALIGN (0x4)

.text           0x00000000080001c4      0x180
                0x00000000080001c4                . = ALIGN (0x4)
 *(.text)
 .text          0x00000000080001c4       0x40 /opt/st/stm32cubeide_1.3.0/plugins/com.st.stm32cube.ide.mcu.externaltools.gnu-tools-for-stm32.7-2018-q2-update.linux64_1.0.0.201904181610/tools/bin/../lib/gcc/arm-none-eabi/7.3.1/thumb/v7e-m/crtbegin.o
 *(.text*)
 .text.main     0x0000000008000204        0xe Src/main.o
                0x0000000008000204                main
 *fill*         0x0000000008000212        0x2 
 .text.init_systick_timer
                0x0000000008000214       0x70 Src/main.o
                0x0000000008000214                init_systick_timer
 .text.SysTick_Handler
                0x0000000008000284        0xc Src/main.o
                0x0000000008000284                SysTick_Handler
 .text.Reset_Handler
                0x0000000008000290       0x50 Startup/startup_stm32f446retx.o
                0x0000000008000290                Reset_Handler
 .text.Default_Handler
                0x00000000080002e0        0x2 Startup/startup_stm32f446retx.o
                0x00000000080002e0                RTC_Alarm_IRQHandler
                0x00000000080002e0                EXTI2_IRQHandler
                0x00000000080002e0                TIM8_CC_IRQHandler
                0x00000000080002e0                SPDIF_Rx_IRQHandler
                0x00000000080002e0                DebugMon_Handler
                0x00000000080002e0                SPI4_IRQHandler
                0x00000000080002e0                TIM1_CC_IRQHandler
                0x00000000080002e0                QuadSPI_IRQHandler
                0x00000000080002e0                DMA2_Stream5_IRQHandler
                0x00000000080002e0                HardFault_Handler
                0x00000000080002e0                DMA1_Stream5_IRQHandler
                0x00000000080002e0                PVD_IRQHandler
                0x00000000080002e0                SDIO_IRQHandler
                0x00000000080002e0                TAMP_STAMP_IRQHandler
                0x00000000080002e0                PendSV_Handler
                0x00000000080002e0                NMI_Handler
                0x00000000080002e0                CAN2_RX1_IRQHandler
                0x00000000080002e0                EXTI3_IRQHandler
                0x00000000080002e0                TIM8_TRG_COM_TIM14_IRQHandler
                0x00000000080002e0                TIM1_UP_TIM10_IRQHandler
                0x00000000080002e0                FMPI2C1_error_IRQHandler
                0x00000000080002e0                TIM8_UP_TIM13_IRQHandler
                0x00000000080002e0                I2C3_ER_IRQHandler
                0x00000000080002e0                EXTI0_IRQHandler
                0x00000000080002e0                I2C2_EV_IRQHandler
                0x00000000080002e0                DMA1_Stream2_IRQHandler
                0x00000000080002e0                CAN1_RX0_IRQHandler
                0x00000000080002e0                FPU_IRQHandler
                0x00000000080002e0                OTG_HS_WKUP_IRQHandler
                0x00000000080002e0                UsageFault_Handler
                0x00000000080002e0                CAN2_SCE_IRQHandler
                0x00000000080002e0                DMA2_Stream2_IRQHandler
                0x00000000080002e0                SPI1_IRQHandler
                0x00000000080002e0                TIM6_DAC_IRQHandler
                0x00000000080002e0                TIM1_BRK_TIM9_IRQHandler
                0x00000000080002e0                DCMI_IRQHandler
                0x00000000080002e0                CAN2_RX0_IRQHandler
                0x00000000080002e0                DMA2_Stream3_IRQHandler
                0x00000000080002e0                FMPI2C1_IRQHandler
                0x00000000080002e0                SAI2_IRQHandler
                0x00000000080002e0                USART6_IRQHandler
                0x00000000080002e0                USART3_IRQHandler
                0x00000000080002e0                CAN1_RX1_IRQHandler
                0x00000000080002e0                UART5_IRQHandler
                0x00000000080002e0                DMA2_Stream0_IRQHandler
                0x00000000080002e0                TIM4_IRQHandler
                0x00000000080002e0                I2C1_EV_IRQHandler
                0x00000000080002e0                HDMI_CEC_IRQHandler
                0x00000000080002e0                DMA1_Stream6_IRQHandler
                0x00000000080002e0                DMA1_Stream1_IRQHandler
                0x00000000080002e0                UART4_IRQHandler
                0x00000000080002e0                TIM3_IRQHandler
                0x00000000080002e0                RCC_IRQHandler
                0x00000000080002e0                TIM8_BRK_TIM12_IRQHandler
                0x00000000080002e0                Default_Handler
                0x00000000080002e0                EXTI15_10_IRQHandler
                0x00000000080002e0                ADC_IRQHandler
                0x00000000080002e0                DMA1_Stream7_IRQHandler
                0x00000000080002e0                TIM7_IRQHandler
                0x00000000080002e0                CAN2_TX_IRQHandler
                0x00000000080002e0                TIM5_IRQHandler
                0x00000000080002e0                DMA2_Stream7_IRQHandler
                0x00000000080002e0                I2C3_EV_IRQHandler
                0x00000000080002e0                EXTI9_5_IRQHandler
                0x00000000080002e0                RTC_WKUP_IRQHandler
                0x00000000080002e0                SPI2_IRQHandler
                0x00000000080002e0                OTG_HS_EP1_IN_IRQHandler
                0x00000000080002e0                MemManage_Handler
                0x00000000080002e0                DMA1_Stream0_IRQHandler
                0x00000000080002e0                CAN1_TX_IRQHandler
                0x00000000080002e0                SVC_Handler
                0x00000000080002e0                EXTI4_IRQHandler
                0x00000000080002e0                OTG_HS_EP1_OUT_IRQHandler
                0x00000000080002e0                WWDG_IRQHandler
                0x00000000080002e0                TIM2_IRQHandler
                0x00000000080002e0                OTG_FS_WKUP_IRQHandler
                0x00000000080002e0                TIM1_TRG_COM_TIM11_IRQHandler
                0x00000000080002e0                OTG_HS_IRQHandler
                0x00000000080002e0                EXTI1_IRQHandler
                0x00000000080002e0                USART2_IRQHandler
                0x00000000080002e0                I2C2_ER_IRQHandler
                0x00000000080002e0                DMA2_Stream1_IRQHandler
                0x00000000080002e0                CAN1_SCE_IRQHandler
                0x00000000080002e0                FLASH_IRQHandler
                0x00000000080002e0                DMA2_Stream4_IRQHandler
                0x00000000080002e0                BusFault_Handler
                0x00000000080002e0                USART1_IRQHandler
                0x00000000080002e0                OTG_FS_IRQHandler
                0x00000000080002e0                SPI3_IRQHandler
                0x00000000080002e0                DMA1_Stream4_IRQHandler
                0x00000000080002e0                I2C1_ER_IRQHandler
                0x00000000080002e0                FMC_IRQHandler
                0x00000000080002e0                DMA2_Stream6_IRQHandler
                0x00000000080002e0                SAI1_IRQHandler
                0x00000000080002e0                DMA1_Stream3_IRQHandler
 *fill*         0x00000000080002e2        0x2 
 .text.__libc_init_array
                0x00000000080002e4       0x48 /opt/st/stm32cubeide_1.3.0/plugins/com.st.stm32cube.ide.mcu.externaltools.gnu-tools-for-stm32.7-2018-q2-update.linux64_1.0.0.201904181610/tools/bin/../lib/gcc/arm-none-eabi/7.3.1/../../../../arm-none-eabi/lib/thumb/v7e-m/libc_nano.a(lib_a-init.o)
                0x00000000080002e4                __libc_init_array
 *(.glue_7)
 .glue_7        0x000000000800032c        0x0 linker stubs
 *(.glue_7t)
 .glue_7t       0x000000000800032c        0x0 linker stubs
 *(.eh_frame)
 .eh_frame      0x000000000800032c        0x0 /opt/st/stm32cubeide_1.3.0/plugins/com.st.stm32cube.ide.mcu.externaltools.gnu-tools-for-stm32.7-2018-q2-update.linux64_1.0.0.201904181610/tools/bin/../lib/gcc/arm-none-eabi/7.3.1/thumb/v7e-m/crtbegin.o
 *(.init)
 .init          0x000000000800032c        0x4 /opt/st/stm32cubeide_1.3.0/plugins/com.st.stm32cube.ide.mcu.externaltools.gnu-tools-for-stm32.7-2018-q2-update.linux64_1.0.0.201904181610/tools/bin/../lib/gcc/arm-none-eabi/7.3.1/thumb/v7e-m/crti.o
                0x000000000800032c                _init
 .init          0x0000000008000330        0x8 /opt/st/stm32cubeide_1.3.0/plugins/com.st.stm32cube.ide.mcu.externaltools.gnu-tools-for-stm32.7-2018-q2-update.linux64_1.0.0.201904181610/tools/bin/../lib/gcc/arm-none-eabi/7.3.1/thumb/v7e-m/crtn.o
 *(.fini)
 .fini          0x0000000008000338        0x4 /opt/st/stm32cubeide_1.3.0/plugins/com.st.stm32cube.ide.mcu.externaltools.gnu-tools-for-stm32.7-2018-q2-update.linux64_1.0.0.201904181610/tools/bin/../lib/gcc/arm-none-eabi/7.3.1/thumb/v7e-m/crti.o
                0x0000000008000338                _fini
 .fini          0x000000000800033c        0x8 /opt/st/stm32cubeide_1.3.0/plugins/com.st.stm32cube.ide.mcu.externaltools.gnu-tools-for-stm32.7-2018-q2-update.linux64_1.0.0.201904181610/tools/bin/../lib/gcc/arm-none-eabi/7.3.1/thumb/v7e-m/crtn.o
                0x0000000008000344                . = ALIGN (0x4)
                0x0000000008000344                _etext = .

.vfp11_veneer   0x0000000008000344        0x0
 .vfp11_veneer  0x0000000008000344        0x0 linker stubs

.v4_bx          0x0000000008000344        0x0
 .v4_bx         0x0000000008000344        0x0 linker stubs

.iplt           0x0000000008000344        0x0
 .iplt          0x0000000008000344        0x0 /opt/st/stm32cubeide_1.3.0/plugins/com.st.stm32cube.ide.mcu.externaltools.gnu-tools-for-stm32.7-2018-q2-update.linux64_1.0.0.201904181610/tools/bin/../lib/gcc/arm-none-eabi/7.3.1/thumb/v7e-m/crtbegin.o

.rel.dyn        0x0000000008000344        0x0
 .rel.iplt      0x0000000008000344        0x0 /opt/st/stm32cubeide_1.3.0/plugins/com.st.stm32cube.ide.mcu.externaltools.gnu-tools-for-stm32.7-2018-q2-update.linux64_1.0.0.201904181610/tools/bin/../lib/gcc/arm-none-eabi/7.3.1/thumb/v7e-m/crtbegin.o

.rodata         0x0000000008000344        0x0
                0x0000000008000344                . = ALIGN (0x4)
 *(.rodata)
 *(.rodata*)
                0x0000000008000344                . = ALIGN (0x4)

.ARM.extab      0x0000000008000344        0x0
                0x0000000008000344                . = ALIGN (0x4)
 *(.ARM.extab* .gnu.linkonce.armextab.*)
                0x0000000008000344                . = ALIGN (0x4)

.ARM            0x0000000008000344        0x0
                0x0000000008000344                . = ALIGN (0x4)
                0x0000000008000344                __exidx_start = .
 *(.ARM.exidx*)
                0x0000000008000344                __exidx_end = .
                0x0000000008000344                . = ALIGN (0x4)

.preinit_array  0x0000000008000344        0x0
                0x0000000008000344                . = ALIGN (0x4)
                0x0000000008000344                PROVIDE (__preinit_array_start = .)
 *(.preinit_array*)
                0x0000000008000344                PROVIDE (__preinit_array_end = .)
                0x0000000008000344                . = ALIGN (0x4)

.init_array     0x0000000008000344        0x4
                0x0000000008000344                . = ALIGN (0x4)
                0x0000000008000344                PROVIDE (__init_array_start = .)
 *(SORT_BY_NAME(.init_array.*))
 *(.init_array*)
 .init_array    0x0000000008000344        0x4 /opt/st/stm32cubeide_1.3.0/plugins/com.st.stm32cube.ide.mcu.externaltools.gnu-tools-for-stm32.7-2018-q2-update.linux64_1.0.0.201904181610/tools/bin/../lib/gcc/arm-none-eabi/7.3.1/thumb/v7e-m/crtbegin.o
                0x0000000008000348                PROVIDE (__init_array_end = .)
                0x0000000008000348                . = ALIGN (0x4)

.fini_array     0x0000000008000348        0x4
                0x0000000008000348                . = ALIGN (0x4)
                [!provide]                        PROVIDE (__fini_array_start = .)
 *(SORT_BY_NAME(.fini_array.*))
 *(.fini_array*)
 .fini_array    0x0000000008000348        0x4 /opt/st/stm32cubeide_1.3.0/plugins/com.st.stm32cube.ide.mcu.externaltools.gnu-tools-for-stm32.7-2018-q2-update.linux64_1.0.0.201904181610/tools/bin/../lib/gcc/arm-none-eabi/7.3.1/thumb/v7e-m/crtbegin.o
                [!provide]                        PROVIDE (__fini_array_end = .)
                0x000000000800034c                . = ALIGN (0x4)
                0x000000000800034c                _sidata = LOADADDR (.data)

.data           0x0000000020000000        0x0 load address 0x000000000800034c
                0x0000000020000000                . = ALIGN (0x4)
                0x0000000020000000                _sdata = .
 *(.data)
 *(.data*)
                0x0000000020000000                . = ALIGN (0x4)
                0x0000000020000000                _edata = .

.igot.plt       0x0000000020000000        0x0 load address 0x000000000800034c
 .igot.plt      0x0000000020000000        0x0 /opt/st/stm32cubeide_1.3.0/plugins/com.st.stm32cube.ide.mcu.externaltools.gnu-tools-for-stm32.7-2018-q2-update.linux64_1.0.0.201904181610/tools/bin/../lib/gcc/arm-none-eabi/7.3.1/thumb/v7e-m/crtbegin.o
                0x0000000020000000                . = ALIGN (0x4)

.bss            0x0000000020000000       0x1c load address 0x000000000800034c
                0x0000000020000000                _sbss = .
                0x0000000020000000                __bss_start__ = _sbss
 *(.bss)
 .bss           0x0000000020000000       0x1c /opt/st/stm32cubeide_1.3.0/plugins/com.st.stm32cube.ide.mcu.externaltools.gnu-tools-for-stm32.7-2018-q2-update.linux64_1.0.0.201904181610/tools/bin/../lib/gcc/arm-none-eabi/7.3.1/thumb/v7e-m/crtbegin.o
 *(.bss*)
 *(COMMON)
                0x000000002000001c                . = ALIGN (0x4)
                0x000000002000001c                _ebss = .
                0x000000002000001c                __bss_end__ = _ebss

._user_heap_stack
                0x000000002000001c      0x604 load address 0x000000000800034c
                0x0000000020000020                . = ALIGN (0x8)
 *fill*         0x000000002000001c        0x4 
                0x0000000020000020                PROVIDE (end = .)
                [!provide]                        PROVIDE (_end = .)
                0x0000000020000220                . = (. + _Min_Heap_Size)
 *fill*         0x0000000020000020      0x200 
                0x0000000020000620                . = (. + _Min_Stack_Size)
 *fill*         0x0000000020000220      0x400 
                0x0000000020000620                . = ALIGN (0x8)

/DISCARD/
 libc.a(*)
 libm.a(*)
 libgcc.a(*)

.ARM.attributes
                0x0000000000000000       0x2a
 *(.ARM.attributes)
 .ARM.attributes
                0x0000000000000000       0x1e /opt/st/stm32cubeide_1.3.0/plugins/com.st.stm32cube.ide.mcu.externaltools.gnu-tools-for-stm32.7-2018-q2-update.linux64_1.0.0.201904181610/tools/bin/../lib/gcc/arm-none-eabi/7.3.1/thumb/v7e-m/crti.o
 .ARM.attributes
                0x000000000000001e       0x2e /opt/st/stm32cubeide_1.3.0/plugins/com.st.stm32cube.ide.mcu.externaltools.gnu-tools-for-stm32.7-2018-q2-update.linux64_1.0.0.201904181610/tools/bin/../lib/gcc/arm-none-eabi/7.3.1/thumb/v7e-m/crtbegin.o
 .ARM.attributes
                0x000000000000004c       0x33 Src/main.o
 .ARM.attributes
                0x000000000000007f       0x21 Startup/startup_stm32f446retx.o
 .ARM.attributes
                0x00000000000000a0       0x2e /opt/st/stm32cubeide_1.3.0/plugins/com.st.stm32cube.ide.mcu.externaltools.gnu-tools-for-stm32.7-2018-q2-update.linux64_1.0.0.201904181610/tools/bin/../lib/gcc/arm-none-eabi/7.3.1/../../../../arm-none-eabi/lib/thumb/v7e-m/libc_nano.a(lib_a-init.o)
 .ARM.attributes
                0x00000000000000ce       0x1e /opt/st/stm32cubeide_1.3.0/plugins/com.st.stm32cube.ide.mcu.externaltools.gnu-tools-for-stm32.7-2018-q2-update.linux64_1.0.0.201904181610/tools/bin/../lib/gcc/arm-none-eabi/7.3.1/thumb/v7e-m/crtn.o
OUTPUT(022_task_scheduler.elf elf32-littlearm)

.debug_info     0x0000000000000000      0x97f
 .debug_info    0x0000000000000000      0x95d Src/main.o
 .debug_info    0x000000000000095d       0x22 Startup/startup_stm32f446retx.o

.debug_abbrev   0x0000000000000000      0x1df
 .debug_abbrev  0x0000000000000000      0x1cd Src/main.o
 .debug_abbrev  0x00000000000001cd       0x12 Startup/startup_stm32f446retx.o

.debug_aranges  0x0000000000000000       0x78
 .debug_aranges
                0x0000000000000000       0x50 Src/main.o
 .debug_aranges
                0x0000000000000050       0x28 Startup/startup_stm32f446retx.o

.debug_ranges   0x0000000000000000       0x60
 .debug_ranges  0x0000000000000000       0x40 Src/main.o
 .debug_ranges  0x0000000000000040       0x20 Startup/startup_stm32f446retx.o

.debug_macro    0x0000000000000000     0x1c6d
 .debug_macro   0x0000000000000000      0x206 Src/main.o
 .debug_macro   0x0000000000000206      0xa60 Src/main.o
 .debug_macro   0x0000000000000c66       0x22 Src/main.o
 .debug_macro   0x0000000000000c88       0x40 Src/main.o
 .debug_macro   0x0000000000000cc8       0x18 Src/main.o
 .debug_macro   0x0000000000000ce0       0x94 Src/main.o
 .debug_macro   0x0000000000000d74       0x3c Src/main.o
 .debug_macro   0x0000000000000db0       0x34 Src/main.o
 .debug_macro   0x0000000000000de4       0x16 Src/main.o
 .debug_macro   0x0000000000000dfa       0x57 Src/main.o
 .debug_macro   0x0000000000000e51       0x97 Src/main.o
 .debug_macro   0x0000000000000ee8      0x330 Src/main.o
 .debug_macro   0x0000000000001218       0xfd Src/main.o
 .debug_macro   0x0000000000001315       0x10 Src/main.o
 .debug_macro   0x0000000000001325       0x52 Src/main.o
 .debug_macro   0x0000000000001377       0x1f Src/main.o
 .debug_macro   0x0000000000001396       0x43 Src/main.o
 .debug_macro   0x00000000000013d9       0x20 Src/main.o
 .debug_macro   0x00000000000013f9      0x1a3 Src/main.o
 .debug_macro   0x000000000000159c       0x10 Src/main.o
 .debug_macro   0x00000000000015ac       0x6a Src/main.o
 .debug_macro   0x0000000000001616       0x1c Src/main.o
 .debug_macro   0x0000000000001632       0x52 Src/main.o
 .debug_macro   0x0000000000001684       0x40 Src/main.o
 .debug_macro   0x00000000000016c4       0x10 Src/main.o
 .debug_macro   0x00000000000016d4       0x40 Src/main.o
 .debug_macro   0x0000000000001714       0xd7 Src/main.o
 .debug_macro   0x00000000000017eb       0x1c Src/main.o
 .debug_macro   0x0000000000001807       0x3d Src/main.o
 .debug_macro   0x0000000000001844       0x16 Src/main.o
 .debug_macro   0x000000000000185a      0x145 Src/main.o
 .debug_macro   0x000000000000199f       0xef Src/main.o
 .debug_macro   0x0000000000001a8e      0x1df Src/main.o

.debug_line     0x0000000000000000      0x636
 .debug_line    0x0000000000000000      0x5b2 Src/main.o
 .debug_line    0x00000000000005b2       0x84 Startup/startup_stm32f446retx.o

.debug_str      0x0000000000000000     0x8035
 .debug_str     0x0000000000000000     0x8004 Src/main.o
                                       0x8249 (size before relaxing)
 .debug_str     0x0000000000008004       0x31 Startup/startup_stm32f446retx.o
                                         0x7f (size before relaxing)

.comment        0x0000000000000000       0x7b
 .comment       0x0000000000000000       0x7b Src/main.o
                                         0x7c (size before relaxing)

.debug_frame    0x0000000000000000      0x110
 .debug_frame   0x0000000000000000       0xe4 Src/main.o
 .debug_frame   0x00000000000000e4       0x2c /opt/st/stm32cubeide_1.3.0/plugins/com.st.stm32cube.ide.mcu.externaltools.gnu-tools-for-stm32.7-2018-q2-update.linux64_1.0.0.201904181610/tools/bin/../lib/gcc/arm-none-eabi/7.3.1/../../../../arm-none-eabi/lib/thumb/v7e-m/libc_nano.a(lib_a-init.o)
