09:43:01 **** Incremental Build of configuration Debug for project 009inline_1 ****
make -j4 all 
arm-none-eabi-gcc "../Src/main.c" -mcpu=cortex-m4 -std=gnu11 -g3 -DSTM32 -DSTM32F4 -DSTM32F446RETx -DDEBUG -c -I../Inc -O0 -ffunction-sections -fdata-sections -Wall -fstack-usage -MMD -MP -MF"Src/main.d" -MT"Src/main.o" --specs=nano.specs -mfloat-abi=soft -mthumb -o "Src/main.o"
arm-none-eabi-gcc -o "009inline_1.elf" @"objects.list"   -mcpu=cortex-m4 -T"/home/robert/Projects/Embedded-C/my_workspace/target/009inline_1/STM32F446RETX_FLASH.ld" --specs=nosys.specs -Wl,-Map="009inline_1.map" -Wl,--gc-sections -static --specs=nano.specs -mfloat-abi=soft -mthumb -Wl,--start-group -lc -lm -Wl,--end-group
Finished building target: 009inline_1.elf
 
arm-none-eabi-objdump -h -S  009inline_1.elf  > "009inline_1.list"
arm-none-eabi-objcopy  -O binary  009inline_1.elf  "009inline_1.bin"
arm-none-eabi-size   009inline_1.elf 
Finished building: 009inline_1.list
   text	   data	    bss	    dec	    hex	filename
    724	      8	   1568	   2300	    8fc	009inline_1.elf
Finished building: 009inline_1.bin
 
Finished building: default.size.stdout
 
 

09:43:02 Build Finished. 0 errors, 0 warnings. (took 594ms)

