10:13:55 **** Incremental Build of configuration Debug for project 010inline_2 ****
make -j4 all 
arm-none-eabi-gcc "../Src/main.c" -mcpu=cortex-m4 -std=gnu11 -g3 -DSTM32 -DSTM32F4 -DSTM32F446RETx -DDEBUG -c -I../Inc -O0 -ffunction-sections -fdata-sections -Wall -fstack-usage -MMD -MP -MF"Src/main.d" -MT"Src/main.o" --specs=nano.specs -mfloat-abi=soft -mthumb -o "Src/main.o"
arm-none-eabi-gcc -o "010inline_2.elf" @"objects.list"   -mcpu=cortex-m4 -T"/home/robert/Projects/Embedded-C/my_workspace/target/010inline_2/STM32F446RETX_FLASH.ld" --specs=nosys.specs -Wl,-Map="010inline_2.map" -Wl,--gc-sections -static --specs=nano.specs -mfloat-abi=soft -mthumb -Wl,--start-group -lc -lm -Wl,--end-group
Finished building target: 010inline_2.elf
 
arm-none-eabi-objdump -h -S  010inline_2.elf  > "010inline_2.list"
arm-none-eabi-objcopy  -O binary  010inline_2.elf  "010inline_2.bin"
arm-none-eabi-size   010inline_2.elf 
   text	   data	    bss	    dec	    hex	filename
    712	      8	   1568	   2288	    8f0	010inline_2.elf
Finished building: default.size.stdout
 
Finished building: 010inline_2.list
 
Finished building: 010inline_2.bin
 

10:13:55 Build Finished. 0 errors, 0 warnings. (took 546ms)

