23:25:42 **** Incremental Build of configuration Debug for project 017_interrupt_priority ****
make -j4 all 
arm-none-eabi-gcc "../Src/main.c" -mcpu=cortex-m4 -std=gnu11 -g3 -DSTM32 -DSTM32F4 -DSTM32F446RETx -DDEBUG -c -I../Inc -O0 -ffunction-sections -fdata-sections -Wall -fstack-usage -MMD -MP -MF"Src/main.d" -MT"Src/main.o" --specs=nano.specs -mfloat-abi=soft -mthumb -o "Src/main.o"
arm-none-eabi-gcc -o "017_interrupt_priority.elf" @"objects.list"   -mcpu=cortex-m4 -T"/home/robert/Projects/Embedded-C/my_workspace/target/017_interrupt_priority/STM32F446RETX_FLASH.ld" --specs=nosys.specs -Wl,-Map="017_interrupt_priority.map" -Wl,--gc-sections -static --specs=nano.specs -mfloat-abi=soft -mthumb -Wl,--start-group -lc -lm -Wl,--end-group
Finished building target: 017_interrupt_priority.elf
 
arm-none-eabi-objdump -h -S  017_interrupt_priority.elf  > "017_interrupt_priority.list"
arm-none-eabi-objcopy  -O binary  017_interrupt_priority.elf  "017_interrupt_priority.bin"
arm-none-eabi-size   017_interrupt_priority.elf 
   text	   data	    bss	    dec	    hex	filename
   3652	    120	   1584	   5356	   14ec	017_interrupt_priority.elf
Finished building: default.size.stdout
 
Finished building: 017_interrupt_priority.bin
 
Finished building: 017_interrupt_priority.list
 

23:25:43 Build Finished. 0 errors, 0 warnings. (took 586ms)

