19:28:13 **** Incremental Build of configuration Debug for project 020_SVC_demo ****
make -j4 all 
arm-none-eabi-gcc "../Src/main.c" -mcpu=cortex-m4 -std=gnu11 -g3 -DSTM32 -DSTM32F4 -DSTM32F446RETx -DDEBUG -c -I../Inc -O0 -ffunction-sections -fdata-sections -Wall -fstack-usage -MMD -MP -MF"Src/main.d" -MT"Src/main.o" --specs=nano.specs -mfloat-abi=soft -mthumb -o "Src/main.o"
arm-none-eabi-gcc -o "020_SVC_demo.elf" @"objects.list"   -mcpu=cortex-m4 -T"/home/robert/Projects/Embedded-C/my_workspace/target/020_SVC_demo/STM32F446RETX_FLASH.ld" --specs=nosys.specs -Wl,-Map="020_SVC_demo.map" -Wl,--gc-sections -static --specs=nano.specs -mfloat-abi=soft -mthumb -Wl,--start-group -lc -lm -Wl,--end-group
Finished building target: 020_SVC_demo.elf
 
arm-none-eabi-objdump -h -S  020_SVC_demo.elf  > "020_SVC_demo.list"
arm-none-eabi-objcopy  -O binary  020_SVC_demo.elf  "020_SVC_demo.bin"
arm-none-eabi-size   020_SVC_demo.elf 
   text	   data	    bss	    dec	    hex	filename
   5304	    108	   1580	   6992	   1b50	020_SVC_demo.elf
Finished building: default.size.stdout
Finished building: 020_SVC_demo.bin
 
 
Finished building: 020_SVC_demo.list
 

19:28:13 Build Finished. 0 errors, 0 warnings. (took 573ms)

