21:37:21 **** Incremental Build of configuration Debug for project 022_task_scheduler ****
make -j4 all 
arm-none-eabi-gcc "../Src/main.c" -mcpu=cortex-m4 -std=gnu11 -g3 -DSTM32 -DSTM32F4 -DSTM32F446RETx -DDEBUG -c -I../Inc -O0 -ffunction-sections -fdata-sections -Wall -fstack-usage -MMD -MP -MF"Src/main.d" -MT"Src/main.o" --specs=nano.specs -mfloat-abi=soft -mthumb -o "Src/main.o"
arm-none-eabi-gcc -o "022_task_scheduler.elf" @"objects.list"   -mcpu=cortex-m4 -T"/home/robert/Projects/Embedded-C/my_workspace/target/022_task_scheduler/STM32F446RETX_FLASH.ld" --specs=nosys.specs -Wl,-Map="022_task_scheduler.map" -Wl,--gc-sections -static --specs=nano.specs -mfloat-abi=soft -mthumb -Wl,--start-group -lc -lm -Wl,--end-group
Finished building target: 022_task_scheduler.elf
 
arm-none-eabi-objdump -h -S  022_task_scheduler.elf  > "022_task_scheduler.list"
arm-none-eabi-objcopy  -O binary  022_task_scheduler.elf  "022_task_scheduler.bin"
arm-none-eabi-size   022_task_scheduler.elf 
   text	   data	    bss	    dec	    hex	filename
    704	      8	   1568	   2280	    8e8	022_task_scheduler.elf
Finished building: default.size.stdout
Finished building: 022_task_scheduler.bin
Finished building: 022_task_scheduler.list
 
 
 

21:37:22 Build Finished. 0 errors, 0 warnings. (took 655ms)

