main.c:43:5:main	8	static
main.c:65:6:task1_handler	8	static
main.c:71:6:task2_handler	8	static
main.c:77:6:task3_handler	8	static
main.c:83:6:task4_handler	8	static
main.c:89:6:init_systick_timer	32	static
main.c:108:29:init_scheduler_stack	0	static,ignoring_inline_asm
main.c:113:6:init_tasks_stack	24	static
main.c:138:6:enable_processor_faults	16	static
main.c:146:10:get_psp_value	4	static
main.c:150:29:switch_sp_to_psp	0	static,ignoring_inline_asm
main.c:165:6:SysTick_Handler	4	static
main.c:169:6:HardFault_Handler	8	static
main.c:175:6:MemManage_Handler	8	static
main.c:181:6:BusFault_Handler	8	static
