09:53:14 **** Incremental Build of configuration Debug for project stm32f446_drivers ****
make -j4 all 
arm-none-eabi-gcc "../Src/015uart_tx_test.c" -mcpu=cortex-m4 -std=gnu11 -g3 -DSTM32 -DSTM32F4 -DSTM32F446RETx -DDEBUG -DNUCLEO_F446RE -c -I../Inc -I"/home/robert/Projects/Embedded-C/MCU drivers/target/stm32f446_drivers/drivers/inc" -O0 -ffunction-sections -fdata-sections -Wall -fstack-usage -MMD -MP -MF"Src/015uart_tx_test.d" -MT"Src/015uart_tx_test.o" --specs=nano.specs -mfloat-abi=soft -mthumb -o "Src/015uart_tx_test.o"
arm-none-eabi-gcc -o "stm32f446_drivers.elf" @"objects.list"   -mcpu=cortex-m4 -T"/home/robert/Projects/Embedded-C/MCU drivers/target/stm32f446_drivers/STM32F446RETX_FLASH.ld" --specs=nosys.specs -Wl,-Map="stm32f446_drivers.map" -Wl,--gc-sections -static --specs=nano.specs -mfloat-abi=soft -mthumb -Wl,--start-group -lc -lm -Wl,--end-group
Finished building target: stm32f446_drivers.elf
 
arm-none-eabi-objdump -h -S  stm32f446_drivers.elf  > "stm32f446_drivers.list"
arm-none-eabi-objcopy  -O binary  stm32f446_drivers.elf  "stm32f446_drivers.bin"
arm-none-eabi-size   stm32f446_drivers.elf 
   text	   data	    bss	    dec	    hex	filename
   3972	   1032	   1600	   6604	   19cc	stm32f446_drivers.elf
Finished building: default.size.stdout
Finished building: stm32f446_drivers.bin
 
Finished building: stm32f446_drivers.list
 
 
09:54:11 **** Incremental Build of configuration Debug for project stm32f446_drivers ****
make -j4 all 
arm-none-eabi-size   stm32f446_drivers.elf 
   text	   data	    bss	    dec	    hex	filename
   3972	   1032	   1600	   6604	   19cc	stm32f446_drivers.elf
Finished building: default.size.stdout
 
09:54:17 **** Incremental Build of configuration Debug for project stm32f446_drivers ****
make -j4 all 
arm-none-eabi-size   stm32f446_drivers.elf 
   text	   data	    bss	    dec	    hex	filename
   3972	   1032	   1600	   6604	   19cc	stm32f446_drivers.elf
Finished building: default.size.stdout
 
09:56:47 **** Incremental Build of configuration Debug for project stm32f446_drivers ****
make -j4 all 
arm-none-eabi-size   stm32f446_drivers.elf 
   text	   data	    bss	    dec	    hex	filename
   3972	   1032	   1600	   6604	   19cc	stm32f446_drivers.elf
Finished building: default.size.stdout
 
10:02:01 **** Incremental Build of configuration Debug for project stm32f446_drivers ****
make -j4 all 
arm-none-eabi-size   stm32f446_drivers.elf 
   text	   data	    bss	    dec	    hex	filename
   3972	   1032	   1600	   6604	   19cc	stm32f446_drivers.elf
Finished building: default.size.stdout
 
10:05:36 **** Incremental Build of configuration Debug for project stm32f446_drivers ****
make -j4 all 
arm-none-eabi-size   stm32f446_drivers.elf 
   text	   data	    bss	    dec	    hex	filename
   3972	   1032	   1600	   6604	   19cc	stm32f446_drivers.elf
Finished building: default.size.stdout
 
10:10:28 **** Incremental Build of configuration Debug for project stm32f446_drivers ****
make -j4 all 
arm-none-eabi-gcc "../drivers/src/stm32f446_usart_driver.c" -mcpu=cortex-m4 -std=gnu11 -g3 -DSTM32 -DSTM32F4 -DSTM32F446RETx -DDEBUG -DNUCLEO_F446RE -c -I../Inc -I"/home/robert/Projects/Embedded-C/MCU drivers/target/stm32f446_drivers/drivers/inc" -O0 -ffunction-sections -fdata-sections -Wall -fstack-usage -MMD -MP -MF"drivers/src/stm32f446_usart_driver.d" -MT"drivers/src/stm32f446_usart_driver.o" --specs=nano.specs -mfloat-abi=soft -mthumb -o "drivers/src/stm32f446_usart_driver.o"
arm-none-eabi-gcc -o "stm32f446_drivers.elf" @"objects.list"   -mcpu=cortex-m4 -T"/home/robert/Projects/Embedded-C/MCU drivers/target/stm32f446_drivers/STM32F446RETX_FLASH.ld" --specs=nosys.specs -Wl,-Map="stm32f446_drivers.map" -Wl,--gc-sections -static --specs=nano.specs -mfloat-abi=soft -mthumb -Wl,--start-group -lc -lm -Wl,--end-group
Finished building target: stm32f446_drivers.elf
 
arm-none-eabi-objdump -h -S  stm32f446_drivers.elf  > "stm32f446_drivers.list"
arm-none-eabi-objcopy  -O binary  stm32f446_drivers.elf  "stm32f446_drivers.bin"
arm-none-eabi-size   stm32f446_drivers.elf 
   text	   data	    bss	    dec	    hex	filename
   3980	   1032	   1600	   6612	   19d4	stm32f446_drivers.elf
Finished building: stm32f446_drivers.list
Finished building: stm32f446_drivers.bin
Finished building: default.size.stdout
 
 
 
10:11:10 **** Incremental Build of configuration Debug for project stm32f446_drivers ****
make -j4 all 
arm-none-eabi-size   stm32f446_drivers.elf 
   text	   data	    bss	    dec	    hex	filename
   3980	   1032	   1600	   6612	   19d4	stm32f446_drivers.elf
Finished building: default.size.stdout
 
10:18:48 **** Incremental Build of configuration Debug for project stm32f446_drivers ****
make -j4 all 
arm-none-eabi-size   stm32f446_drivers.elf 
   text	   data	    bss	    dec	    hex	filename
   3980	   1032	   1600	   6612	   19d4	stm32f446_drivers.elf
Finished building: default.size.stdout
 
10:41:51 **** Clean-only build of configuration Debug for project stm32f446_drivers ****
make -j4 clean 
rm -rf *
 
10:41:52 **** Incremental Build of configuration Debug for project stm32f446_drivers ****
make -j4 all 
arm-none-eabi-gcc "../drivers/src/stm32f446_gpio_driver .c" -mcpu=cortex-m4 -std=gnu11 -g3 -DSTM32 -DSTM32F4 -DSTM32F446RETx -DDEBUG -DNUCLEO_F446RE -c -I../Inc -I"/home/robert/Projects/Embedded-C/MCU drivers/target/stm32f446_drivers/drivers/inc" -O0 -ffunction-sections -fdata-sections -Wall -fstack-usage -MMD -MP -MF"drivers/src/stm32f446_gpio_driver .d" -MT"drivers/src/stm32f446_gpio_driver .o" --specs=nano.specs -mfloat-abi=soft -mthumb -o "drivers/src/stm32f446_gpio_driver .o"
arm-none-eabi-gcc "../drivers/src/stm32f446_i2c_driver.c" -mcpu=cortex-m4 -std=gnu11 -g3 -DSTM32 -DSTM32F4 -DSTM32F446RETx -DDEBUG -DNUCLEO_F446RE -c -I../Inc -I"/home/robert/Projects/Embedded-C/MCU drivers/target/stm32f446_drivers/drivers/inc" -O0 -ffunction-sections -fdata-sections -Wall -fstack-usage -MMD -MP -MF"drivers/src/stm32f446_i2c_driver.d" -MT"drivers/src/stm32f446_i2c_driver.o" --specs=nano.specs -mfloat-abi=soft -mthumb -o "drivers/src/stm32f446_i2c_driver.o"
arm-none-eabi-gcc "../drivers/src/stm32f446_rcc_driver.c" -mcpu=cortex-m4 -std=gnu11 -g3 -DSTM32 -DSTM32F4 -DSTM32F446RETx -DDEBUG -DNUCLEO_F446RE -c -I../Inc -I"/home/robert/Projects/Embedded-C/MCU drivers/target/stm32f446_drivers/drivers/inc" -O0 -ffunction-sections -fdata-sections -Wall -fstack-usage -MMD -MP -MF"drivers/src/stm32f446_rcc_driver.d" -MT"drivers/src/stm32f446_rcc_driver.o" --specs=nano.specs -mfloat-abi=soft -mthumb -o "drivers/src/stm32f446_rcc_driver.o"
arm-none-eabi-gcc "../drivers/src/stm32f446_spi_driver.c" -mcpu=cortex-m4 -std=gnu11 -g3 -DSTM32 -DSTM32F4 -DSTM32F446RETx -DDEBUG -DNUCLEO_F446RE -c -I../Inc -I"/home/robert/Projects/Embedded-C/MCU drivers/target/stm32f446_drivers/drivers/inc" -O0 -ffunction-sections -fdata-sections -Wall -fstack-usage -MMD -MP -MF"drivers/src/stm32f446_spi_driver.d" -MT"drivers/src/stm32f446_spi_driver.o" --specs=nano.specs -mfloat-abi=soft -mthumb -o "drivers/src/stm32f446_spi_driver.o"
arm-none-eabi-gcc "../drivers/src/stm32f446_usart_driver.c" -mcpu=cortex-m4 -std=gnu11 -g3 -DSTM32 -DSTM32F4 -DSTM32F446RETx -DDEBUG -DNUCLEO_F446RE -c -I../Inc -I"/home/robert/Projects/Embedded-C/MCU drivers/target/stm32f446_drivers/drivers/inc" -O0 -ffunction-sections -fdata-sections -Wall -fstack-usage -MMD -MP -MF"drivers/src/stm32f446_usart_driver.d" -MT"drivers/src/stm32f446_usart_driver.o" --specs=nano.specs -mfloat-abi=soft -mthumb -o "drivers/src/stm32f446_usart_driver.o"
arm-none-eabi-gcc -mcpu=cortex-m4 -g3 -c -x assembler-with-cpp --specs=nano.specs -mfloat-abi=soft -mthumb -o "Startup/startup_stm32f446retx.o" "../Startup/startup_stm32f446retx.s"
arm-none-eabi-gcc "../Src/015uart_tx_test.c" -mcpu=cortex-m4 -std=gnu11 -g3 -DSTM32 -DSTM32F4 -DSTM32F446RETx -DDEBUG -DNUCLEO_F446RE -c -I../Inc -I"/home/robert/Projects/Embedded-C/MCU drivers/target/stm32f446_drivers/drivers/inc" -O0 -ffunction-sections -fdata-sections -Wall -fstack-usage -MMD -MP -MF"Src/015uart_tx_test.d" -MT"Src/015uart_tx_test.o" --specs=nano.specs -mfloat-abi=soft -mthumb -o "Src/015uart_tx_test.o"
arm-none-eabi-gcc "../Src/sysmem.c" -mcpu=cortex-m4 -std=gnu11 -g3 -DSTM32 -DSTM32F4 -DSTM32F446RETx -DDEBUG -DNUCLEO_F446RE -c -I../Inc -I"/home/robert/Projects/Embedded-C/MCU drivers/target/stm32f446_drivers/drivers/inc" -O0 -ffunction-sections -fdata-sections -Wall -fstack-usage -MMD -MP -MF"Src/sysmem.d" -MT"Src/sysmem.o" --specs=nano.specs -mfloat-abi=soft -mthumb -o "Src/sysmem.o"
arm-none-eabi-gcc -o "stm32f446_drivers.elf" @"objects.list"   -mcpu=cortex-m4 -T"/home/robert/Projects/Embedded-C/MCU drivers/target/stm32f446_drivers/STM32F446RETX_FLASH.ld" --specs=nosys.specs -Wl,-Map="stm32f446_drivers.map" -Wl,--gc-sections -static --specs=nano.specs -mfloat-abi=soft -mthumb -Wl,--start-group -lc -lm -Wl,--end-group
Finished building target: stm32f446_drivers.elf
 
arm-none-eabi-size   stm32f446_drivers.elf 
arm-none-eabi-objdump -h -S  stm32f446_drivers.elf  > "stm32f446_drivers.list"
   text	   data	    bss	    dec	    hex	filename
   3976	   1032	   1600	   6608	   19d0	stm32f446_drivers.elf
arm-none-eabi-objcopy  -O binary  stm32f446_drivers.elf  "stm32f446_drivers.bin"
Finished building: default.size.stdout
 
Finished building: stm32f446_drivers.list
 
Finished building: stm32f446_drivers.bin
 
10:44:04 **** Incremental Build of configuration Debug for project stm32f446_drivers ****
make -j4 all 
arm-none-eabi-gcc "../Src/015uart_tx_test.c" -mcpu=cortex-m4 -std=gnu11 -g3 -DSTM32 -DSTM32F4 -DSTM32F446RETx -DDEBUG -DNUCLEO_F446RE -c -I../Inc -I"/home/robert/Projects/Embedded-C/MCU drivers/target/stm32f446_drivers/drivers/inc" -O0 -ffunction-sections -fdata-sections -Wall -fstack-usage -MMD -MP -MF"Src/015uart_tx_test.d" -MT"Src/015uart_tx_test.o" --specs=nano.specs -mfloat-abi=soft -mthumb -o "Src/015uart_tx_test.o"
arm-none-eabi-gcc -o "stm32f446_drivers.elf" @"objects.list"   -mcpu=cortex-m4 -T"/home/robert/Projects/Embedded-C/MCU drivers/target/stm32f446_drivers/STM32F446RETX_FLASH.ld" --specs=nosys.specs -Wl,-Map="stm32f446_drivers.map" -Wl,--gc-sections -static --specs=nano.specs -mfloat-abi=soft -mthumb -Wl,--start-group -lc -lm -Wl,--end-group
Finished building target: stm32f446_drivers.elf
 
arm-none-eabi-objdump -h -S  stm32f446_drivers.elf  > "stm32f446_drivers.list"
arm-none-eabi-objcopy  -O binary  stm32f446_drivers.elf  "stm32f446_drivers.bin"
arm-none-eabi-size   stm32f446_drivers.elf 
   text	   data	    bss	    dec	    hex	filename
   3968	   1032	   1600	   6600	   19c8	stm32f446_drivers.elf
Finished building: default.size.stdout
Finished building: stm32f446_drivers.list
 
Finished building: stm32f446_drivers.bin
 
 
10:44:15 **** Incremental Build of configuration Debug for project stm32f446_drivers ****
make -j4 all 
arm-none-eabi-size   stm32f446_drivers.elf 
   text	   data	    bss	    dec	    hex	filename
   3968	   1032	   1600	   6600	   19c8	stm32f446_drivers.elf
Finished building: default.size.stdout
 
10:44:18 **** Incremental Build of configuration Debug for project stm32f446_drivers ****
make -j4 all 
arm-none-eabi-size   stm32f446_drivers.elf 
   text	   data	    bss	    dec	    hex	filename
   3968	   1032	   1600	   6600	   19c8	stm32f446_drivers.elf
Finished building: default.size.stdout
 
10:44:25 **** Incremental Build of configuration Debug for project stm32f446_drivers ****
make -j4 all 
arm-none-eabi-size   stm32f446_drivers.elf 
   text	   data	    bss	    dec	    hex	filename
   3968	   1032	   1600	   6600	   19c8	stm32f446_drivers.elf
Finished building: default.size.stdout
 
10:45:32 **** Incremental Build of configuration Debug for project stm32f446_drivers ****
make -j4 all 
arm-none-eabi-size   stm32f446_drivers.elf 
   text	   data	    bss	    dec	    hex	filename
   3968	   1032	   1600	   6600	   19c8	stm32f446_drivers.elf
Finished building: default.size.stdout
 
10:46:23 **** Incremental Build of configuration Debug for project stm32f446_drivers ****
make -j4 all 
arm-none-eabi-size   stm32f446_drivers.elf 
   text	   data	    bss	    dec	    hex	filename
   3968	   1032	   1600	   6600	   19c8	stm32f446_drivers.elf
Finished building: default.size.stdout
 
10:47:11 **** Incremental Build of configuration Debug for project stm32f446_drivers ****
make -j4 all 
arm-none-eabi-gcc "../Src/015uart_tx_test.c" -mcpu=cortex-m4 -std=gnu11 -g3 -DSTM32 -DSTM32F4 -DSTM32F446RETx -DDEBUG -DNUCLEO_F446RE -c -I../Inc -I"/home/robert/Projects/Embedded-C/MCU drivers/target/stm32f446_drivers/drivers/inc" -O0 -ffunction-sections -fdata-sections -Wall -fstack-usage -MMD -MP -MF"Src/015uart_tx_test.d" -MT"Src/015uart_tx_test.o" --specs=nano.specs -mfloat-abi=soft -mthumb -o "Src/015uart_tx_test.o"
arm-none-eabi-gcc -o "stm32f446_drivers.elf" @"objects.list"   -mcpu=cortex-m4 -T"/home/robert/Projects/Embedded-C/MCU drivers/target/stm32f446_drivers/STM32F446RETX_FLASH.ld" --specs=nosys.specs -Wl,-Map="stm32f446_drivers.map" -Wl,--gc-sections -static --specs=nano.specs -mfloat-abi=soft -mthumb -Wl,--start-group -lc -lm -Wl,--end-group
Finished building target: stm32f446_drivers.elf
 
arm-none-eabi-objdump -h -S  stm32f446_drivers.elf  > "stm32f446_drivers.list"
arm-none-eabi-objcopy  -O binary  stm32f446_drivers.elf  "stm32f446_drivers.bin"
arm-none-eabi-size   stm32f446_drivers.elf 
   text	   data	    bss	    dec	    hex	filename
   3968	   1032	   1600	   6600	   19c8	stm32f446_drivers.elf
Finished building: stm32f446_drivers.bin
 
Finished building: default.size.stdout
 
Finished building: stm32f446_drivers.list
 
10:48:36 **** Incremental Build of configuration Debug for project stm32f446_drivers ****
make -j4 all 
arm-none-eabi-gcc "../Src/015uart_tx_test.c" -mcpu=cortex-m4 -std=gnu11 -g3 -DSTM32 -DSTM32F4 -DSTM32F446RETx -DDEBUG -DNUCLEO_F446RE -c -I../Inc -I"/home/robert/Projects/Embedded-C/MCU drivers/target/stm32f446_drivers/drivers/inc" -O0 -ffunction-sections -fdata-sections -Wall -fstack-usage -MMD -MP -MF"Src/015uart_tx_test.d" -MT"Src/015uart_tx_test.o" --specs=nano.specs -mfloat-abi=soft -mthumb -o "Src/015uart_tx_test.o"
arm-none-eabi-gcc -o "stm32f446_drivers.elf" @"objects.list"   -mcpu=cortex-m4 -T"/home/robert/Projects/Embedded-C/MCU drivers/target/stm32f446_drivers/STM32F446RETX_FLASH.ld" --specs=nosys.specs -Wl,-Map="stm32f446_drivers.map" -Wl,--gc-sections -static --specs=nano.specs -mfloat-abi=soft -mthumb -Wl,--start-group -lc -lm -Wl,--end-group
Finished building target: stm32f446_drivers.elf
 
arm-none-eabi-objdump -h -S  stm32f446_drivers.elf  > "stm32f446_drivers.list"
arm-none-eabi-objcopy  -O binary  stm32f446_drivers.elf  "stm32f446_drivers.bin"
arm-none-eabi-size   stm32f446_drivers.elf 
   text	   data	    bss	    dec	    hex	filename
   3968	   1032	   1600	   6600	   19c8	stm32f446_drivers.elf
Finished building: default.size.stdout
 
Finished building: stm32f446_drivers.list
Finished building: stm32f446_drivers.bin
 
 
10:49:02 **** Incremental Build of configuration Debug for project stm32f446_drivers ****
make -j4 all 
arm-none-eabi-size   stm32f446_drivers.elf 
   text	   data	    bss	    dec	    hex	filename
   3968	   1032	   1600	   6600	   19c8	stm32f446_drivers.elf
Finished building: default.size.stdout
 
10:50:09 **** Incremental Build of configuration Debug for project stm32f446_drivers ****
make -j4 all 
arm-none-eabi-size   stm32f446_drivers.elf 
   text	   data	    bss	    dec	    hex	filename
   3968	   1032	   1600	   6600	   19c8	stm32f446_drivers.elf
Finished building: default.size.stdout
 
10:50:25 **** Incremental Build of configuration Debug for project stm32f446_drivers ****
make -j4 all 
arm-none-eabi-size   stm32f446_drivers.elf 
   text	   data	    bss	    dec	    hex	filename
   3968	   1032	   1600	   6600	   19c8	stm32f446_drivers.elf
Finished building: default.size.stdout
 
11:02:51 **** Incremental Build of configuration Debug for project stm32f446_drivers ****
make -j4 all 
arm-none-eabi-gcc "../Src/015uart_tx_test.c" -mcpu=cortex-m4 -std=gnu11 -g3 -DSTM32 -DSTM32F4 -DSTM32F446RETx -DDEBUG -DNUCLEO_F446RE -c -I../Inc -I"/home/robert/Projects/Embedded-C/MCU drivers/target/stm32f446_drivers/drivers/inc" -O0 -ffunction-sections -fdata-sections -Wall -fstack-usage -MMD -MP -MF"Src/015uart_tx_test.d" -MT"Src/015uart_tx_test.o" --specs=nano.specs -mfloat-abi=soft -mthumb -o "Src/015uart_tx_test.o"
arm-none-eabi-gcc -o "stm32f446_drivers.elf" @"objects.list"   -mcpu=cortex-m4 -T"/home/robert/Projects/Embedded-C/MCU drivers/target/stm32f446_drivers/STM32F446RETX_FLASH.ld" --specs=nosys.specs -Wl,-Map="stm32f446_drivers.map" -Wl,--gc-sections -static --specs=nano.specs -mfloat-abi=soft -mthumb -Wl,--start-group -lc -lm -Wl,--end-group
Finished building target: stm32f446_drivers.elf
 
arm-none-eabi-objdump -h -S  stm32f446_drivers.elf  > "stm32f446_drivers.list"
arm-none-eabi-objcopy  -O binary  stm32f446_drivers.elf  "stm32f446_drivers.bin"
arm-none-eabi-size   stm32f446_drivers.elf 
   text	   data	    bss	    dec	    hex	filename
   3976	   1032	   1600	   6608	   19d0	stm32f446_drivers.elf
Finished building: stm32f446_drivers.bin
Finished building: stm32f446_drivers.list
Finished building: default.size.stdout
 
 
 
11:04:13 **** Incremental Build of configuration Debug for project stm32f446_drivers ****
make -j4 all 
arm-none-eabi-gcc "../Src/015uart_tx_test.c" -mcpu=cortex-m4 -std=gnu11 -g3 -DSTM32 -DSTM32F4 -DSTM32F446RETx -DDEBUG -DNUCLEO_F446RE -c -I../Inc -I"/home/robert/Projects/Embedded-C/MCU drivers/target/stm32f446_drivers/drivers/inc" -O0 -ffunction-sections -fdata-sections -Wall -fstack-usage -MMD -MP -MF"Src/015uart_tx_test.d" -MT"Src/015uart_tx_test.o" --specs=nano.specs -mfloat-abi=soft -mthumb -o "Src/015uart_tx_test.o"
arm-none-eabi-gcc -o "stm32f446_drivers.elf" @"objects.list"   -mcpu=cortex-m4 -T"/home/robert/Projects/Embedded-C/MCU drivers/target/stm32f446_drivers/STM32F446RETX_FLASH.ld" --specs=nosys.specs -Wl,-Map="stm32f446_drivers.map" -Wl,--gc-sections -static --specs=nano.specs -mfloat-abi=soft -mthumb -Wl,--start-group -lc -lm -Wl,--end-group
Finished building target: stm32f446_drivers.elf
 
arm-none-eabi-objdump -h -S  stm32f446_drivers.elf  > "stm32f446_drivers.list"
arm-none-eabi-objcopy  -O binary  stm32f446_drivers.elf  "stm32f446_drivers.bin"
arm-none-eabi-size   stm32f446_drivers.elf 
   text	   data	    bss	    dec	    hex	filename
   3976	   1032	   1600	   6608	   19d0	stm32f446_drivers.elf
Finished building: default.size.stdout
Finished building: stm32f446_drivers.list
Finished building: stm32f446_drivers.bin
 
 
 
