10:34:50 **** Build of configuration Debug for project stm32f446_drivers ****
make -j4 all 
arm-none-eabi-gcc "../drivers/src/stm32f446_gpio_driver .c" -mcpu=cortex-m4 -std=gnu11 -g3 -DSTM32 -DSTM32F4 -DSTM32F446RETx -DDEBUG -DNUCLEO_F446RE -c -I../Inc -I"/home/robert/Projects/Embedded-C/MCU drivers/target/stm32f446_drivers/drivers/inc" -O0 -ffunction-sections -fdata-sections -Wall -fstack-usage -MMD -MP -MF"drivers/src/stm32f446_gpio_driver .d" -MT"drivers/src/stm32f446_gpio_driver .o" --specs=nano.specs -mfloat-abi=soft -mthumb -o "drivers/src/stm32f446_gpio_driver .o"
arm-none-eabi-gcc "../drivers/src/stm32f446_i2c_driver.c" -mcpu=cortex-m4 -std=gnu11 -g3 -DSTM32 -DSTM32F4 -DSTM32F446RETx -DDEBUG -DNUCLEO_F446RE -c -I../Inc -I"/home/robert/Projects/Embedded-C/MCU drivers/target/stm32f446_drivers/drivers/inc" -O0 -ffunction-sections -fdata-sections -Wall -fstack-usage -MMD -MP -MF"drivers/src/stm32f446_i2c_driver.d" -MT"drivers/src/stm32f446_i2c_driver.o" --specs=nano.specs -mfloat-abi=soft -mthumb -o "drivers/src/stm32f446_i2c_driver.o"
arm-none-eabi-gcc "../drivers/src/stm32f446_spi_driver.c" -mcpu=cortex-m4 -std=gnu11 -g3 -DSTM32 -DSTM32F4 -DSTM32F446RETx -DDEBUG -DNUCLEO_F446RE -c -I../Inc -I"/home/robert/Projects/Embedded-C/MCU drivers/target/stm32f446_drivers/drivers/inc" -O0 -ffunction-sections -fdata-sections -Wall -fstack-usage -MMD -MP -MF"drivers/src/stm32f446_spi_driver.d" -MT"drivers/src/stm32f446_spi_driver.o" --specs=nano.specs -mfloat-abi=soft -mthumb -o "drivers/src/stm32f446_spi_driver.o"
arm-none-eabi-gcc -mcpu=cortex-m4 -g3 -c -x assembler-with-cpp --specs=nano.specs -mfloat-abi=soft -mthumb -o "Startup/startup_stm32f446retx.o" "../Startup/startup_stm32f446retx.s"
arm-none-eabi-gcc "../Src/011i2c_master_rx_test.c" -mcpu=cortex-m4 -std=gnu11 -g3 -DSTM32 -DSTM32F4 -DSTM32F446RETx -DDEBUG -DNUCLEO_F446RE -c -I../Inc -I"/home/robert/Projects/Embedded-C/MCU drivers/target/stm32f446_drivers/drivers/inc" -O0 -ffunction-sections -fdata-sections -Wall -fstack-usage -MMD -MP -MF"Src/011i2c_master_rx_test.d" -MT"Src/011i2c_master_rx_test.o" --specs=nano.specs -mfloat-abi=soft -mthumb -o "Src/011i2c_master_rx_test.o"
../drivers/src/stm32f446_i2c_driver.c: In function 'I2C_MasterSendData_IT':
../drivers/src/stm32f446_i2c_driver.c:464:1: warning: control reaches end of non-void function [-Wreturn-type]
 }
 ^
../drivers/src/stm32f446_i2c_driver.c: In function 'I2C_MasterReceiveData_IT':
../drivers/src/stm32f446_i2c_driver.c:484:1: warning: control reaches end of non-void function [-Wreturn-type]
 }
 ^
arm-none-eabi-gcc "../Src/sysmem.c" -mcpu=cortex-m4 -std=gnu11 -g3 -DSTM32 -DSTM32F4 -DSTM32F446RETx -DDEBUG -DNUCLEO_F446RE -c -I../Inc -I"/home/robert/Projects/Embedded-C/MCU drivers/target/stm32f446_drivers/drivers/inc" -O0 -ffunction-sections -fdata-sections -Wall -fstack-usage -MMD -MP -MF"Src/sysmem.d" -MT"Src/sysmem.o" --specs=nano.specs -mfloat-abi=soft -mthumb -o "Src/sysmem.o"
arm-none-eabi-gcc -o "stm32f446_drivers.elf" @"objects.list"   -mcpu=cortex-m4 -T"/home/robert/Projects/Embedded-C/MCU drivers/target/stm32f446_drivers/STM32F446RETX_FLASH.ld" --specs=nosys.specs -Wl,-Map="stm32f446_drivers.map" -Wl,--gc-sections -static -specs=rdimon.specs -lc -lrdimon --specs=nano.specs -mfloat-abi=soft -mthumb -Wl,--start-group -lc -lm -Wl,--end-group
Finished building target: stm32f446_drivers.elf
 
arm-none-eabi-size   stm32f446_drivers.elf 
arm-none-eabi-objdump -h -S  stm32f446_drivers.elf  > "stm32f446_drivers.list"
   text	   data	    bss	    dec	    hex	filename
   9684	    116	   1804	  11604	   2d54	stm32f446_drivers.elf
arm-none-eabi-objcopy  -O binary  stm32f446_drivers.elf  "stm32f446_drivers.bin"
Finished building: default.size.stdout
 
Finished building: stm32f446_drivers.bin
 
Finished building: stm32f446_drivers.list
 

10:34:51 Build Finished. 0 errors, 2 warnings. (took 875ms)

