Archive member included to satisfy reference by file (symbol)

/opt/st/stm32cubeide_1.3.0/plugins/com.st.stm32cube.ide.mcu.externaltools.gnu-tools-for-stm32.7-2018-q2-update.linux64_1.0.0.201904181610/tools/bin/../lib/gcc/arm-none-eabi/7.3.1/../../../../arm-none-eabi/lib/thumb/v7e-m/libc_nano.a(lib_a-errno.o)
                              Src/sysmem.o (__errno)
/opt/st/stm32cubeide_1.3.0/plugins/com.st.stm32cube.ide.mcu.externaltools.gnu-tools-for-stm32.7-2018-q2-update.linux64_1.0.0.201904181610/tools/bin/../lib/gcc/arm-none-eabi/7.3.1/../../../../arm-none-eabi/lib/thumb/v7e-m/libc_nano.a(lib_a-exit.o)
                              /opt/st/stm32cubeide_1.3.0/plugins/com.st.stm32cube.ide.mcu.externaltools.gnu-tools-for-stm32.7-2018-q2-update.linux64_1.0.0.201904181610/tools/bin/../lib/gcc/arm-none-eabi/7.3.1/../../../../arm-none-eabi/lib/thumb/v7e-m/crt0.o (exit)
/opt/st/stm32cubeide_1.3.0/plugins/com.st.stm32cube.ide.mcu.externaltools.gnu-tools-for-stm32.7-2018-q2-update.linux64_1.0.0.201904181610/tools/bin/../lib/gcc/arm-none-eabi/7.3.1/../../../../arm-none-eabi/lib/thumb/v7e-m/libc_nano.a(lib_a-impure.o)
                              /opt/st/stm32cubeide_1.3.0/plugins/com.st.stm32cube.ide.mcu.externaltools.gnu-tools-for-stm32.7-2018-q2-update.linux64_1.0.0.201904181610/tools/bin/../lib/gcc/arm-none-eabi/7.3.1/../../../../arm-none-eabi/lib/thumb/v7e-m/libc_nano.a(lib_a-exit.o) (_global_impure_ptr)
/opt/st/stm32cubeide_1.3.0/plugins/com.st.stm32cube.ide.mcu.externaltools.gnu-tools-for-stm32.7-2018-q2-update.linux64_1.0.0.201904181610/tools/bin/../lib/gcc/arm-none-eabi/7.3.1/../../../../arm-none-eabi/lib/thumb/v7e-m/libc_nano.a(lib_a-init.o)
                              /opt/st/stm32cubeide_1.3.0/plugins/com.st.stm32cube.ide.mcu.externaltools.gnu-tools-for-stm32.7-2018-q2-update.linux64_1.0.0.201904181610/tools/bin/../lib/gcc/arm-none-eabi/7.3.1/../../../../arm-none-eabi/lib/thumb/v7e-m/crt0.o (__libc_init_array)
/opt/st/stm32cubeide_1.3.0/plugins/com.st.stm32cube.ide.mcu.externaltools.gnu-tools-for-stm32.7-2018-q2-update.linux64_1.0.0.201904181610/tools/bin/../lib/gcc/arm-none-eabi/7.3.1/../../../../arm-none-eabi/lib/thumb/v7e-m/libc_nano.a(lib_a-memset.o)
                              /opt/st/stm32cubeide_1.3.0/plugins/com.st.stm32cube.ide.mcu.externaltools.gnu-tools-for-stm32.7-2018-q2-update.linux64_1.0.0.201904181610/tools/bin/../lib/gcc/arm-none-eabi/7.3.1/../../../../arm-none-eabi/lib/thumb/v7e-m/crt0.o (memset)
/opt/st/stm32cubeide_1.3.0/plugins/com.st.stm32cube.ide.mcu.externaltools.gnu-tools-for-stm32.7-2018-q2-update.linux64_1.0.0.201904181610/tools/bin/../lib/gcc/arm-none-eabi/7.3.1/../../../../arm-none-eabi/lib/thumb/v7e-m/libc_nano.a(lib_a-strlen.o)
                              Src/013i2c_slave_tx_string.o (strlen)
/opt/st/stm32cubeide_1.3.0/plugins/com.st.stm32cube.ide.mcu.externaltools.gnu-tools-for-stm32.7-2018-q2-update.linux64_1.0.0.201904181610/tools/bin/../lib/gcc/arm-none-eabi/7.3.1/../../../../arm-none-eabi/lib/thumb/v7e-m/libnosys.a(_exit.o)
                              /opt/st/stm32cubeide_1.3.0/plugins/com.st.stm32cube.ide.mcu.externaltools.gnu-tools-for-stm32.7-2018-q2-update.linux64_1.0.0.201904181610/tools/bin/../lib/gcc/arm-none-eabi/7.3.1/../../../../arm-none-eabi/lib/thumb/v7e-m/libc_nano.a(lib_a-exit.o) (_exit)

Allocating common symbols
Common symbol       size              file

I2C1_handle         0x30              Src/013i2c_slave_tx_string.o

Discarded input sections

 .text          0x0000000000000000        0x0 /opt/st/stm32cubeide_1.3.0/plugins/com.st.stm32cube.ide.mcu.externaltools.gnu-tools-for-stm32.7-2018-q2-update.linux64_1.0.0.201904181610/tools/bin/../lib/gcc/arm-none-eabi/7.3.1/thumb/v7e-m/crti.o
 .data          0x0000000000000000        0x0 /opt/st/stm32cubeide_1.3.0/plugins/com.st.stm32cube.ide.mcu.externaltools.gnu-tools-for-stm32.7-2018-q2-update.linux64_1.0.0.201904181610/tools/bin/../lib/gcc/arm-none-eabi/7.3.1/thumb/v7e-m/crti.o
 .bss           0x0000000000000000        0x0 /opt/st/stm32cubeide_1.3.0/plugins/com.st.stm32cube.ide.mcu.externaltools.gnu-tools-for-stm32.7-2018-q2-update.linux64_1.0.0.201904181610/tools/bin/../lib/gcc/arm-none-eabi/7.3.1/thumb/v7e-m/crti.o
 .data          0x0000000000000000        0x4 /opt/st/stm32cubeide_1.3.0/plugins/com.st.stm32cube.ide.mcu.externaltools.gnu-tools-for-stm32.7-2018-q2-update.linux64_1.0.0.201904181610/tools/bin/../lib/gcc/arm-none-eabi/7.3.1/thumb/v7e-m/crtbegin.o
 .text          0x0000000000000000       0x74 /opt/st/stm32cubeide_1.3.0/plugins/com.st.stm32cube.ide.mcu.externaltools.gnu-tools-for-stm32.7-2018-q2-update.linux64_1.0.0.201904181610/tools/bin/../lib/gcc/arm-none-eabi/7.3.1/../../../../arm-none-eabi/lib/thumb/v7e-m/crt0.o
 .data          0x0000000000000000        0x0 /opt/st/stm32cubeide_1.3.0/plugins/com.st.stm32cube.ide.mcu.externaltools.gnu-tools-for-stm32.7-2018-q2-update.linux64_1.0.0.201904181610/tools/bin/../lib/gcc/arm-none-eabi/7.3.1/../../../../arm-none-eabi/lib/thumb/v7e-m/crt0.o
 .bss           0x0000000000000000        0x0 /opt/st/stm32cubeide_1.3.0/plugins/com.st.stm32cube.ide.mcu.externaltools.gnu-tools-for-stm32.7-2018-q2-update.linux64_1.0.0.201904181610/tools/bin/../lib/gcc/arm-none-eabi/7.3.1/../../../../arm-none-eabi/lib/thumb/v7e-m/crt0.o
 .ARM.extab     0x0000000000000000        0x0 /opt/st/stm32cubeide_1.3.0/plugins/com.st.stm32cube.ide.mcu.externaltools.gnu-tools-for-stm32.7-2018-q2-update.linux64_1.0.0.201904181610/tools/bin/../lib/gcc/arm-none-eabi/7.3.1/../../../../arm-none-eabi/lib/thumb/v7e-m/crt0.o
 .ARM.exidx     0x0000000000000000        0x8 /opt/st/stm32cubeide_1.3.0/plugins/com.st.stm32cube.ide.mcu.externaltools.gnu-tools-for-stm32.7-2018-q2-update.linux64_1.0.0.201904181610/tools/bin/../lib/gcc/arm-none-eabi/7.3.1/../../../../arm-none-eabi/lib/thumb/v7e-m/crt0.o
 .ARM.attributes
                0x0000000000000000       0x1c /opt/st/stm32cubeide_1.3.0/plugins/com.st.stm32cube.ide.mcu.externaltools.gnu-tools-for-stm32.7-2018-q2-update.linux64_1.0.0.201904181610/tools/bin/../lib/gcc/arm-none-eabi/7.3.1/../../../../arm-none-eabi/lib/thumb/v7e-m/crt0.o
 .group         0x0000000000000000        0xc Src/013i2c_slave_tx_string.o
 .group         0x0000000000000000        0xc Src/013i2c_slave_tx_string.o
 .group         0x0000000000000000        0xc Src/013i2c_slave_tx_string.o
 .group         0x0000000000000000        0xc Src/013i2c_slave_tx_string.o
 .group         0x0000000000000000        0xc Src/013i2c_slave_tx_string.o
 .group         0x0000000000000000        0xc Src/013i2c_slave_tx_string.o
 .group         0x0000000000000000        0xc Src/013i2c_slave_tx_string.o
 .group         0x0000000000000000        0xc Src/013i2c_slave_tx_string.o
 .group         0x0000000000000000        0xc Src/013i2c_slave_tx_string.o
 .group         0x0000000000000000        0xc Src/013i2c_slave_tx_string.o
 .group         0x0000000000000000        0xc Src/013i2c_slave_tx_string.o
 .group         0x0000000000000000        0xc Src/013i2c_slave_tx_string.o
 .group         0x0000000000000000        0xc Src/013i2c_slave_tx_string.o
 .group         0x0000000000000000        0xc Src/013i2c_slave_tx_string.o
 .group         0x0000000000000000        0xc Src/013i2c_slave_tx_string.o
 .group         0x0000000000000000        0xc Src/013i2c_slave_tx_string.o
 .group         0x0000000000000000        0xc Src/013i2c_slave_tx_string.o
 .group         0x0000000000000000        0xc Src/013i2c_slave_tx_string.o
 .group         0x0000000000000000        0xc Src/013i2c_slave_tx_string.o
 .group         0x0000000000000000        0xc Src/013i2c_slave_tx_string.o
 .group         0x0000000000000000        0xc Src/013i2c_slave_tx_string.o
 .group         0x0000000000000000        0xc Src/013i2c_slave_tx_string.o
 .group         0x0000000000000000        0xc Src/013i2c_slave_tx_string.o
 .group         0x0000000000000000        0xc Src/013i2c_slave_tx_string.o
 .group         0x0000000000000000        0xc Src/013i2c_slave_tx_string.o
 .group         0x0000000000000000        0xc Src/013i2c_slave_tx_string.o
 .group         0x0000000000000000        0xc Src/013i2c_slave_tx_string.o
 .group         0x0000000000000000        0xc Src/013i2c_slave_tx_string.o
 .group         0x0000000000000000        0xc Src/013i2c_slave_tx_string.o
 .group         0x0000000000000000        0xc Src/013i2c_slave_tx_string.o
 .group         0x0000000000000000        0xc Src/013i2c_slave_tx_string.o
 .group         0x0000000000000000        0xc Src/013i2c_slave_tx_string.o
 .group         0x0000000000000000        0xc Src/013i2c_slave_tx_string.o
 .group         0x0000000000000000        0xc Src/013i2c_slave_tx_string.o
 .group         0x0000000000000000        0xc Src/013i2c_slave_tx_string.o
 .group         0x0000000000000000        0xc Src/013i2c_slave_tx_string.o
 .group         0x0000000000000000        0xc Src/013i2c_slave_tx_string.o
 .group         0x0000000000000000        0xc Src/013i2c_slave_tx_string.o
 .group         0x0000000000000000        0xc Src/013i2c_slave_tx_string.o
 .group         0x0000000000000000        0xc Src/013i2c_slave_tx_string.o
 .text          0x0000000000000000        0x0 Src/013i2c_slave_tx_string.o
 .data          0x0000000000000000        0x0 Src/013i2c_slave_tx_string.o
 .bss           0x0000000000000000        0x0 Src/013i2c_slave_tx_string.o
 .text.delay    0x0000000000000000       0x28 Src/013i2c_slave_tx_string.o
 .group         0x0000000000000000        0xc Src/sysmem.o
 .group         0x0000000000000000        0xc Src/sysmem.o
 .group         0x0000000000000000        0xc Src/sysmem.o
 .group         0x0000000000000000        0xc Src/sysmem.o
 .group         0x0000000000000000        0xc Src/sysmem.o
 .group         0x0000000000000000        0xc Src/sysmem.o
 .group         0x0000000000000000        0xc Src/sysmem.o
 .group         0x0000000000000000        0xc Src/sysmem.o
 .group         0x0000000000000000        0xc Src/sysmem.o
 .group         0x0000000000000000        0xc Src/sysmem.o
 .group         0x0000000000000000        0xc Src/sysmem.o
 .group         0x0000000000000000        0xc Src/sysmem.o
 .group         0x0000000000000000        0xc Src/sysmem.o
 .group         0x0000000000000000        0xc Src/sysmem.o
 .group         0x0000000000000000        0xc Src/sysmem.o
 .group         0x0000000000000000        0xc Src/sysmem.o
 .group         0x0000000000000000        0xc Src/sysmem.o
 .group         0x0000000000000000        0xc Src/sysmem.o
 .group         0x0000000000000000        0xc Src/sysmem.o
 .group         0x0000000000000000        0xc Src/sysmem.o
 .group         0x0000000000000000        0xc Src/sysmem.o
 .group         0x0000000000000000        0xc Src/sysmem.o
 .group         0x0000000000000000        0xc Src/sysmem.o
 .group         0x0000000000000000        0xc Src/sysmem.o
 .group         0x0000000000000000        0xc Src/sysmem.o
 .group         0x0000000000000000        0xc Src/sysmem.o
 .group         0x0000000000000000        0xc Src/sysmem.o
 .group         0x0000000000000000        0xc Src/sysmem.o
 .group         0x0000000000000000        0xc Src/sysmem.o
 .group         0x0000000000000000        0xc Src/sysmem.o
 .group         0x0000000000000000        0xc Src/sysmem.o
 .group         0x0000000000000000        0xc Src/sysmem.o
 .text          0x0000000000000000        0x0 Src/sysmem.o
 .data          0x0000000000000000        0x0 Src/sysmem.o
 .bss           0x0000000000000000        0x0 Src/sysmem.o
 .bss.heap_end.5149
                0x0000000000000000        0x4 Src/sysmem.o
 .text._sbrk    0x0000000000000000       0x58 Src/sysmem.o
 .debug_info    0x0000000000000000      0x91c Src/sysmem.o
 .debug_abbrev  0x0000000000000000      0x1bb Src/sysmem.o
 .debug_aranges
                0x0000000000000000       0x20 Src/sysmem.o
 .debug_ranges  0x0000000000000000       0x10 Src/sysmem.o
 .debug_macro   0x0000000000000000      0x1ae Src/sysmem.o
 .debug_macro   0x0000000000000000      0xa66 Src/sysmem.o
 .debug_macro   0x0000000000000000       0x10 Src/sysmem.o
 .debug_macro   0x0000000000000000       0x22 Src/sysmem.o
 .debug_macro   0x0000000000000000       0x40 Src/sysmem.o
 .debug_macro   0x0000000000000000       0x18 Src/sysmem.o
 .debug_macro   0x0000000000000000       0x94 Src/sysmem.o
 .debug_macro   0x0000000000000000       0x3c Src/sysmem.o
 .debug_macro   0x0000000000000000       0x34 Src/sysmem.o
 .debug_macro   0x0000000000000000      0x174 Src/sysmem.o
 .debug_macro   0x0000000000000000       0x57 Src/sysmem.o
 .debug_macro   0x0000000000000000       0x52 Src/sysmem.o
 .debug_macro   0x0000000000000000       0x1f Src/sysmem.o
 .debug_macro   0x0000000000000000       0x43 Src/sysmem.o
 .debug_macro   0x0000000000000000       0x20 Src/sysmem.o
 .debug_macro   0x0000000000000000      0x1a3 Src/sysmem.o
 .debug_macro   0x0000000000000000      0x23b Src/sysmem.o
 .debug_macro   0x0000000000000000       0x16 Src/sysmem.o
 .debug_macro   0x0000000000000000       0x35 Src/sysmem.o
 .debug_macro   0x0000000000000000      0x330 Src/sysmem.o
 .debug_macro   0x0000000000000000       0x10 Src/sysmem.o
 .debug_macro   0x0000000000000000       0x10 Src/sysmem.o
 .debug_macro   0x0000000000000000       0x6a Src/sysmem.o
 .debug_macro   0x0000000000000000       0x1c Src/sysmem.o
 .debug_macro   0x0000000000000000       0x52 Src/sysmem.o
 .debug_macro   0x0000000000000000       0x40 Src/sysmem.o
 .debug_macro   0x0000000000000000       0x10 Src/sysmem.o
 .debug_macro   0x0000000000000000       0x40 Src/sysmem.o
 .debug_macro   0x0000000000000000       0xd7 Src/sysmem.o
 .debug_macro   0x0000000000000000       0x1c Src/sysmem.o
 .debug_macro   0x0000000000000000       0x3d Src/sysmem.o
 .debug_macro   0x0000000000000000       0x16 Src/sysmem.o
 .debug_macro   0x0000000000000000      0x145 Src/sysmem.o
 .debug_line    0x0000000000000000      0x52c Src/sysmem.o
 .debug_str     0x0000000000000000     0x7af0 Src/sysmem.o
 .comment       0x0000000000000000       0x7c Src/sysmem.o
 .debug_frame   0x0000000000000000       0x34 Src/sysmem.o
 .ARM.attributes
                0x0000000000000000       0x33 Src/sysmem.o
 .text          0x0000000000000000       0x14 Startup/startup_stm32f446retx.o
 .data          0x0000000000000000        0x0 Startup/startup_stm32f446retx.o
 .bss           0x0000000000000000        0x0 Startup/startup_stm32f446retx.o
 .group         0x0000000000000000        0xc drivers/src/stm32f446_gpio_driver .o
 .group         0x0000000000000000        0xc drivers/src/stm32f446_gpio_driver .o
 .group         0x0000000000000000        0xc drivers/src/stm32f446_gpio_driver .o
 .group         0x0000000000000000        0xc drivers/src/stm32f446_gpio_driver .o
 .group         0x0000000000000000        0xc drivers/src/stm32f446_gpio_driver .o
 .group         0x0000000000000000        0xc drivers/src/stm32f446_gpio_driver .o
 .group         0x0000000000000000        0xc drivers/src/stm32f446_gpio_driver .o
 .group         0x0000000000000000        0xc drivers/src/stm32f446_gpio_driver .o
 .group         0x0000000000000000        0xc drivers/src/stm32f446_gpio_driver .o
 .group         0x0000000000000000        0xc drivers/src/stm32f446_gpio_driver .o
 .group         0x0000000000000000        0xc drivers/src/stm32f446_gpio_driver .o
 .group         0x0000000000000000        0xc drivers/src/stm32f446_gpio_driver .o
 .group         0x0000000000000000        0xc drivers/src/stm32f446_gpio_driver .o
 .text          0x0000000000000000        0x0 drivers/src/stm32f446_gpio_driver .o
 .data          0x0000000000000000        0x0 drivers/src/stm32f446_gpio_driver .o
 .bss           0x0000000000000000        0x0 drivers/src/stm32f446_gpio_driver .o
 .text.GPIO_DeInit
                0x0000000000000000      0x144 drivers/src/stm32f446_gpio_driver .o
 .text.GPIO_ReadFromInputPin
                0x0000000000000000       0x2a drivers/src/stm32f446_gpio_driver .o
 .text.GPIO_ReadFromInputPort
                0x0000000000000000       0x1a drivers/src/stm32f446_gpio_driver .o
 .text.GPIO_WriteToOutputPin
                0x0000000000000000       0x4e drivers/src/stm32f446_gpio_driver .o
 .text.GPIO_WriteToOutputPort
                0x0000000000000000       0x1c drivers/src/stm32f446_gpio_driver .o
 .text.GPIO_ToggleOutputPin
                0x0000000000000000       0x28 drivers/src/stm32f446_gpio_driver .o
 .text.GPIO_IRQInterruptConfig
                0x0000000000000000      0x108 drivers/src/stm32f446_gpio_driver .o
 .text.GPIO_IRQPriorityConfig
                0x0000000000000000       0x52 drivers/src/stm32f446_gpio_driver .o
 .text.GPIO_IRQHandling
                0x0000000000000000       0x40 drivers/src/stm32f446_gpio_driver .o
 .debug_macro   0x0000000000000000      0xa66 drivers/src/stm32f446_gpio_driver .o
 .debug_macro   0x0000000000000000      0x174 drivers/src/stm32f446_gpio_driver .o
 .debug_macro   0x0000000000000000       0x22 drivers/src/stm32f446_gpio_driver .o
 .debug_macro   0x0000000000000000       0xef drivers/src/stm32f446_gpio_driver .o
 .debug_macro   0x0000000000000000       0x6a drivers/src/stm32f446_gpio_driver .o
 .debug_macro   0x0000000000000000      0x1df drivers/src/stm32f446_gpio_driver .o
 .debug_macro   0x0000000000000000      0x841 drivers/src/stm32f446_gpio_driver .o
 .debug_macro   0x0000000000000000       0xe2 drivers/src/stm32f446_gpio_driver .o
 .debug_macro   0x0000000000000000       0xee drivers/src/stm32f446_gpio_driver .o
 .debug_macro   0x0000000000000000      0x124 drivers/src/stm32f446_gpio_driver .o
 .group         0x0000000000000000        0xc drivers/src/stm32f446_i2c_driver.o
 .group         0x0000000000000000        0xc drivers/src/stm32f446_i2c_driver.o
 .group         0x0000000000000000        0xc drivers/src/stm32f446_i2c_driver.o
 .group         0x0000000000000000        0xc drivers/src/stm32f446_i2c_driver.o
 .group         0x0000000000000000        0xc drivers/src/stm32f446_i2c_driver.o
 .group         0x0000000000000000        0xc drivers/src/stm32f446_i2c_driver.o
 .group         0x0000000000000000        0xc drivers/src/stm32f446_i2c_driver.o
 .group         0x0000000000000000        0xc drivers/src/stm32f446_i2c_driver.o
 .group         0x0000000000000000        0xc drivers/src/stm32f446_i2c_driver.o
 .group         0x0000000000000000        0xc drivers/src/stm32f446_i2c_driver.o
 .group         0x0000000000000000        0xc drivers/src/stm32f446_i2c_driver.o
 .group         0x0000000000000000        0xc drivers/src/stm32f446_i2c_driver.o
 .group         0x0000000000000000        0xc drivers/src/stm32f446_i2c_driver.o
 .text          0x0000000000000000        0x0 drivers/src/stm32f446_i2c_driver.o
 .data          0x0000000000000000        0x0 drivers/src/stm32f446_i2c_driver.o
 .bss           0x0000000000000000        0x0 drivers/src/stm32f446_i2c_driver.o
 .text.I2C_GenerateStartCondition
                0x0000000000000000       0x1e drivers/src/stm32f446_i2c_driver.o
 .text.I2C_DeInit
                0x0000000000000000       0x88 drivers/src/stm32f446_i2c_driver.o
 .text.I2C_MasterSendData
                0x0000000000000000       0xc6 drivers/src/stm32f446_i2c_driver.o
 .text.I2C_MasterReceiveData
                0x0000000000000000      0x11c drivers/src/stm32f446_i2c_driver.o
 .text.I2C_MasterSendData_IT
                0x0000000000000000       0x8a drivers/src/stm32f446_i2c_driver.o
 .text.I2C_MasterReceiveData_IT
                0x0000000000000000       0x90 drivers/src/stm32f446_i2c_driver.o
 .text.I2C_IRQPriorityConfig
                0x0000000000000000       0x52 drivers/src/stm32f446_i2c_driver.o
 .text.I2C_GetFlagStatus
                0x0000000000000000       0x26 drivers/src/stm32f446_i2c_driver.o
 .debug_macro   0x0000000000000000      0xa66 drivers/src/stm32f446_i2c_driver.o
 .debug_macro   0x0000000000000000      0x174 drivers/src/stm32f446_i2c_driver.o
 .debug_macro   0x0000000000000000       0x22 drivers/src/stm32f446_i2c_driver.o
 .debug_macro   0x0000000000000000       0x8e drivers/src/stm32f446_i2c_driver.o
 .debug_macro   0x0000000000000000       0x51 drivers/src/stm32f446_i2c_driver.o
 .debug_macro   0x0000000000000000       0xef drivers/src/stm32f446_i2c_driver.o
 .debug_macro   0x0000000000000000       0x6a drivers/src/stm32f446_i2c_driver.o
 .debug_macro   0x0000000000000000      0x1df drivers/src/stm32f446_i2c_driver.o
 .debug_macro   0x0000000000000000      0x841 drivers/src/stm32f446_i2c_driver.o
 .debug_macro   0x0000000000000000      0x124 drivers/src/stm32f446_i2c_driver.o
 .debug_macro   0x0000000000000000       0xe2 drivers/src/stm32f446_i2c_driver.o
 .debug_macro   0x0000000000000000       0xee drivers/src/stm32f446_i2c_driver.o
 .group         0x0000000000000000        0xc drivers/src/stm32f446_spi_driver.o
 .group         0x0000000000000000        0xc drivers/src/stm32f446_spi_driver.o
 .group         0x0000000000000000        0xc drivers/src/stm32f446_spi_driver.o
 .group         0x0000000000000000        0xc drivers/src/stm32f446_spi_driver.o
 .group         0x0000000000000000        0xc drivers/src/stm32f446_spi_driver.o
 .group         0x0000000000000000        0xc drivers/src/stm32f446_spi_driver.o
 .group         0x0000000000000000        0xc drivers/src/stm32f446_spi_driver.o
 .group         0x0000000000000000        0xc drivers/src/stm32f446_spi_driver.o
 .group         0x0000000000000000        0xc drivers/src/stm32f446_spi_driver.o
 .group         0x0000000000000000        0xc drivers/src/stm32f446_spi_driver.o
 .group         0x0000000000000000        0xc drivers/src/stm32f446_spi_driver.o
 .group         0x0000000000000000        0xc drivers/src/stm32f446_spi_driver.o
 .group         0x0000000000000000        0xc drivers/src/stm32f446_spi_driver.o
 .text          0x0000000000000000        0x0 drivers/src/stm32f446_spi_driver.o
 .data          0x0000000000000000        0x0 drivers/src/stm32f446_spi_driver.o
 .bss           0x0000000000000000        0x0 drivers/src/stm32f446_spi_driver.o
 .text.SPI_PeriClockControl
                0x0000000000000000       0xe4 drivers/src/stm32f446_spi_driver.o
 .text.SPI_Init
                0x0000000000000000       0xac drivers/src/stm32f446_spi_driver.o
 .text.SPI_DeInit
                0x0000000000000000       0xac drivers/src/stm32f446_spi_driver.o
 .text.SPI_GetFlagStatus
                0x0000000000000000       0x26 drivers/src/stm32f446_spi_driver.o
 .text.SPI_SendData
                0x0000000000000000       0x6c drivers/src/stm32f446_spi_driver.o
 .text.SPI_ReceiveData
                0x0000000000000000       0x6c drivers/src/stm32f446_spi_driver.o
 .text.SPI_IRQInterruptConfig
                0x0000000000000000      0x108 drivers/src/stm32f446_spi_driver.o
 .text.SPI_IRQPriorityConfig
                0x0000000000000000       0x52 drivers/src/stm32f446_spi_driver.o
 .text.SPI_IRQHandling
                0x0000000000000000       0x9a drivers/src/stm32f446_spi_driver.o
 .text.SPI_PeripheralControl
                0x0000000000000000       0x36 drivers/src/stm32f446_spi_driver.o
 .text.SPI_SSI_Config
                0x0000000000000000       0x36 drivers/src/stm32f446_spi_driver.o
 .text.SPI_SSOE_Config
                0x0000000000000000       0x36 drivers/src/stm32f446_spi_driver.o
 .text.SPI_SendData_IT
                0x0000000000000000       0x46 drivers/src/stm32f446_spi_driver.o
 .text.SPI_ReceiveData_IT
                0x0000000000000000       0x46 drivers/src/stm32f446_spi_driver.o
 .text.spi_txe_interrupt_handle
                0x0000000000000000       0x9c drivers/src/stm32f446_spi_driver.o
 .text.spi_rxne_interrupt_handle
                0x0000000000000000       0x84 drivers/src/stm32f446_spi_driver.o
 .text.spi_ovr_interrupt_handle
                0x0000000000000000       0x2a drivers/src/stm32f446_spi_driver.o
 .text.SPI_ClearOVRFlag
                0x0000000000000000       0x1e drivers/src/stm32f446_spi_driver.o
 .text.SPI_CloseTransmission
                0x0000000000000000       0x34 drivers/src/stm32f446_spi_driver.o
 .text.SPI_CloseReception
                0x0000000000000000       0x34 drivers/src/stm32f446_spi_driver.o
 .text.SPI_ApplicationEventCallback
                0x0000000000000000       0x16 drivers/src/stm32f446_spi_driver.o
 .debug_info    0x0000000000000000      0x8a3 drivers/src/stm32f446_spi_driver.o
 .debug_abbrev  0x0000000000000000      0x1b1 drivers/src/stm32f446_spi_driver.o
 .debug_aranges
                0x0000000000000000       0xc0 drivers/src/stm32f446_spi_driver.o
 .debug_ranges  0x0000000000000000       0xb0 drivers/src/stm32f446_spi_driver.o
 .debug_macro   0x0000000000000000       0xb7 drivers/src/stm32f446_spi_driver.o
 .debug_macro   0x0000000000000000      0xa66 drivers/src/stm32f446_spi_driver.o
 .debug_macro   0x0000000000000000      0x174 drivers/src/stm32f446_spi_driver.o
 .debug_macro   0x0000000000000000       0x22 drivers/src/stm32f446_spi_driver.o
 .debug_macro   0x0000000000000000       0x8e drivers/src/stm32f446_spi_driver.o
 .debug_macro   0x0000000000000000       0x51 drivers/src/stm32f446_spi_driver.o
 .debug_macro   0x0000000000000000       0xef drivers/src/stm32f446_spi_driver.o
 .debug_macro   0x0000000000000000       0x6a drivers/src/stm32f446_spi_driver.o
 .debug_macro   0x0000000000000000      0x1df drivers/src/stm32f446_spi_driver.o
 .debug_macro   0x0000000000000000      0x841 drivers/src/stm32f446_spi_driver.o
 .debug_macro   0x0000000000000000      0x124 drivers/src/stm32f446_spi_driver.o
 .debug_macro   0x0000000000000000       0xe2 drivers/src/stm32f446_spi_driver.o
 .debug_macro   0x0000000000000000       0xee drivers/src/stm32f446_spi_driver.o
 .debug_macro   0x0000000000000000       0xdc drivers/src/stm32f446_spi_driver.o
 .debug_line    0x0000000000000000      0x6b3 drivers/src/stm32f446_spi_driver.o
 .debug_str     0x0000000000000000     0x77d9 drivers/src/stm32f446_spi_driver.o
 .comment       0x0000000000000000       0x7c drivers/src/stm32f446_spi_driver.o
 .debug_frame   0x0000000000000000      0x340 drivers/src/stm32f446_spi_driver.o
 .ARM.attributes
                0x0000000000000000       0x33 drivers/src/stm32f446_spi_driver.o
 .group         0x0000000000000000        0xc drivers/src/stm32f446_usart_driver.o
 .group         0x0000000000000000        0xc drivers/src/stm32f446_usart_driver.o
 .group         0x0000000000000000        0xc drivers/src/stm32f446_usart_driver.o
 .group         0x0000000000000000        0xc drivers/src/stm32f446_usart_driver.o
 .group         0x0000000000000000        0xc drivers/src/stm32f446_usart_driver.o
 .group         0x0000000000000000        0xc drivers/src/stm32f446_usart_driver.o
 .group         0x0000000000000000        0xc drivers/src/stm32f446_usart_driver.o
 .group         0x0000000000000000        0xc drivers/src/stm32f446_usart_driver.o
 .group         0x0000000000000000        0xc drivers/src/stm32f446_usart_driver.o
 .group         0x0000000000000000        0xc drivers/src/stm32f446_usart_driver.o
 .group         0x0000000000000000        0xc drivers/src/stm32f446_usart_driver.o
 .group         0x0000000000000000        0xc drivers/src/stm32f446_usart_driver.o
 .group         0x0000000000000000        0xc drivers/src/stm32f446_usart_driver.o
 .text          0x0000000000000000        0x0 drivers/src/stm32f446_usart_driver.o
 .data          0x0000000000000000        0x0 drivers/src/stm32f446_usart_driver.o
 .bss           0x0000000000000000        0x0 drivers/src/stm32f446_usart_driver.o
 .text.USART_PeriClockControl
                0x0000000000000000      0x140 drivers/src/stm32f446_usart_driver.o
 .text.USART_Init
                0x0000000000000000       0xf6 drivers/src/stm32f446_usart_driver.o
 .text.USART_DeInit
                0x0000000000000000       0xf8 drivers/src/stm32f446_usart_driver.o
 .text.USART_SendData
                0x0000000000000000       0x9a drivers/src/stm32f446_usart_driver.o
 .text.USART_IRQInterruptConfig
                0x0000000000000000      0x108 drivers/src/stm32f446_usart_driver.o
 .text.USART_IRQPriorityConfig
                0x0000000000000000       0x52 drivers/src/stm32f446_usart_driver.o
 .text.USART_PeripheralControl
                0x0000000000000000       0x28 drivers/src/stm32f446_usart_driver.o
 .text.USART_GetFlagStatus
                0x0000000000000000       0x26 drivers/src/stm32f446_usart_driver.o
 .text.USART_ClearFlag
                0x0000000000000000       0x22 drivers/src/stm32f446_usart_driver.o
 .debug_info    0x0000000000000000      0x5bd drivers/src/stm32f446_usart_driver.o
 .debug_abbrev  0x0000000000000000      0x16c drivers/src/stm32f446_usart_driver.o
 .debug_aranges
                0x0000000000000000       0x60 drivers/src/stm32f446_usart_driver.o
 .debug_ranges  0x0000000000000000       0x50 drivers/src/stm32f446_usart_driver.o
 .debug_macro   0x0000000000000000       0xb7 drivers/src/stm32f446_usart_driver.o
 .debug_macro   0x0000000000000000      0xa66 drivers/src/stm32f446_usart_driver.o
 .debug_macro   0x0000000000000000      0x174 drivers/src/stm32f446_usart_driver.o
 .debug_macro   0x0000000000000000       0x22 drivers/src/stm32f446_usart_driver.o
 .debug_macro   0x0000000000000000       0x8e drivers/src/stm32f446_usart_driver.o
 .debug_macro   0x0000000000000000       0x51 drivers/src/stm32f446_usart_driver.o
 .debug_macro   0x0000000000000000       0xef drivers/src/stm32f446_usart_driver.o
 .debug_macro   0x0000000000000000       0x6a drivers/src/stm32f446_usart_driver.o
 .debug_macro   0x0000000000000000      0x1df drivers/src/stm32f446_usart_driver.o
 .debug_macro   0x0000000000000000      0x841 drivers/src/stm32f446_usart_driver.o
 .debug_macro   0x0000000000000000      0x124 drivers/src/stm32f446_usart_driver.o
 .debug_macro   0x0000000000000000       0xe2 drivers/src/stm32f446_usart_driver.o
 .debug_macro   0x0000000000000000       0xe2 drivers/src/stm32f446_usart_driver.o
 .debug_macro   0x0000000000000000       0xe8 drivers/src/stm32f446_usart_driver.o
 .debug_line    0x0000000000000000      0x5be drivers/src/stm32f446_usart_driver.o
 .debug_str     0x0000000000000000     0x768f drivers/src/stm32f446_usart_driver.o
 .comment       0x0000000000000000       0x7c drivers/src/stm32f446_usart_driver.o
 .debug_frame   0x0000000000000000      0x170 drivers/src/stm32f446_usart_driver.o
 .ARM.attributes
                0x0000000000000000       0x33 drivers/src/stm32f446_usart_driver.o
 .text          0x0000000000000000        0x0 /opt/st/stm32cubeide_1.3.0/plugins/com.st.stm32cube.ide.mcu.externaltools.gnu-tools-for-stm32.7-2018-q2-update.linux64_1.0.0.201904181610/tools/bin/../lib/gcc/arm-none-eabi/7.3.1/../../../../arm-none-eabi/lib/thumb/v7e-m/libc_nano.a(lib_a-errno.o)
 .data          0x0000000000000000        0x0 /opt/st/stm32cubeide_1.3.0/plugins/com.st.stm32cube.ide.mcu.externaltools.gnu-tools-for-stm32.7-2018-q2-update.linux64_1.0.0.201904181610/tools/bin/../lib/gcc/arm-none-eabi/7.3.1/../../../../arm-none-eabi/lib/thumb/v7e-m/libc_nano.a(lib_a-errno.o)
 .bss           0x0000000000000000        0x0 /opt/st/stm32cubeide_1.3.0/plugins/com.st.stm32cube.ide.mcu.externaltools.gnu-tools-for-stm32.7-2018-q2-update.linux64_1.0.0.201904181610/tools/bin/../lib/gcc/arm-none-eabi/7.3.1/../../../../arm-none-eabi/lib/thumb/v7e-m/libc_nano.a(lib_a-errno.o)
 .text.__errno  0x0000000000000000        0xc /opt/st/stm32cubeide_1.3.0/plugins/com.st.stm32cube.ide.mcu.externaltools.gnu-tools-for-stm32.7-2018-q2-update.linux64_1.0.0.201904181610/tools/bin/../lib/gcc/arm-none-eabi/7.3.1/../../../../arm-none-eabi/lib/thumb/v7e-m/libc_nano.a(lib_a-errno.o)
 .debug_frame   0x0000000000000000       0x20 /opt/st/stm32cubeide_1.3.0/plugins/com.st.stm32cube.ide.mcu.externaltools.gnu-tools-for-stm32.7-2018-q2-update.linux64_1.0.0.201904181610/tools/bin/../lib/gcc/arm-none-eabi/7.3.1/../../../../arm-none-eabi/lib/thumb/v7e-m/libc_nano.a(lib_a-errno.o)
 .ARM.attributes
                0x0000000000000000       0x2e /opt/st/stm32cubeide_1.3.0/plugins/com.st.stm32cube.ide.mcu.externaltools.gnu-tools-for-stm32.7-2018-q2-update.linux64_1.0.0.201904181610/tools/bin/../lib/gcc/arm-none-eabi/7.3.1/../../../../arm-none-eabi/lib/thumb/v7e-m/libc_nano.a(lib_a-errno.o)
 .text          0x0000000000000000        0x0 /opt/st/stm32cubeide_1.3.0/plugins/com.st.stm32cube.ide.mcu.externaltools.gnu-tools-for-stm32.7-2018-q2-update.linux64_1.0.0.201904181610/tools/bin/../lib/gcc/arm-none-eabi/7.3.1/../../../../arm-none-eabi/lib/thumb/v7e-m/libc_nano.a(lib_a-exit.o)
 .data          0x0000000000000000        0x0 /opt/st/stm32cubeide_1.3.0/plugins/com.st.stm32cube.ide.mcu.externaltools.gnu-tools-for-stm32.7-2018-q2-update.linux64_1.0.0.201904181610/tools/bin/../lib/gcc/arm-none-eabi/7.3.1/../../../../arm-none-eabi/lib/thumb/v7e-m/libc_nano.a(lib_a-exit.o)
 .bss           0x0000000000000000        0x0 /opt/st/stm32cubeide_1.3.0/plugins/com.st.stm32cube.ide.mcu.externaltools.gnu-tools-for-stm32.7-2018-q2-update.linux64_1.0.0.201904181610/tools/bin/../lib/gcc/arm-none-eabi/7.3.1/../../../../arm-none-eabi/lib/thumb/v7e-m/libc_nano.a(lib_a-exit.o)
 .text.exit     0x0000000000000000       0x28 /opt/st/stm32cubeide_1.3.0/plugins/com.st.stm32cube.ide.mcu.externaltools.gnu-tools-for-stm32.7-2018-q2-update.linux64_1.0.0.201904181610/tools/bin/../lib/gcc/arm-none-eabi/7.3.1/../../../../arm-none-eabi/lib/thumb/v7e-m/libc_nano.a(lib_a-exit.o)
 .debug_frame   0x0000000000000000       0x28 /opt/st/stm32cubeide_1.3.0/plugins/com.st.stm32cube.ide.mcu.externaltools.gnu-tools-for-stm32.7-2018-q2-update.linux64_1.0.0.201904181610/tools/bin/../lib/gcc/arm-none-eabi/7.3.1/../../../../arm-none-eabi/lib/thumb/v7e-m/libc_nano.a(lib_a-exit.o)
 .ARM.attributes
                0x0000000000000000       0x2e /opt/st/stm32cubeide_1.3.0/plugins/com.st.stm32cube.ide.mcu.externaltools.gnu-tools-for-stm32.7-2018-q2-update.linux64_1.0.0.201904181610/tools/bin/../lib/gcc/arm-none-eabi/7.3.1/../../../../arm-none-eabi/lib/thumb/v7e-m/libc_nano.a(lib_a-exit.o)
 .text          0x0000000000000000        0x0 /opt/st/stm32cubeide_1.3.0/plugins/com.st.stm32cube.ide.mcu.externaltools.gnu-tools-for-stm32.7-2018-q2-update.linux64_1.0.0.201904181610/tools/bin/../lib/gcc/arm-none-eabi/7.3.1/../../../../arm-none-eabi/lib/thumb/v7e-m/libc_nano.a(lib_a-impure.o)
 .data          0x0000000000000000        0x0 /opt/st/stm32cubeide_1.3.0/plugins/com.st.stm32cube.ide.mcu.externaltools.gnu-tools-for-stm32.7-2018-q2-update.linux64_1.0.0.201904181610/tools/bin/../lib/gcc/arm-none-eabi/7.3.1/../../../../arm-none-eabi/lib/thumb/v7e-m/libc_nano.a(lib_a-impure.o)
 .bss           0x0000000000000000        0x0 /opt/st/stm32cubeide_1.3.0/plugins/com.st.stm32cube.ide.mcu.externaltools.gnu-tools-for-stm32.7-2018-q2-update.linux64_1.0.0.201904181610/tools/bin/../lib/gcc/arm-none-eabi/7.3.1/../../../../arm-none-eabi/lib/thumb/v7e-m/libc_nano.a(lib_a-impure.o)
 .data._impure_ptr
                0x0000000000000000        0x4 /opt/st/stm32cubeide_1.3.0/plugins/com.st.stm32cube.ide.mcu.externaltools.gnu-tools-for-stm32.7-2018-q2-update.linux64_1.0.0.201904181610/tools/bin/../lib/gcc/arm-none-eabi/7.3.1/../../../../arm-none-eabi/lib/thumb/v7e-m/libc_nano.a(lib_a-impure.o)
 .data.impure_data
                0x0000000000000000       0x60 /opt/st/stm32cubeide_1.3.0/plugins/com.st.stm32cube.ide.mcu.externaltools.gnu-tools-for-stm32.7-2018-q2-update.linux64_1.0.0.201904181610/tools/bin/../lib/gcc/arm-none-eabi/7.3.1/../../../../arm-none-eabi/lib/thumb/v7e-m/libc_nano.a(lib_a-impure.o)
 .rodata._global_impure_ptr
                0x0000000000000000        0x4 /opt/st/stm32cubeide_1.3.0/plugins/com.st.stm32cube.ide.mcu.externaltools.gnu-tools-for-stm32.7-2018-q2-update.linux64_1.0.0.201904181610/tools/bin/../lib/gcc/arm-none-eabi/7.3.1/../../../../arm-none-eabi/lib/thumb/v7e-m/libc_nano.a(lib_a-impure.o)
 .ARM.attributes
                0x0000000000000000       0x2e /opt/st/stm32cubeide_1.3.0/plugins/com.st.stm32cube.ide.mcu.externaltools.gnu-tools-for-stm32.7-2018-q2-update.linux64_1.0.0.201904181610/tools/bin/../lib/gcc/arm-none-eabi/7.3.1/../../../../arm-none-eabi/lib/thumb/v7e-m/libc_nano.a(lib_a-impure.o)
 .text          0x0000000000000000        0x0 /opt/st/stm32cubeide_1.3.0/plugins/com.st.stm32cube.ide.mcu.externaltools.gnu-tools-for-stm32.7-2018-q2-update.linux64_1.0.0.201904181610/tools/bin/../lib/gcc/arm-none-eabi/7.3.1/../../../../arm-none-eabi/lib/thumb/v7e-m/libc_nano.a(lib_a-init.o)
 .data          0x0000000000000000        0x0 /opt/st/stm32cubeide_1.3.0/plugins/com.st.stm32cube.ide.mcu.externaltools.gnu-tools-for-stm32.7-2018-q2-update.linux64_1.0.0.201904181610/tools/bin/../lib/gcc/arm-none-eabi/7.3.1/../../../../arm-none-eabi/lib/thumb/v7e-m/libc_nano.a(lib_a-init.o)
 .bss           0x0000000000000000        0x0 /opt/st/stm32cubeide_1.3.0/plugins/com.st.stm32cube.ide.mcu.externaltools.gnu-tools-for-stm32.7-2018-q2-update.linux64_1.0.0.201904181610/tools/bin/../lib/gcc/arm-none-eabi/7.3.1/../../../../arm-none-eabi/lib/thumb/v7e-m/libc_nano.a(lib_a-init.o)
 .text          0x0000000000000000        0x0 /opt/st/stm32cubeide_1.3.0/plugins/com.st.stm32cube.ide.mcu.externaltools.gnu-tools-for-stm32.7-2018-q2-update.linux64_1.0.0.201904181610/tools/bin/../lib/gcc/arm-none-eabi/7.3.1/../../../../arm-none-eabi/lib/thumb/v7e-m/libc_nano.a(lib_a-memset.o)
 .data          0x0000000000000000        0x0 /opt/st/stm32cubeide_1.3.0/plugins/com.st.stm32cube.ide.mcu.externaltools.gnu-tools-for-stm32.7-2018-q2-update.linux64_1.0.0.201904181610/tools/bin/../lib/gcc/arm-none-eabi/7.3.1/../../../../arm-none-eabi/lib/thumb/v7e-m/libc_nano.a(lib_a-memset.o)
 .bss           0x0000000000000000        0x0 /opt/st/stm32cubeide_1.3.0/plugins/com.st.stm32cube.ide.mcu.externaltools.gnu-tools-for-stm32.7-2018-q2-update.linux64_1.0.0.201904181610/tools/bin/../lib/gcc/arm-none-eabi/7.3.1/../../../../arm-none-eabi/lib/thumb/v7e-m/libc_nano.a(lib_a-memset.o)
 .text.memset   0x0000000000000000       0x10 /opt/st/stm32cubeide_1.3.0/plugins/com.st.stm32cube.ide.mcu.externaltools.gnu-tools-for-stm32.7-2018-q2-update.linux64_1.0.0.201904181610/tools/bin/../lib/gcc/arm-none-eabi/7.3.1/../../../../arm-none-eabi/lib/thumb/v7e-m/libc_nano.a(lib_a-memset.o)
 .debug_frame   0x0000000000000000       0x20 /opt/st/stm32cubeide_1.3.0/plugins/com.st.stm32cube.ide.mcu.externaltools.gnu-tools-for-stm32.7-2018-q2-update.linux64_1.0.0.201904181610/tools/bin/../lib/gcc/arm-none-eabi/7.3.1/../../../../arm-none-eabi/lib/thumb/v7e-m/libc_nano.a(lib_a-memset.o)
 .ARM.attributes
                0x0000000000000000       0x2e /opt/st/stm32cubeide_1.3.0/plugins/com.st.stm32cube.ide.mcu.externaltools.gnu-tools-for-stm32.7-2018-q2-update.linux64_1.0.0.201904181610/tools/bin/../lib/gcc/arm-none-eabi/7.3.1/../../../../arm-none-eabi/lib/thumb/v7e-m/libc_nano.a(lib_a-memset.o)
 .data          0x0000000000000000        0x0 /opt/st/stm32cubeide_1.3.0/plugins/com.st.stm32cube.ide.mcu.externaltools.gnu-tools-for-stm32.7-2018-q2-update.linux64_1.0.0.201904181610/tools/bin/../lib/gcc/arm-none-eabi/7.3.1/../../../../arm-none-eabi/lib/thumb/v7e-m/libc_nano.a(lib_a-strlen.o)
 .bss           0x0000000000000000        0x0 /opt/st/stm32cubeide_1.3.0/plugins/com.st.stm32cube.ide.mcu.externaltools.gnu-tools-for-stm32.7-2018-q2-update.linux64_1.0.0.201904181610/tools/bin/../lib/gcc/arm-none-eabi/7.3.1/../../../../arm-none-eabi/lib/thumb/v7e-m/libc_nano.a(lib_a-strlen.o)
 .text          0x0000000000000000        0x0 /opt/st/stm32cubeide_1.3.0/plugins/com.st.stm32cube.ide.mcu.externaltools.gnu-tools-for-stm32.7-2018-q2-update.linux64_1.0.0.201904181610/tools/bin/../lib/gcc/arm-none-eabi/7.3.1/../../../../arm-none-eabi/lib/thumb/v7e-m/libnosys.a(_exit.o)
 .data          0x0000000000000000        0x0 /opt/st/stm32cubeide_1.3.0/plugins/com.st.stm32cube.ide.mcu.externaltools.gnu-tools-for-stm32.7-2018-q2-update.linux64_1.0.0.201904181610/tools/bin/../lib/gcc/arm-none-eabi/7.3.1/../../../../arm-none-eabi/lib/thumb/v7e-m/libnosys.a(_exit.o)
 .bss           0x0000000000000000        0x0 /opt/st/stm32cubeide_1.3.0/plugins/com.st.stm32cube.ide.mcu.externaltools.gnu-tools-for-stm32.7-2018-q2-update.linux64_1.0.0.201904181610/tools/bin/../lib/gcc/arm-none-eabi/7.3.1/../../../../arm-none-eabi/lib/thumb/v7e-m/libnosys.a(_exit.o)
 .text._exit    0x0000000000000000        0x2 /opt/st/stm32cubeide_1.3.0/plugins/com.st.stm32cube.ide.mcu.externaltools.gnu-tools-for-stm32.7-2018-q2-update.linux64_1.0.0.201904181610/tools/bin/../lib/gcc/arm-none-eabi/7.3.1/../../../../arm-none-eabi/lib/thumb/v7e-m/libnosys.a(_exit.o)
 .debug_frame   0x0000000000000000       0x20 /opt/st/stm32cubeide_1.3.0/plugins/com.st.stm32cube.ide.mcu.externaltools.gnu-tools-for-stm32.7-2018-q2-update.linux64_1.0.0.201904181610/tools/bin/../lib/gcc/arm-none-eabi/7.3.1/../../../../arm-none-eabi/lib/thumb/v7e-m/libnosys.a(_exit.o)
 .ARM.attributes
                0x0000000000000000       0x2e /opt/st/stm32cubeide_1.3.0/plugins/com.st.stm32cube.ide.mcu.externaltools.gnu-tools-for-stm32.7-2018-q2-update.linux64_1.0.0.201904181610/tools/bin/../lib/gcc/arm-none-eabi/7.3.1/../../../../arm-none-eabi/lib/thumb/v7e-m/libnosys.a(_exit.o)
 .text          0x0000000000000000        0x0 /opt/st/stm32cubeide_1.3.0/plugins/com.st.stm32cube.ide.mcu.externaltools.gnu-tools-for-stm32.7-2018-q2-update.linux64_1.0.0.201904181610/tools/bin/../lib/gcc/arm-none-eabi/7.3.1/thumb/v7e-m/crtend.o
 .data          0x0000000000000000        0x0 /opt/st/stm32cubeide_1.3.0/plugins/com.st.stm32cube.ide.mcu.externaltools.gnu-tools-for-stm32.7-2018-q2-update.linux64_1.0.0.201904181610/tools/bin/../lib/gcc/arm-none-eabi/7.3.1/thumb/v7e-m/crtend.o
 .bss           0x0000000000000000        0x0 /opt/st/stm32cubeide_1.3.0/plugins/com.st.stm32cube.ide.mcu.externaltools.gnu-tools-for-stm32.7-2018-q2-update.linux64_1.0.0.201904181610/tools/bin/../lib/gcc/arm-none-eabi/7.3.1/thumb/v7e-m/crtend.o
 .eh_frame      0x0000000000000000        0x4 /opt/st/stm32cubeide_1.3.0/plugins/com.st.stm32cube.ide.mcu.externaltools.gnu-tools-for-stm32.7-2018-q2-update.linux64_1.0.0.201904181610/tools/bin/../lib/gcc/arm-none-eabi/7.3.1/thumb/v7e-m/crtend.o
 .ARM.attributes
                0x0000000000000000       0x2e /opt/st/stm32cubeide_1.3.0/plugins/com.st.stm32cube.ide.mcu.externaltools.gnu-tools-for-stm32.7-2018-q2-update.linux64_1.0.0.201904181610/tools/bin/../lib/gcc/arm-none-eabi/7.3.1/thumb/v7e-m/crtend.o
 .text          0x0000000000000000        0x0 /opt/st/stm32cubeide_1.3.0/plugins/com.st.stm32cube.ide.mcu.externaltools.gnu-tools-for-stm32.7-2018-q2-update.linux64_1.0.0.201904181610/tools/bin/../lib/gcc/arm-none-eabi/7.3.1/thumb/v7e-m/crtn.o
 .data          0x0000000000000000        0x0 /opt/st/stm32cubeide_1.3.0/plugins/com.st.stm32cube.ide.mcu.externaltools.gnu-tools-for-stm32.7-2018-q2-update.linux64_1.0.0.201904181610/tools/bin/../lib/gcc/arm-none-eabi/7.3.1/thumb/v7e-m/crtn.o
 .bss           0x0000000000000000        0x0 /opt/st/stm32cubeide_1.3.0/plugins/com.st.stm32cube.ide.mcu.externaltools.gnu-tools-for-stm32.7-2018-q2-update.linux64_1.0.0.201904181610/tools/bin/../lib/gcc/arm-none-eabi/7.3.1/thumb/v7e-m/crtn.o

Memory Configuration

Name             Origin             Length             Attributes
RAM              0x0000000020000000 0x0000000000020000 xrw
ROM              0x0000000008000000 0x0000000000080000 xr
*default*        0x0000000000000000 0xffffffffffffffff

Linker script and memory map

LOAD /opt/st/stm32cubeide_1.3.0/plugins/com.st.stm32cube.ide.mcu.externaltools.gnu-tools-for-stm32.7-2018-q2-update.linux64_1.0.0.201904181610/tools/bin/../lib/gcc/arm-none-eabi/7.3.1/thumb/v7e-m/crti.o
LOAD /opt/st/stm32cubeide_1.3.0/plugins/com.st.stm32cube.ide.mcu.externaltools.gnu-tools-for-stm32.7-2018-q2-update.linux64_1.0.0.201904181610/tools/bin/../lib/gcc/arm-none-eabi/7.3.1/thumb/v7e-m/crtbegin.o
LOAD /opt/st/stm32cubeide_1.3.0/plugins/com.st.stm32cube.ide.mcu.externaltools.gnu-tools-for-stm32.7-2018-q2-update.linux64_1.0.0.201904181610/tools/bin/../lib/gcc/arm-none-eabi/7.3.1/../../../../arm-none-eabi/lib/thumb/v7e-m/crt0.o
LOAD Src/013i2c_slave_tx_string.o
LOAD Src/sysmem.o
LOAD Startup/startup_stm32f446retx.o
LOAD drivers/src/stm32f446_gpio_driver .o
LOAD drivers/src/stm32f446_i2c_driver.o
LOAD drivers/src/stm32f446_spi_driver.o
LOAD drivers/src/stm32f446_usart_driver.o
START GROUP
LOAD /opt/st/stm32cubeide_1.3.0/plugins/com.st.stm32cube.ide.mcu.externaltools.gnu-tools-for-stm32.7-2018-q2-update.linux64_1.0.0.201904181610/tools/bin/../lib/gcc/arm-none-eabi/7.3.1/../../../../arm-none-eabi/lib/thumb/v7e-m/libc_nano.a
LOAD /opt/st/stm32cubeide_1.3.0/plugins/com.st.stm32cube.ide.mcu.externaltools.gnu-tools-for-stm32.7-2018-q2-update.linux64_1.0.0.201904181610/tools/bin/../lib/gcc/arm-none-eabi/7.3.1/../../../../arm-none-eabi/lib/thumb/v7e-m/libm.a
END GROUP
START GROUP
LOAD /opt/st/stm32cubeide_1.3.0/plugins/com.st.stm32cube.ide.mcu.externaltools.gnu-tools-for-stm32.7-2018-q2-update.linux64_1.0.0.201904181610/tools/bin/../lib/gcc/arm-none-eabi/7.3.1/thumb/v7e-m/libgcc.a
LOAD /opt/st/stm32cubeide_1.3.0/plugins/com.st.stm32cube.ide.mcu.externaltools.gnu-tools-for-stm32.7-2018-q2-update.linux64_1.0.0.201904181610/tools/bin/../lib/gcc/arm-none-eabi/7.3.1/../../../../arm-none-eabi/lib/thumb/v7e-m/libc_nano.a
END GROUP
START GROUP
LOAD /opt/st/stm32cubeide_1.3.0/plugins/com.st.stm32cube.ide.mcu.externaltools.gnu-tools-for-stm32.7-2018-q2-update.linux64_1.0.0.201904181610/tools/bin/../lib/gcc/arm-none-eabi/7.3.1/thumb/v7e-m/libgcc.a
LOAD /opt/st/stm32cubeide_1.3.0/plugins/com.st.stm32cube.ide.mcu.externaltools.gnu-tools-for-stm32.7-2018-q2-update.linux64_1.0.0.201904181610/tools/bin/../lib/gcc/arm-none-eabi/7.3.1/../../../../arm-none-eabi/lib/thumb/v7e-m/libc_nano.a
LOAD /opt/st/stm32cubeide_1.3.0/plugins/com.st.stm32cube.ide.mcu.externaltools.gnu-tools-for-stm32.7-2018-q2-update.linux64_1.0.0.201904181610/tools/bin/../lib/gcc/arm-none-eabi/7.3.1/../../../../arm-none-eabi/lib/thumb/v7e-m/libnosys.a
END GROUP
START GROUP
LOAD /opt/st/stm32cubeide_1.3.0/plugins/com.st.stm32cube.ide.mcu.externaltools.gnu-tools-for-stm32.7-2018-q2-update.linux64_1.0.0.201904181610/tools/bin/../lib/gcc/arm-none-eabi/7.3.1/thumb/v7e-m/libgcc.a
LOAD /opt/st/stm32cubeide_1.3.0/plugins/com.st.stm32cube.ide.mcu.externaltools.gnu-tools-for-stm32.7-2018-q2-update.linux64_1.0.0.201904181610/tools/bin/../lib/gcc/arm-none-eabi/7.3.1/../../../../arm-none-eabi/lib/thumb/v7e-m/libc_nano.a
LOAD /opt/st/stm32cubeide_1.3.0/plugins/com.st.stm32cube.ide.mcu.externaltools.gnu-tools-for-stm32.7-2018-q2-update.linux64_1.0.0.201904181610/tools/bin/../lib/gcc/arm-none-eabi/7.3.1/../../../../arm-none-eabi/lib/thumb/v7e-m/libnosys.a
END GROUP
LOAD /opt/st/stm32cubeide_1.3.0/plugins/com.st.stm32cube.ide.mcu.externaltools.gnu-tools-for-stm32.7-2018-q2-update.linux64_1.0.0.201904181610/tools/bin/../lib/gcc/arm-none-eabi/7.3.1/thumb/v7e-m/crtend.o
LOAD /opt/st/stm32cubeide_1.3.0/plugins/com.st.stm32cube.ide.mcu.externaltools.gnu-tools-for-stm32.7-2018-q2-update.linux64_1.0.0.201904181610/tools/bin/../lib/gcc/arm-none-eabi/7.3.1/thumb/v7e-m/crtn.o
                0x0000000020020000                _estack = (ORIGIN (RAM) + LENGTH (RAM))
                0x0000000000000200                _Min_Heap_Size = 0x200
                0x0000000000000400                _Min_Stack_Size = 0x400

.isr_vector     0x0000000008000000      0x1c4
                0x0000000008000000                . = ALIGN (0x4)
 *(.isr_vector)
 .isr_vector    0x0000000008000000      0x1c4 Startup/startup_stm32f446retx.o
                0x0000000008000000                g_pfnVectors
                0x00000000080001c4                . = ALIGN (0x4)

.text           0x00000000080001c4     0x1248
                0x00000000080001c4                . = ALIGN (0x4)
 *(.text)
 .text          0x00000000080001c4       0x40 /opt/st/stm32cubeide_1.3.0/plugins/com.st.stm32cube.ide.mcu.externaltools.gnu-tools-for-stm32.7-2018-q2-update.linux64_1.0.0.201904181610/tools/bin/../lib/gcc/arm-none-eabi/7.3.1/thumb/v7e-m/crtbegin.o
 .text          0x0000000008000204       0x10 /opt/st/stm32cubeide_1.3.0/plugins/com.st.stm32cube.ide.mcu.externaltools.gnu-tools-for-stm32.7-2018-q2-update.linux64_1.0.0.201904181610/tools/bin/../lib/gcc/arm-none-eabi/7.3.1/../../../../arm-none-eabi/lib/thumb/v7e-m/libc_nano.a(lib_a-strlen.o)
                0x0000000008000204                strlen
 *(.text*)
 .text.GPIO_Button_Init
                0x0000000008000214       0x30 Src/013i2c_slave_tx_string.o
                0x0000000008000214                GPIO_Button_Init
 .text.I2C1_GPIOInits
                0x0000000008000244       0x4c Src/013i2c_slave_tx_string.o
                0x0000000008000244                I2C1_GPIOInits
 .text.I2C1_Inits
                0x0000000008000290       0x38 Src/013i2c_slave_tx_string.o
                0x0000000008000290                I2C1_Inits
 .text.main     0x00000000080002c8       0x38 Src/013i2c_slave_tx_string.o
                0x00000000080002c8                main
 .text.I2C1_EV_IRQHandler
                0x0000000008000300       0x14 Src/013i2c_slave_tx_string.o
                0x0000000008000300                I2C1_EV_IRQHandler
 .text.I2C1_ER_IRQHandler
                0x0000000008000314       0x14 Src/013i2c_slave_tx_string.o
                0x0000000008000314                I2C1_ER_IRQHandler
 .text.I2C_ApplicationEventCallback
                0x0000000008000328       0x98 Src/013i2c_slave_tx_string.o
                0x0000000008000328                I2C_ApplicationEventCallback
 .text.Reset_Handler
                0x00000000080003c0       0x50 Startup/startup_stm32f446retx.o
                0x00000000080003c0                Reset_Handler
 .text.Default_Handler
                0x0000000008000410        0x2 Startup/startup_stm32f446retx.o
                0x0000000008000410                RTC_Alarm_IRQHandler
                0x0000000008000410                EXTI2_IRQHandler
                0x0000000008000410                TIM8_CC_IRQHandler
                0x0000000008000410                SPDIF_Rx_IRQHandler
                0x0000000008000410                DebugMon_Handler
                0x0000000008000410                SPI4_IRQHandler
                0x0000000008000410                TIM1_CC_IRQHandler
                0x0000000008000410                QuadSPI_IRQHandler
                0x0000000008000410                DMA2_Stream5_IRQHandler
                0x0000000008000410                HardFault_Handler
                0x0000000008000410                DMA1_Stream5_IRQHandler
                0x0000000008000410                SysTick_Handler
                0x0000000008000410                PVD_IRQHandler
                0x0000000008000410                SDIO_IRQHandler
                0x0000000008000410                TAMP_STAMP_IRQHandler
                0x0000000008000410                PendSV_Handler
                0x0000000008000410                NMI_Handler
                0x0000000008000410                CAN2_RX1_IRQHandler
                0x0000000008000410                EXTI3_IRQHandler
                0x0000000008000410                TIM8_TRG_COM_TIM14_IRQHandler
                0x0000000008000410                TIM1_UP_TIM10_IRQHandler
                0x0000000008000410                FMPI2C1_error_IRQHandler
                0x0000000008000410                TIM8_UP_TIM13_IRQHandler
                0x0000000008000410                I2C3_ER_IRQHandler
                0x0000000008000410                EXTI0_IRQHandler
                0x0000000008000410                I2C2_EV_IRQHandler
                0x0000000008000410                DMA1_Stream2_IRQHandler
                0x0000000008000410                CAN1_RX0_IRQHandler
                0x0000000008000410                FPU_IRQHandler
                0x0000000008000410                OTG_HS_WKUP_IRQHandler
                0x0000000008000410                UsageFault_Handler
                0x0000000008000410                CAN2_SCE_IRQHandler
                0x0000000008000410                DMA2_Stream2_IRQHandler
                0x0000000008000410                SPI1_IRQHandler
                0x0000000008000410                TIM6_DAC_IRQHandler
                0x0000000008000410                TIM1_BRK_TIM9_IRQHandler
                0x0000000008000410                DCMI_IRQHandler
                0x0000000008000410                CAN2_RX0_IRQHandler
                0x0000000008000410                DMA2_Stream3_IRQHandler
                0x0000000008000410                FMPI2C1_IRQHandler
                0x0000000008000410                SAI2_IRQHandler
                0x0000000008000410                USART6_IRQHandler
                0x0000000008000410                USART3_IRQHandler
                0x0000000008000410                CAN1_RX1_IRQHandler
                0x0000000008000410                UART5_IRQHandler
                0x0000000008000410                DMA2_Stream0_IRQHandler
                0x0000000008000410                TIM4_IRQHandler
                0x0000000008000410                HDMI_CEC_IRQHandler
                0x0000000008000410                DMA1_Stream6_IRQHandler
                0x0000000008000410                DMA1_Stream1_IRQHandler
                0x0000000008000410                UART4_IRQHandler
                0x0000000008000410                TIM3_IRQHandler
                0x0000000008000410                RCC_IRQHandler
                0x0000000008000410                TIM8_BRK_TIM12_IRQHandler
                0x0000000008000410                Default_Handler
                0x0000000008000410                EXTI15_10_IRQHandler
                0x0000000008000410                ADC_IRQHandler
                0x0000000008000410                DMA1_Stream7_IRQHandler
                0x0000000008000410                TIM7_IRQHandler
                0x0000000008000410                CAN2_TX_IRQHandler
                0x0000000008000410                TIM5_IRQHandler
                0x0000000008000410                DMA2_Stream7_IRQHandler
                0x0000000008000410                I2C3_EV_IRQHandler
                0x0000000008000410                EXTI9_5_IRQHandler
                0x0000000008000410                RTC_WKUP_IRQHandler
                0x0000000008000410                SPI2_IRQHandler
                0x0000000008000410                OTG_HS_EP1_IN_IRQHandler
                0x0000000008000410                MemManage_Handler
                0x0000000008000410                DMA1_Stream0_IRQHandler
                0x0000000008000410                CAN1_TX_IRQHandler
                0x0000000008000410                SVC_Handler
                0x0000000008000410                EXTI4_IRQHandler
                0x0000000008000410                OTG_HS_EP1_OUT_IRQHandler
                0x0000000008000410                WWDG_IRQHandler
                0x0000000008000410                TIM2_IRQHandler
                0x0000000008000410                OTG_FS_WKUP_IRQHandler
                0x0000000008000410                TIM1_TRG_COM_TIM11_IRQHandler
                0x0000000008000410                OTG_HS_IRQHandler
                0x0000000008000410                EXTI1_IRQHandler
                0x0000000008000410                USART2_IRQHandler
                0x0000000008000410                I2C2_ER_IRQHandler
                0x0000000008000410                DMA2_Stream1_IRQHandler
                0x0000000008000410                CAN1_SCE_IRQHandler
                0x0000000008000410                FLASH_IRQHandler
                0x0000000008000410                DMA2_Stream4_IRQHandler
                0x0000000008000410                BusFault_Handler
                0x0000000008000410                USART1_IRQHandler
                0x0000000008000410                OTG_FS_IRQHandler
                0x0000000008000410                SPI3_IRQHandler
                0x0000000008000410                DMA1_Stream4_IRQHandler
                0x0000000008000410                FMC_IRQHandler
                0x0000000008000410                DMA2_Stream6_IRQHandler
                0x0000000008000410                SAI1_IRQHandler
                0x0000000008000410                DMA1_Stream3_IRQHandler
 *fill*         0x0000000008000412        0x2 
 .text.GPIO_PeriClockControl
                0x0000000008000414      0x1a4 drivers/src/stm32f446_gpio_driver .o
                0x0000000008000414                GPIO_PeriClockControl
 .text.GPIO_Init
                0x00000000080005b8      0x394 drivers/src/stm32f446_gpio_driver .o
                0x00000000080005b8                GPIO_Init
 .text.I2C_ExecuteAddressPhaseWrite
                0x000000000800094c       0x2a drivers/src/stm32f446_i2c_driver.o
 .text.I2C_ExecuteAddressPhaseRead
                0x0000000008000976       0x2a drivers/src/stm32f446_i2c_driver.o
 .text.I2C_ClearADDRFlag
                0x00000000080009a0       0x70 drivers/src/stm32f446_i2c_driver.o
 .text.I2C_MasterHandleTXEInterrupt
                0x0000000008000a10       0x3a drivers/src/stm32f446_i2c_driver.o
 .text.I2C_MasterHandleRXNEInterrupt
                0x0000000008000a4a       0x96 drivers/src/stm32f446_i2c_driver.o
 .text.RCC_GetPCLK1Value
                0x0000000008000ae0      0x104 drivers/src/stm32f446_i2c_driver.o
                0x0000000008000ae0                RCC_GetPCLK1Value
 .text.I2C_PeriClockControl
                0x0000000008000be4       0xb0 drivers/src/stm32f446_i2c_driver.o
                0x0000000008000be4                I2C_PeriClockControl
 .text.I2C_Init
                0x0000000008000c94      0x178 drivers/src/stm32f446_i2c_driver.o
                0x0000000008000c94                I2C_Init
 .text.I2C_SlaveSendData
                0x0000000008000e0c       0x1c drivers/src/stm32f446_i2c_driver.o
                0x0000000008000e0c                I2C_SlaveSendData
 .text.I2C_SlaveReceiveData
                0x0000000008000e28       0x18 drivers/src/stm32f446_i2c_driver.o
                0x0000000008000e28                I2C_SlaveReceiveData
 .text.I2C_IRQInterruptConfig
                0x0000000008000e40      0x108 drivers/src/stm32f446_i2c_driver.o
                0x0000000008000e40                I2C_IRQInterruptConfig
 .text.I2C_CloseRx
                0x0000000008000f48       0x5e drivers/src/stm32f446_i2c_driver.o
                0x0000000008000f48                I2C_CloseRx
 .text.I2C_CloseTx
                0x0000000008000fa6       0x46 drivers/src/stm32f446_i2c_driver.o
                0x0000000008000fa6                I2C_CloseTx
 .text.I2C_GenerateStopCondition
                0x0000000008000fec       0x1e drivers/src/stm32f446_i2c_driver.o
                0x0000000008000fec                I2C_GenerateStopCondition
 .text.I2C_EV_IRQHandling
                0x000000000800100a      0x1c4 drivers/src/stm32f446_i2c_driver.o
                0x000000000800100a                I2C_EV_IRQHandling
 .text.I2C_ER_IRQHandling
                0x00000000080011ce      0x10c drivers/src/stm32f446_i2c_driver.o
                0x00000000080011ce                I2C_ER_IRQHandling
 .text.I2C_PeripheralControl
                0x00000000080012da       0x36 drivers/src/stm32f446_i2c_driver.o
                0x00000000080012da                I2C_PeripheralControl
 .text.I2C_ManageAcking
                0x0000000008001310       0x36 drivers/src/stm32f446_i2c_driver.o
                0x0000000008001310                I2C_ManageAcking
 .text.I2C_SlaveEnableDisableCallbackEvents
                0x0000000008001346       0x66 drivers/src/stm32f446_i2c_driver.o
                0x0000000008001346                I2C_SlaveEnableDisableCallbackEvents
 .text.__libc_init_array
                0x00000000080013ac       0x48 /opt/st/stm32cubeide_1.3.0/plugins/com.st.stm32cube.ide.mcu.externaltools.gnu-tools-for-stm32.7-2018-q2-update.linux64_1.0.0.201904181610/tools/bin/../lib/gcc/arm-none-eabi/7.3.1/../../../../arm-none-eabi/lib/thumb/v7e-m/libc_nano.a(lib_a-init.o)
                0x00000000080013ac                __libc_init_array
 *(.glue_7)
 .glue_7        0x00000000080013f4        0x0 linker stubs
 *(.glue_7t)
 .glue_7t       0x00000000080013f4        0x0 linker stubs
 *(.eh_frame)
 .eh_frame      0x00000000080013f4        0x0 /opt/st/stm32cubeide_1.3.0/plugins/com.st.stm32cube.ide.mcu.externaltools.gnu-tools-for-stm32.7-2018-q2-update.linux64_1.0.0.201904181610/tools/bin/../lib/gcc/arm-none-eabi/7.3.1/thumb/v7e-m/crtbegin.o
 *(.init)
 .init          0x00000000080013f4        0x4 /opt/st/stm32cubeide_1.3.0/plugins/com.st.stm32cube.ide.mcu.externaltools.gnu-tools-for-stm32.7-2018-q2-update.linux64_1.0.0.201904181610/tools/bin/../lib/gcc/arm-none-eabi/7.3.1/thumb/v7e-m/crti.o
                0x00000000080013f4                _init
 .init          0x00000000080013f8        0x8 /opt/st/stm32cubeide_1.3.0/plugins/com.st.stm32cube.ide.mcu.externaltools.gnu-tools-for-stm32.7-2018-q2-update.linux64_1.0.0.201904181610/tools/bin/../lib/gcc/arm-none-eabi/7.3.1/thumb/v7e-m/crtn.o
 *(.fini)
 .fini          0x0000000008001400        0x4 /opt/st/stm32cubeide_1.3.0/plugins/com.st.stm32cube.ide.mcu.externaltools.gnu-tools-for-stm32.7-2018-q2-update.linux64_1.0.0.201904181610/tools/bin/../lib/gcc/arm-none-eabi/7.3.1/thumb/v7e-m/crti.o
                0x0000000008001400                _fini
 .fini          0x0000000008001404        0x8 /opt/st/stm32cubeide_1.3.0/plugins/com.st.stm32cube.ide.mcu.externaltools.gnu-tools-for-stm32.7-2018-q2-update.linux64_1.0.0.201904181610/tools/bin/../lib/gcc/arm-none-eabi/7.3.1/thumb/v7e-m/crtn.o
                0x000000000800140c                . = ALIGN (0x4)
                0x000000000800140c                _etext = .

.vfp11_veneer   0x000000000800140c        0x0
 .vfp11_veneer  0x000000000800140c        0x0 linker stubs

.v4_bx          0x000000000800140c        0x0
 .v4_bx         0x000000000800140c        0x0 linker stubs

.iplt           0x000000000800140c        0x0
 .iplt          0x000000000800140c        0x0 /opt/st/stm32cubeide_1.3.0/plugins/com.st.stm32cube.ide.mcu.externaltools.gnu-tools-for-stm32.7-2018-q2-update.linux64_1.0.0.201904181610/tools/bin/../lib/gcc/arm-none-eabi/7.3.1/thumb/v7e-m/crtbegin.o

.rel.dyn        0x000000000800140c        0x0
 .rel.iplt      0x000000000800140c        0x0 /opt/st/stm32cubeide_1.3.0/plugins/com.st.stm32cube.ide.mcu.externaltools.gnu-tools-for-stm32.7-2018-q2-update.linux64_1.0.0.201904181610/tools/bin/../lib/gcc/arm-none-eabi/7.3.1/thumb/v7e-m/crtbegin.o

.rodata         0x000000000800140c        0x0
                0x000000000800140c                . = ALIGN (0x4)
 *(.rodata)
 *(.rodata*)
                0x000000000800140c                . = ALIGN (0x4)

.ARM.extab      0x000000000800140c        0x0
                0x000000000800140c                . = ALIGN (0x4)
 *(.ARM.extab* .gnu.linkonce.armextab.*)
                0x000000000800140c                . = ALIGN (0x4)

.ARM            0x000000000800140c        0x0
                0x000000000800140c                . = ALIGN (0x4)
                0x000000000800140c                __exidx_start = .
 *(.ARM.exidx*)
                0x000000000800140c                __exidx_end = .
                0x000000000800140c                . = ALIGN (0x4)

.preinit_array  0x000000000800140c        0x0
                0x000000000800140c                . = ALIGN (0x4)
                0x000000000800140c                PROVIDE (__preinit_array_start = .)
 *(.preinit_array*)
                0x000000000800140c                PROVIDE (__preinit_array_end = .)
                0x000000000800140c                . = ALIGN (0x4)

.init_array     0x000000000800140c        0x4
                0x000000000800140c                . = ALIGN (0x4)
                0x000000000800140c                PROVIDE (__init_array_start = .)
 *(SORT_BY_NAME(.init_array.*))
 *(.init_array*)
 .init_array    0x000000000800140c        0x4 /opt/st/stm32cubeide_1.3.0/plugins/com.st.stm32cube.ide.mcu.externaltools.gnu-tools-for-stm32.7-2018-q2-update.linux64_1.0.0.201904181610/tools/bin/../lib/gcc/arm-none-eabi/7.3.1/thumb/v7e-m/crtbegin.o
                0x0000000008001410                PROVIDE (__init_array_end = .)
                0x0000000008001410                . = ALIGN (0x4)

.fini_array     0x0000000008001410        0x4
                0x0000000008001410                . = ALIGN (0x4)
                [!provide]                        PROVIDE (__fini_array_start = .)
 *(SORT_BY_NAME(.fini_array.*))
 *(.fini_array*)
 .fini_array    0x0000000008001410        0x4 /opt/st/stm32cubeide_1.3.0/plugins/com.st.stm32cube.ide.mcu.externaltools.gnu-tools-for-stm32.7-2018-q2-update.linux64_1.0.0.201904181610/tools/bin/../lib/gcc/arm-none-eabi/7.3.1/thumb/v7e-m/crtbegin.o
                [!provide]                        PROVIDE (__fini_array_end = .)
                0x0000000008001414                . = ALIGN (0x4)
                0x0000000008001414                _sidata = LOADADDR (.data)

.data           0x0000000020000000       0x20 load address 0x0000000008001414
                0x0000000020000000                . = ALIGN (0x4)
                0x0000000020000000                _sdata = .
 *(.data)
 *(.data*)
 .data.tx_buf   0x0000000020000000       0x20 Src/013i2c_slave_tx_string.o
                0x0000000020000000                tx_buf
                0x0000000020000020                . = ALIGN (0x4)
                0x0000000020000020                _edata = .

.igot.plt       0x0000000020000020        0x0 load address 0x0000000008001434
 .igot.plt      0x0000000020000020        0x0 /opt/st/stm32cubeide_1.3.0/plugins/com.st.stm32cube.ide.mcu.externaltools.gnu-tools-for-stm32.7-2018-q2-update.linux64_1.0.0.201904181610/tools/bin/../lib/gcc/arm-none-eabi/7.3.1/thumb/v7e-m/crtbegin.o
                0x0000000020000020                . = ALIGN (0x4)

.bss            0x0000000020000020       0x50 load address 0x0000000008001434
                0x0000000020000020                _sbss = .
                0x0000000020000020                __bss_start__ = _sbss
 *(.bss)
 .bss           0x0000000020000020       0x1c /opt/st/stm32cubeide_1.3.0/plugins/com.st.stm32cube.ide.mcu.externaltools.gnu-tools-for-stm32.7-2018-q2-update.linux64_1.0.0.201904181610/tools/bin/../lib/gcc/arm-none-eabi/7.3.1/thumb/v7e-m/crtbegin.o
 *(.bss*)
 .bss.command_code.5739
                0x000000002000003c        0x1 Src/013i2c_slave_tx_string.o
 .bss.cnt.5740  0x000000002000003d        0x1 Src/013i2c_slave_tx_string.o
 *(COMMON)
 *fill*         0x000000002000003e        0x2 
 COMMON         0x0000000020000040       0x30 Src/013i2c_slave_tx_string.o
                0x0000000020000040                I2C1_handle
                0x0000000020000070                . = ALIGN (0x4)
                0x0000000020000070                _ebss = .
                0x0000000020000070                __bss_end__ = _ebss

._user_heap_stack
                0x0000000020000070      0x600 load address 0x0000000008001434
                0x0000000020000070                . = ALIGN (0x8)
                0x0000000020000070                PROVIDE (end = .)
                [!provide]                        PROVIDE (_end = .)
                0x0000000020000270                . = (. + _Min_Heap_Size)
 *fill*         0x0000000020000070      0x200 
                0x0000000020000670                . = (. + _Min_Stack_Size)
 *fill*         0x0000000020000270      0x400 
                0x0000000020000670                . = ALIGN (0x8)

/DISCARD/
 libc.a(*)
 libm.a(*)
 libgcc.a(*)

.ARM.attributes
                0x0000000000000000       0x2a
 *(.ARM.attributes)
 .ARM.attributes
                0x0000000000000000       0x1e /opt/st/stm32cubeide_1.3.0/plugins/com.st.stm32cube.ide.mcu.externaltools.gnu-tools-for-stm32.7-2018-q2-update.linux64_1.0.0.201904181610/tools/bin/../lib/gcc/arm-none-eabi/7.3.1/thumb/v7e-m/crti.o
 .ARM.attributes
                0x000000000000001e       0x2e /opt/st/stm32cubeide_1.3.0/plugins/com.st.stm32cube.ide.mcu.externaltools.gnu-tools-for-stm32.7-2018-q2-update.linux64_1.0.0.201904181610/tools/bin/../lib/gcc/arm-none-eabi/7.3.1/thumb/v7e-m/crtbegin.o
 .ARM.attributes
                0x000000000000004c       0x33 Src/013i2c_slave_tx_string.o
 .ARM.attributes
                0x000000000000007f       0x21 Startup/startup_stm32f446retx.o
 .ARM.attributes
                0x00000000000000a0       0x33 drivers/src/stm32f446_gpio_driver .o
 .ARM.attributes
                0x00000000000000d3       0x33 drivers/src/stm32f446_i2c_driver.o
 .ARM.attributes
                0x0000000000000106       0x2e /opt/st/stm32cubeide_1.3.0/plugins/com.st.stm32cube.ide.mcu.externaltools.gnu-tools-for-stm32.7-2018-q2-update.linux64_1.0.0.201904181610/tools/bin/../lib/gcc/arm-none-eabi/7.3.1/../../../../arm-none-eabi/lib/thumb/v7e-m/libc_nano.a(lib_a-init.o)
 .ARM.attributes
                0x0000000000000134       0x17 /opt/st/stm32cubeide_1.3.0/plugins/com.st.stm32cube.ide.mcu.externaltools.gnu-tools-for-stm32.7-2018-q2-update.linux64_1.0.0.201904181610/tools/bin/../lib/gcc/arm-none-eabi/7.3.1/../../../../arm-none-eabi/lib/thumb/v7e-m/libc_nano.a(lib_a-strlen.o)
 .ARM.attributes
                0x000000000000014b       0x1e /opt/st/stm32cubeide_1.3.0/plugins/com.st.stm32cube.ide.mcu.externaltools.gnu-tools-for-stm32.7-2018-q2-update.linux64_1.0.0.201904181610/tools/bin/../lib/gcc/arm-none-eabi/7.3.1/thumb/v7e-m/crtn.o
OUTPUT(stm32f446_drivers.elf elf32-littlearm)

.debug_info     0x0000000000000000     0x1f22
 .debug_info    0x0000000000000000      0xc87 Src/013i2c_slave_tx_string.o
 .debug_info    0x0000000000000c87       0x22 Startup/startup_stm32f446retx.o
 .debug_info    0x0000000000000ca9      0x795 drivers/src/stm32f446_gpio_driver .o
 .debug_info    0x000000000000143e      0xae4 drivers/src/stm32f446_i2c_driver.o

.debug_abbrev   0x0000000000000000      0x51e
 .debug_abbrev  0x0000000000000000      0x215 Src/013i2c_slave_tx_string.o
 .debug_abbrev  0x0000000000000215       0x12 Startup/startup_stm32f446retx.o
 .debug_abbrev  0x0000000000000227      0x13f drivers/src/stm32f446_gpio_driver .o
 .debug_abbrev  0x0000000000000366      0x1b8 drivers/src/stm32f446_i2c_driver.o

.debug_aranges  0x0000000000000000      0x1e0
 .debug_aranges
                0x0000000000000000       0x58 Src/013i2c_slave_tx_string.o
 .debug_aranges
                0x0000000000000058       0x28 Startup/startup_stm32f446retx.o
 .debug_aranges
                0x0000000000000080       0x70 drivers/src/stm32f446_gpio_driver .o
 .debug_aranges
                0x00000000000000f0       0xf0 drivers/src/stm32f446_i2c_driver.o

.debug_ranges   0x0000000000000000      0x1a8
 .debug_ranges  0x0000000000000000       0x48 Src/013i2c_slave_tx_string.o
 .debug_ranges  0x0000000000000048       0x20 Startup/startup_stm32f446retx.o
 .debug_ranges  0x0000000000000068       0x60 drivers/src/stm32f446_gpio_driver .o
 .debug_ranges  0x00000000000000c8       0xe0 drivers/src/stm32f446_i2c_driver.o

.debug_macro    0x0000000000000000     0x2d33
 .debug_macro   0x0000000000000000      0x23f Src/013i2c_slave_tx_string.o
 .debug_macro   0x000000000000023f      0xa66 Src/013i2c_slave_tx_string.o
 .debug_macro   0x0000000000000ca5       0x22 Src/013i2c_slave_tx_string.o
 .debug_macro   0x0000000000000cc7       0x40 Src/013i2c_slave_tx_string.o
 .debug_macro   0x0000000000000d07       0x18 Src/013i2c_slave_tx_string.o
 .debug_macro   0x0000000000000d1f       0x94 Src/013i2c_slave_tx_string.o
 .debug_macro   0x0000000000000db3       0x3c Src/013i2c_slave_tx_string.o
 .debug_macro   0x0000000000000def       0x34 Src/013i2c_slave_tx_string.o
 .debug_macro   0x0000000000000e23       0x16 Src/013i2c_slave_tx_string.o
 .debug_macro   0x0000000000000e39       0x57 Src/013i2c_slave_tx_string.o
 .debug_macro   0x0000000000000e90       0x97 Src/013i2c_slave_tx_string.o
 .debug_macro   0x0000000000000f27      0x330 Src/013i2c_slave_tx_string.o
 .debug_macro   0x0000000000001257       0xfd Src/013i2c_slave_tx_string.o
 .debug_macro   0x0000000000001354       0x10 Src/013i2c_slave_tx_string.o
 .debug_macro   0x0000000000001364       0x52 Src/013i2c_slave_tx_string.o
 .debug_macro   0x00000000000013b6       0x1f Src/013i2c_slave_tx_string.o
 .debug_macro   0x00000000000013d5       0x43 Src/013i2c_slave_tx_string.o
 .debug_macro   0x0000000000001418       0x20 Src/013i2c_slave_tx_string.o
 .debug_macro   0x0000000000001438      0x1a3 Src/013i2c_slave_tx_string.o
 .debug_macro   0x00000000000015db       0x10 Src/013i2c_slave_tx_string.o
 .debug_macro   0x00000000000015eb       0x6a Src/013i2c_slave_tx_string.o
 .debug_macro   0x0000000000001655       0x1c Src/013i2c_slave_tx_string.o
 .debug_macro   0x0000000000001671       0x52 Src/013i2c_slave_tx_string.o
 .debug_macro   0x00000000000016c3       0x40 Src/013i2c_slave_tx_string.o
 .debug_macro   0x0000000000001703       0x10 Src/013i2c_slave_tx_string.o
 .debug_macro   0x0000000000001713       0x40 Src/013i2c_slave_tx_string.o
 .debug_macro   0x0000000000001753       0xd7 Src/013i2c_slave_tx_string.o
 .debug_macro   0x000000000000182a       0x1c Src/013i2c_slave_tx_string.o
 .debug_macro   0x0000000000001846       0x3d Src/013i2c_slave_tx_string.o
 .debug_macro   0x0000000000001883       0x16 Src/013i2c_slave_tx_string.o
 .debug_macro   0x0000000000001899      0x145 Src/013i2c_slave_tx_string.o
 .debug_macro   0x00000000000019de       0x16 Src/013i2c_slave_tx_string.o
 .debug_macro   0x00000000000019f4       0x35 Src/013i2c_slave_tx_string.o
 .debug_macro   0x0000000000001a29       0x20 Src/013i2c_slave_tx_string.o
 .debug_macro   0x0000000000001a49       0xef Src/013i2c_slave_tx_string.o
 .debug_macro   0x0000000000001b38      0x1df Src/013i2c_slave_tx_string.o
 .debug_macro   0x0000000000001d17      0x841 Src/013i2c_slave_tx_string.o
 .debug_macro   0x0000000000002558      0x124 Src/013i2c_slave_tx_string.o
 .debug_macro   0x000000000000267c       0xe2 Src/013i2c_slave_tx_string.o
 .debug_macro   0x000000000000275e       0xe2 Src/013i2c_slave_tx_string.o
 .debug_macro   0x0000000000002840       0xee Src/013i2c_slave_tx_string.o
 .debug_macro   0x000000000000292e       0xb7 drivers/src/stm32f446_gpio_driver .o
 .debug_macro   0x00000000000029e5       0x8e drivers/src/stm32f446_gpio_driver .o
 .debug_macro   0x0000000000002a73       0x51 drivers/src/stm32f446_gpio_driver .o
 .debug_macro   0x0000000000002ac4       0xdc drivers/src/stm32f446_gpio_driver .o
 .debug_macro   0x0000000000002ba0       0xb7 drivers/src/stm32f446_i2c_driver.o
 .debug_macro   0x0000000000002c57       0xdc drivers/src/stm32f446_i2c_driver.o

.debug_line     0x0000000000000000     0x1624
 .debug_line    0x0000000000000000      0x6ff Src/013i2c_slave_tx_string.o
 .debug_line    0x00000000000006ff       0x84 Startup/startup_stm32f446retx.o
 .debug_line    0x0000000000000783      0x672 drivers/src/stm32f446_gpio_driver .o
 .debug_line    0x0000000000000df5      0x82f drivers/src/stm32f446_i2c_driver.o

.debug_str      0x0000000000000000     0xbbe2
 .debug_str     0x0000000000000000     0xb508 Src/013i2c_slave_tx_string.o
                                       0xb76e (size before relaxing)
 .debug_str     0x000000000000b508       0x31 Startup/startup_stm32f446retx.o
                                         0x7d (size before relaxing)
 .debug_str     0x000000000000b539      0x317 drivers/src/stm32f446_gpio_driver .o
                                       0x775b (size before relaxing)
 .debug_str     0x000000000000b850      0x392 drivers/src/stm32f446_i2c_driver.o
                                       0x7931 (size before relaxing)

.comment        0x0000000000000000       0x7b
 .comment       0x0000000000000000       0x7b Src/013i2c_slave_tx_string.o
                                         0x7c (size before relaxing)
 .comment       0x000000000000007b       0x7c drivers/src/stm32f446_gpio_driver .o
 .comment       0x000000000000007b       0x7c drivers/src/stm32f446_i2c_driver.o

.debug_frame    0x0000000000000000      0x72c
 .debug_frame   0x0000000000000000      0x118 Src/013i2c_slave_tx_string.o
 .debug_frame   0x0000000000000118      0x1c8 drivers/src/stm32f446_gpio_driver .o
 .debug_frame   0x00000000000002e0      0x420 drivers/src/stm32f446_i2c_driver.o
 .debug_frame   0x0000000000000700       0x2c /opt/st/stm32cubeide_1.3.0/plugins/com.st.stm32cube.ide.mcu.externaltools.gnu-tools-for-stm32.7-2018-q2-update.linux64_1.0.0.201904181610/tools/bin/../lib/gcc/arm-none-eabi/7.3.1/../../../../arm-none-eabi/lib/thumb/v7e-m/libc_nano.a(lib_a-init.o)
