Archive member included to satisfy reference by file (symbol)

/opt/st/stm32cubeide_1.3.0/plugins/com.st.stm32cube.ide.mcu.externaltools.gnu-tools-for-stm32.7-2018-q2-update.linux64_1.0.0.201904181610/tools/bin/../lib/gcc/arm-none-eabi/7.3.1/../../../../arm-none-eabi/lib/thumb/v7e-m/libc_nano.a(lib_a-errno.o)
                              Src/sysmem.o (__errno)
/opt/st/stm32cubeide_1.3.0/plugins/com.st.stm32cube.ide.mcu.externaltools.gnu-tools-for-stm32.7-2018-q2-update.linux64_1.0.0.201904181610/tools/bin/../lib/gcc/arm-none-eabi/7.3.1/../../../../arm-none-eabi/lib/thumb/v7e-m/libc_nano.a(lib_a-exit.o)
                              /opt/st/stm32cubeide_1.3.0/plugins/com.st.stm32cube.ide.mcu.externaltools.gnu-tools-for-stm32.7-2018-q2-update.linux64_1.0.0.201904181610/tools/bin/../lib/gcc/arm-none-eabi/7.3.1/../../../../arm-none-eabi/lib/thumb/v7e-m/crt0.o (exit)
/opt/st/stm32cubeide_1.3.0/plugins/com.st.stm32cube.ide.mcu.externaltools.gnu-tools-for-stm32.7-2018-q2-update.linux64_1.0.0.201904181610/tools/bin/../lib/gcc/arm-none-eabi/7.3.1/../../../../arm-none-eabi/lib/thumb/v7e-m/libc_nano.a(lib_a-impure.o)
                              /opt/st/stm32cubeide_1.3.0/plugins/com.st.stm32cube.ide.mcu.externaltools.gnu-tools-for-stm32.7-2018-q2-update.linux64_1.0.0.201904181610/tools/bin/../lib/gcc/arm-none-eabi/7.3.1/../../../../arm-none-eabi/lib/thumb/v7e-m/libc_nano.a(lib_a-exit.o) (_global_impure_ptr)
/opt/st/stm32cubeide_1.3.0/plugins/com.st.stm32cube.ide.mcu.externaltools.gnu-tools-for-stm32.7-2018-q2-update.linux64_1.0.0.201904181610/tools/bin/../lib/gcc/arm-none-eabi/7.3.1/../../../../arm-none-eabi/lib/thumb/v7e-m/libc_nano.a(lib_a-init.o)
                              /opt/st/stm32cubeide_1.3.0/plugins/com.st.stm32cube.ide.mcu.externaltools.gnu-tools-for-stm32.7-2018-q2-update.linux64_1.0.0.201904181610/tools/bin/../lib/gcc/arm-none-eabi/7.3.1/../../../../arm-none-eabi/lib/thumb/v7e-m/crt0.o (__libc_init_array)
/opt/st/stm32cubeide_1.3.0/plugins/com.st.stm32cube.ide.mcu.externaltools.gnu-tools-for-stm32.7-2018-q2-update.linux64_1.0.0.201904181610/tools/bin/../lib/gcc/arm-none-eabi/7.3.1/../../../../arm-none-eabi/lib/thumb/v7e-m/libc_nano.a(lib_a-memset.o)
                              /opt/st/stm32cubeide_1.3.0/plugins/com.st.stm32cube.ide.mcu.externaltools.gnu-tools-for-stm32.7-2018-q2-update.linux64_1.0.0.201904181610/tools/bin/../lib/gcc/arm-none-eabi/7.3.1/../../../../arm-none-eabi/lib/thumb/v7e-m/crt0.o (memset)
/opt/st/stm32cubeide_1.3.0/plugins/com.st.stm32cube.ide.mcu.externaltools.gnu-tools-for-stm32.7-2018-q2-update.linux64_1.0.0.201904181610/tools/bin/../lib/gcc/arm-none-eabi/7.3.1/../../../../arm-none-eabi/lib/thumb/v7e-m/libc_nano.a(lib_a-strlen.o)
                              Src/015uart_tx_test.o (strlen)
/opt/st/stm32cubeide_1.3.0/plugins/com.st.stm32cube.ide.mcu.externaltools.gnu-tools-for-stm32.7-2018-q2-update.linux64_1.0.0.201904181610/tools/bin/../lib/gcc/arm-none-eabi/7.3.1/../../../../arm-none-eabi/lib/thumb/v7e-m/libnosys.a(_exit.o)
                              /opt/st/stm32cubeide_1.3.0/plugins/com.st.stm32cube.ide.mcu.externaltools.gnu-tools-for-stm32.7-2018-q2-update.linux64_1.0.0.201904181610/tools/bin/../lib/gcc/arm-none-eabi/7.3.1/../../../../arm-none-eabi/lib/thumb/v7e-m/libc_nano.a(lib_a-exit.o) (_exit)

Allocating common symbols
Common symbol       size              file

usart2_handle       0x24              Src/015uart_tx_test.o

Discarded input sections

 .text          0x0000000000000000        0x0 /opt/st/stm32cubeide_1.3.0/plugins/com.st.stm32cube.ide.mcu.externaltools.gnu-tools-for-stm32.7-2018-q2-update.linux64_1.0.0.201904181610/tools/bin/../lib/gcc/arm-none-eabi/7.3.1/thumb/v7e-m/crti.o
 .data          0x0000000000000000        0x0 /opt/st/stm32cubeide_1.3.0/plugins/com.st.stm32cube.ide.mcu.externaltools.gnu-tools-for-stm32.7-2018-q2-update.linux64_1.0.0.201904181610/tools/bin/../lib/gcc/arm-none-eabi/7.3.1/thumb/v7e-m/crti.o
 .bss           0x0000000000000000        0x0 /opt/st/stm32cubeide_1.3.0/plugins/com.st.stm32cube.ide.mcu.externaltools.gnu-tools-for-stm32.7-2018-q2-update.linux64_1.0.0.201904181610/tools/bin/../lib/gcc/arm-none-eabi/7.3.1/thumb/v7e-m/crti.o
 .data          0x0000000000000000        0x4 /opt/st/stm32cubeide_1.3.0/plugins/com.st.stm32cube.ide.mcu.externaltools.gnu-tools-for-stm32.7-2018-q2-update.linux64_1.0.0.201904181610/tools/bin/../lib/gcc/arm-none-eabi/7.3.1/thumb/v7e-m/crtbegin.o
 .text          0x0000000000000000       0x74 /opt/st/stm32cubeide_1.3.0/plugins/com.st.stm32cube.ide.mcu.externaltools.gnu-tools-for-stm32.7-2018-q2-update.linux64_1.0.0.201904181610/tools/bin/../lib/gcc/arm-none-eabi/7.3.1/../../../../arm-none-eabi/lib/thumb/v7e-m/crt0.o
 .data          0x0000000000000000        0x0 /opt/st/stm32cubeide_1.3.0/plugins/com.st.stm32cube.ide.mcu.externaltools.gnu-tools-for-stm32.7-2018-q2-update.linux64_1.0.0.201904181610/tools/bin/../lib/gcc/arm-none-eabi/7.3.1/../../../../arm-none-eabi/lib/thumb/v7e-m/crt0.o
 .bss           0x0000000000000000        0x0 /opt/st/stm32cubeide_1.3.0/plugins/com.st.stm32cube.ide.mcu.externaltools.gnu-tools-for-stm32.7-2018-q2-update.linux64_1.0.0.201904181610/tools/bin/../lib/gcc/arm-none-eabi/7.3.1/../../../../arm-none-eabi/lib/thumb/v7e-m/crt0.o
 .ARM.extab     0x0000000000000000        0x0 /opt/st/stm32cubeide_1.3.0/plugins/com.st.stm32cube.ide.mcu.externaltools.gnu-tools-for-stm32.7-2018-q2-update.linux64_1.0.0.201904181610/tools/bin/../lib/gcc/arm-none-eabi/7.3.1/../../../../arm-none-eabi/lib/thumb/v7e-m/crt0.o
 .ARM.exidx     0x0000000000000000        0x8 /opt/st/stm32cubeide_1.3.0/plugins/com.st.stm32cube.ide.mcu.externaltools.gnu-tools-for-stm32.7-2018-q2-update.linux64_1.0.0.201904181610/tools/bin/../lib/gcc/arm-none-eabi/7.3.1/../../../../arm-none-eabi/lib/thumb/v7e-m/crt0.o
 .ARM.attributes
                0x0000000000000000       0x1c /opt/st/stm32cubeide_1.3.0/plugins/com.st.stm32cube.ide.mcu.externaltools.gnu-tools-for-stm32.7-2018-q2-update.linux64_1.0.0.201904181610/tools/bin/../lib/gcc/arm-none-eabi/7.3.1/../../../../arm-none-eabi/lib/thumb/v7e-m/crt0.o
 .group         0x0000000000000000        0xc Src/015uart_tx_test.o
 .group         0x0000000000000000        0xc Src/015uart_tx_test.o
 .group         0x0000000000000000        0xc Src/015uart_tx_test.o
 .group         0x0000000000000000        0xc Src/015uart_tx_test.o
 .group         0x0000000000000000        0xc Src/015uart_tx_test.o
 .group         0x0000000000000000        0xc Src/015uart_tx_test.o
 .group         0x0000000000000000        0xc Src/015uart_tx_test.o
 .group         0x0000000000000000        0xc Src/015uart_tx_test.o
 .group         0x0000000000000000        0xc Src/015uart_tx_test.o
 .group         0x0000000000000000        0xc Src/015uart_tx_test.o
 .group         0x0000000000000000        0xc Src/015uart_tx_test.o
 .group         0x0000000000000000        0xc Src/015uart_tx_test.o
 .group         0x0000000000000000        0xc Src/015uart_tx_test.o
 .group         0x0000000000000000        0xc Src/015uart_tx_test.o
 .group         0x0000000000000000        0xc Src/015uart_tx_test.o
 .group         0x0000000000000000        0xc Src/015uart_tx_test.o
 .group         0x0000000000000000        0xc Src/015uart_tx_test.o
 .group         0x0000000000000000        0xc Src/015uart_tx_test.o
 .group         0x0000000000000000        0xc Src/015uart_tx_test.o
 .group         0x0000000000000000        0xc Src/015uart_tx_test.o
 .group         0x0000000000000000        0xc Src/015uart_tx_test.o
 .group         0x0000000000000000        0xc Src/015uart_tx_test.o
 .group         0x0000000000000000        0xc Src/015uart_tx_test.o
 .group         0x0000000000000000        0xc Src/015uart_tx_test.o
 .group         0x0000000000000000        0xc Src/015uart_tx_test.o
 .group         0x0000000000000000        0xc Src/015uart_tx_test.o
 .text          0x0000000000000000        0x0 Src/015uart_tx_test.o
 .data          0x0000000000000000        0x0 Src/015uart_tx_test.o
 .bss           0x0000000000000000        0x0 Src/015uart_tx_test.o
 .group         0x0000000000000000        0xc Src/sysmem.o
 .group         0x0000000000000000        0xc Src/sysmem.o
 .group         0x0000000000000000        0xc Src/sysmem.o
 .group         0x0000000000000000        0xc Src/sysmem.o
 .group         0x0000000000000000        0xc Src/sysmem.o
 .group         0x0000000000000000        0xc Src/sysmem.o
 .group         0x0000000000000000        0xc Src/sysmem.o
 .group         0x0000000000000000        0xc Src/sysmem.o
 .group         0x0000000000000000        0xc Src/sysmem.o
 .group         0x0000000000000000        0xc Src/sysmem.o
 .group         0x0000000000000000        0xc Src/sysmem.o
 .group         0x0000000000000000        0xc Src/sysmem.o
 .group         0x0000000000000000        0xc Src/sysmem.o
 .group         0x0000000000000000        0xc Src/sysmem.o
 .group         0x0000000000000000        0xc Src/sysmem.o
 .group         0x0000000000000000        0xc Src/sysmem.o
 .group         0x0000000000000000        0xc Src/sysmem.o
 .group         0x0000000000000000        0xc Src/sysmem.o
 .group         0x0000000000000000        0xc Src/sysmem.o
 .group         0x0000000000000000        0xc Src/sysmem.o
 .group         0x0000000000000000        0xc Src/sysmem.o
 .group         0x0000000000000000        0xc Src/sysmem.o
 .group         0x0000000000000000        0xc Src/sysmem.o
 .group         0x0000000000000000        0xc Src/sysmem.o
 .group         0x0000000000000000        0xc Src/sysmem.o
 .group         0x0000000000000000        0xc Src/sysmem.o
 .group         0x0000000000000000        0xc Src/sysmem.o
 .group         0x0000000000000000        0xc Src/sysmem.o
 .group         0x0000000000000000        0xc Src/sysmem.o
 .group         0x0000000000000000        0xc Src/sysmem.o
 .group         0x0000000000000000        0xc Src/sysmem.o
 .group         0x0000000000000000        0xc Src/sysmem.o
 .text          0x0000000000000000        0x0 Src/sysmem.o
 .data          0x0000000000000000        0x0 Src/sysmem.o
 .bss           0x0000000000000000        0x0 Src/sysmem.o
 .bss.heap_end.5149
                0x0000000000000000        0x4 Src/sysmem.o
 .text._sbrk    0x0000000000000000       0x58 Src/sysmem.o
 .debug_info    0x0000000000000000      0x91c Src/sysmem.o
 .debug_abbrev  0x0000000000000000      0x1bb Src/sysmem.o
 .debug_aranges
                0x0000000000000000       0x20 Src/sysmem.o
 .debug_ranges  0x0000000000000000       0x10 Src/sysmem.o
 .debug_macro   0x0000000000000000      0x1ae Src/sysmem.o
 .debug_macro   0x0000000000000000      0xa66 Src/sysmem.o
 .debug_macro   0x0000000000000000       0x10 Src/sysmem.o
 .debug_macro   0x0000000000000000       0x22 Src/sysmem.o
 .debug_macro   0x0000000000000000       0x40 Src/sysmem.o
 .debug_macro   0x0000000000000000       0x18 Src/sysmem.o
 .debug_macro   0x0000000000000000       0x94 Src/sysmem.o
 .debug_macro   0x0000000000000000       0x3c Src/sysmem.o
 .debug_macro   0x0000000000000000       0x34 Src/sysmem.o
 .debug_macro   0x0000000000000000      0x174 Src/sysmem.o
 .debug_macro   0x0000000000000000       0x57 Src/sysmem.o
 .debug_macro   0x0000000000000000       0x52 Src/sysmem.o
 .debug_macro   0x0000000000000000       0x1f Src/sysmem.o
 .debug_macro   0x0000000000000000       0x43 Src/sysmem.o
 .debug_macro   0x0000000000000000       0x20 Src/sysmem.o
 .debug_macro   0x0000000000000000      0x1a3 Src/sysmem.o
 .debug_macro   0x0000000000000000      0x23b Src/sysmem.o
 .debug_macro   0x0000000000000000       0x16 Src/sysmem.o
 .debug_macro   0x0000000000000000       0x35 Src/sysmem.o
 .debug_macro   0x0000000000000000      0x330 Src/sysmem.o
 .debug_macro   0x0000000000000000       0x10 Src/sysmem.o
 .debug_macro   0x0000000000000000       0x10 Src/sysmem.o
 .debug_macro   0x0000000000000000       0x6a Src/sysmem.o
 .debug_macro   0x0000000000000000       0x1c Src/sysmem.o
 .debug_macro   0x0000000000000000       0x52 Src/sysmem.o
 .debug_macro   0x0000000000000000       0x40 Src/sysmem.o
 .debug_macro   0x0000000000000000       0x10 Src/sysmem.o
 .debug_macro   0x0000000000000000       0x40 Src/sysmem.o
 .debug_macro   0x0000000000000000       0xd7 Src/sysmem.o
 .debug_macro   0x0000000000000000       0x1c Src/sysmem.o
 .debug_macro   0x0000000000000000       0x3d Src/sysmem.o
 .debug_macro   0x0000000000000000       0x16 Src/sysmem.o
 .debug_macro   0x0000000000000000      0x145 Src/sysmem.o
 .debug_line    0x0000000000000000      0x52c Src/sysmem.o
 .debug_str     0x0000000000000000     0x7af0 Src/sysmem.o
 .comment       0x0000000000000000       0x7c Src/sysmem.o
 .debug_frame   0x0000000000000000       0x34 Src/sysmem.o
 .ARM.attributes
                0x0000000000000000       0x33 Src/sysmem.o
 .text          0x0000000000000000       0x14 Startup/startup_stm32f446retx.o
 .data          0x0000000000000000        0x0 Startup/startup_stm32f446retx.o
 .bss           0x0000000000000000        0x0 Startup/startup_stm32f446retx.o
 .group         0x0000000000000000        0xc drivers/src/stm32f446_gpio_driver .o
 .group         0x0000000000000000        0xc drivers/src/stm32f446_gpio_driver .o
 .group         0x0000000000000000        0xc drivers/src/stm32f446_gpio_driver .o
 .group         0x0000000000000000        0xc drivers/src/stm32f446_gpio_driver .o
 .group         0x0000000000000000        0xc drivers/src/stm32f446_gpio_driver .o
 .group         0x0000000000000000        0xc drivers/src/stm32f446_gpio_driver .o
 .group         0x0000000000000000        0xc drivers/src/stm32f446_gpio_driver .o
 .group         0x0000000000000000        0xc drivers/src/stm32f446_gpio_driver .o
 .group         0x0000000000000000        0xc drivers/src/stm32f446_gpio_driver .o
 .group         0x0000000000000000        0xc drivers/src/stm32f446_gpio_driver .o
 .group         0x0000000000000000        0xc drivers/src/stm32f446_gpio_driver .o
 .group         0x0000000000000000        0xc drivers/src/stm32f446_gpio_driver .o
 .group         0x0000000000000000        0xc drivers/src/stm32f446_gpio_driver .o
 .text          0x0000000000000000        0x0 drivers/src/stm32f446_gpio_driver .o
 .data          0x0000000000000000        0x0 drivers/src/stm32f446_gpio_driver .o
 .bss           0x0000000000000000        0x0 drivers/src/stm32f446_gpio_driver .o
 .text.GPIO_DeInit
                0x0000000000000000      0x144 drivers/src/stm32f446_gpio_driver .o
 .text.GPIO_ReadFromInputPort
                0x0000000000000000       0x1a drivers/src/stm32f446_gpio_driver .o
 .text.GPIO_WriteToOutputPin
                0x0000000000000000       0x4e drivers/src/stm32f446_gpio_driver .o
 .text.GPIO_WriteToOutputPort
                0x0000000000000000       0x1c drivers/src/stm32f446_gpio_driver .o
 .text.GPIO_ToggleOutputPin
                0x0000000000000000       0x28 drivers/src/stm32f446_gpio_driver .o
 .text.GPIO_IRQInterruptConfig
                0x0000000000000000      0x108 drivers/src/stm32f446_gpio_driver .o
 .text.GPIO_IRQPriorityConfig
                0x0000000000000000       0x52 drivers/src/stm32f446_gpio_driver .o
 .text.GPIO_IRQHandling
                0x0000000000000000       0x40 drivers/src/stm32f446_gpio_driver .o
 .debug_macro   0x0000000000000000      0xa66 drivers/src/stm32f446_gpio_driver .o
 .debug_macro   0x0000000000000000      0x174 drivers/src/stm32f446_gpio_driver .o
 .debug_macro   0x0000000000000000       0x22 drivers/src/stm32f446_gpio_driver .o
 .debug_macro   0x0000000000000000       0xef drivers/src/stm32f446_gpio_driver .o
 .debug_macro   0x0000000000000000       0x6a drivers/src/stm32f446_gpio_driver .o
 .debug_macro   0x0000000000000000      0x1df drivers/src/stm32f446_gpio_driver .o
 .debug_macro   0x0000000000000000      0x86b drivers/src/stm32f446_gpio_driver .o
 .debug_macro   0x0000000000000000       0xe2 drivers/src/stm32f446_gpio_driver .o
 .debug_macro   0x0000000000000000      0x133 drivers/src/stm32f446_gpio_driver .o
 .debug_macro   0x0000000000000000      0x124 drivers/src/stm32f446_gpio_driver .o
 .group         0x0000000000000000        0xc drivers/src/stm32f446_i2c_driver.o
 .group         0x0000000000000000        0xc drivers/src/stm32f446_i2c_driver.o
 .group         0x0000000000000000        0xc drivers/src/stm32f446_i2c_driver.o
 .group         0x0000000000000000        0xc drivers/src/stm32f446_i2c_driver.o
 .group         0x0000000000000000        0xc drivers/src/stm32f446_i2c_driver.o
 .group         0x0000000000000000        0xc drivers/src/stm32f446_i2c_driver.o
 .group         0x0000000000000000        0xc drivers/src/stm32f446_i2c_driver.o
 .group         0x0000000000000000        0xc drivers/src/stm32f446_i2c_driver.o
 .group         0x0000000000000000        0xc drivers/src/stm32f446_i2c_driver.o
 .group         0x0000000000000000        0xc drivers/src/stm32f446_i2c_driver.o
 .group         0x0000000000000000        0xc drivers/src/stm32f446_i2c_driver.o
 .group         0x0000000000000000        0xc drivers/src/stm32f446_i2c_driver.o
 .group         0x0000000000000000        0xc drivers/src/stm32f446_i2c_driver.o
 .text          0x0000000000000000        0x0 drivers/src/stm32f446_i2c_driver.o
 .data          0x0000000000000000        0x0 drivers/src/stm32f446_i2c_driver.o
 .bss           0x0000000000000000        0x0 drivers/src/stm32f446_i2c_driver.o
 .text.I2C_GenerateStartCondition
                0x0000000000000000       0x1e drivers/src/stm32f446_i2c_driver.o
 .text.I2C_ExecuteAddressPhaseWrite
                0x0000000000000000       0x2a drivers/src/stm32f446_i2c_driver.o
 .text.I2C_ExecuteAddressPhaseRead
                0x0000000000000000       0x2a drivers/src/stm32f446_i2c_driver.o
 .text.I2C_ClearADDRFlag
                0x0000000000000000       0x70 drivers/src/stm32f446_i2c_driver.o
 .text.I2C_MasterHandleTXEInterrupt
                0x0000000000000000       0x3a drivers/src/stm32f446_i2c_driver.o
 .text.I2C_MasterHandleRXNEInterrupt
                0x0000000000000000       0x96 drivers/src/stm32f446_i2c_driver.o
 .text.I2C_PeriClockControl
                0x0000000000000000       0xb0 drivers/src/stm32f446_i2c_driver.o
 .text.I2C_Init
                0x0000000000000000      0x178 drivers/src/stm32f446_i2c_driver.o
 .text.I2C_DeInit
                0x0000000000000000       0x88 drivers/src/stm32f446_i2c_driver.o
 .text.I2C_MasterSendData
                0x0000000000000000       0xc6 drivers/src/stm32f446_i2c_driver.o
 .text.I2C_MasterReceiveData
                0x0000000000000000      0x11c drivers/src/stm32f446_i2c_driver.o
 .text.I2C_MasterSendData_IT
                0x0000000000000000       0x8a drivers/src/stm32f446_i2c_driver.o
 .text.I2C_MasterReceiveData_IT
                0x0000000000000000       0x90 drivers/src/stm32f446_i2c_driver.o
 .text.I2C_SlaveSendData
                0x0000000000000000       0x1c drivers/src/stm32f446_i2c_driver.o
 .text.I2C_SlaveReceiveData
                0x0000000000000000       0x18 drivers/src/stm32f446_i2c_driver.o
 .text.I2C_IRQInterruptConfig
                0x0000000000000000      0x108 drivers/src/stm32f446_i2c_driver.o
 .text.I2C_IRQPriorityConfig
                0x0000000000000000       0x52 drivers/src/stm32f446_i2c_driver.o
 .text.I2C_CloseRx
                0x0000000000000000       0x5e drivers/src/stm32f446_i2c_driver.o
 .text.I2C_CloseTx
                0x0000000000000000       0x46 drivers/src/stm32f446_i2c_driver.o
 .text.I2C_GenerateStopCondition
                0x0000000000000000       0x1e drivers/src/stm32f446_i2c_driver.o
 .text.I2C_EV_IRQHandling
                0x0000000000000000      0x1c4 drivers/src/stm32f446_i2c_driver.o
 .text.I2C_ER_IRQHandling
                0x0000000000000000      0x10c drivers/src/stm32f446_i2c_driver.o
 .text.I2C_PeripheralControl
                0x0000000000000000       0x36 drivers/src/stm32f446_i2c_driver.o
 .text.I2C_GetFlagStatus
                0x0000000000000000       0x26 drivers/src/stm32f446_i2c_driver.o
 .text.I2C_ManageAcking
                0x0000000000000000       0x36 drivers/src/stm32f446_i2c_driver.o
 .text.I2C_SlaveEnableDisableCallbackEvents
                0x0000000000000000       0x66 drivers/src/stm32f446_i2c_driver.o
 .debug_info    0x0000000000000000      0xa89 drivers/src/stm32f446_i2c_driver.o
 .debug_abbrev  0x0000000000000000      0x1d0 drivers/src/stm32f446_i2c_driver.o
 .debug_aranges
                0x0000000000000000       0xe8 drivers/src/stm32f446_i2c_driver.o
 .debug_ranges  0x0000000000000000       0xd8 drivers/src/stm32f446_i2c_driver.o
 .debug_macro   0x0000000000000000       0xc2 drivers/src/stm32f446_i2c_driver.o
 .debug_macro   0x0000000000000000      0xa66 drivers/src/stm32f446_i2c_driver.o
 .debug_macro   0x0000000000000000      0x174 drivers/src/stm32f446_i2c_driver.o
 .debug_macro   0x0000000000000000       0x22 drivers/src/stm32f446_i2c_driver.o
 .debug_macro   0x0000000000000000       0x8e drivers/src/stm32f446_i2c_driver.o
 .debug_macro   0x0000000000000000       0x51 drivers/src/stm32f446_i2c_driver.o
 .debug_macro   0x0000000000000000       0xef drivers/src/stm32f446_i2c_driver.o
 .debug_macro   0x0000000000000000       0x6a drivers/src/stm32f446_i2c_driver.o
 .debug_macro   0x0000000000000000      0x1df drivers/src/stm32f446_i2c_driver.o
 .debug_macro   0x0000000000000000      0x86b drivers/src/stm32f446_i2c_driver.o
 .debug_macro   0x0000000000000000      0x124 drivers/src/stm32f446_i2c_driver.o
 .debug_macro   0x0000000000000000       0xe2 drivers/src/stm32f446_i2c_driver.o
 .debug_macro   0x0000000000000000      0x133 drivers/src/stm32f446_i2c_driver.o
 .debug_macro   0x0000000000000000       0xdc drivers/src/stm32f446_i2c_driver.o
 .debug_line    0x0000000000000000      0x817 drivers/src/stm32f446_i2c_driver.o
 .debug_str     0x0000000000000000     0x7a3e drivers/src/stm32f446_i2c_driver.o
 .comment       0x0000000000000000       0x7c drivers/src/stm32f446_i2c_driver.o
 .debug_frame   0x0000000000000000      0x3f8 drivers/src/stm32f446_i2c_driver.o
 .ARM.attributes
                0x0000000000000000       0x33 drivers/src/stm32f446_i2c_driver.o
 .group         0x0000000000000000        0xc drivers/src/stm32f446_rcc_driver.o
 .group         0x0000000000000000        0xc drivers/src/stm32f446_rcc_driver.o
 .group         0x0000000000000000        0xc drivers/src/stm32f446_rcc_driver.o
 .group         0x0000000000000000        0xc drivers/src/stm32f446_rcc_driver.o
 .group         0x0000000000000000        0xc drivers/src/stm32f446_rcc_driver.o
 .group         0x0000000000000000        0xc drivers/src/stm32f446_rcc_driver.o
 .group         0x0000000000000000        0xc drivers/src/stm32f446_rcc_driver.o
 .group         0x0000000000000000        0xc drivers/src/stm32f446_rcc_driver.o
 .group         0x0000000000000000        0xc drivers/src/stm32f446_rcc_driver.o
 .group         0x0000000000000000        0xc drivers/src/stm32f446_rcc_driver.o
 .group         0x0000000000000000        0xc drivers/src/stm32f446_rcc_driver.o
 .group         0x0000000000000000        0xc drivers/src/stm32f446_rcc_driver.o
 .group         0x0000000000000000        0xc drivers/src/stm32f446_rcc_driver.o
 .text          0x0000000000000000        0x0 drivers/src/stm32f446_rcc_driver.o
 .data          0x0000000000000000        0x0 drivers/src/stm32f446_rcc_driver.o
 .bss           0x0000000000000000        0x0 drivers/src/stm32f446_rcc_driver.o
 .debug_macro   0x0000000000000000      0xa66 drivers/src/stm32f446_rcc_driver.o
 .debug_macro   0x0000000000000000      0x174 drivers/src/stm32f446_rcc_driver.o
 .debug_macro   0x0000000000000000       0x22 drivers/src/stm32f446_rcc_driver.o
 .debug_macro   0x0000000000000000       0x8e drivers/src/stm32f446_rcc_driver.o
 .debug_macro   0x0000000000000000       0x51 drivers/src/stm32f446_rcc_driver.o
 .debug_macro   0x0000000000000000       0xef drivers/src/stm32f446_rcc_driver.o
 .debug_macro   0x0000000000000000       0x6a drivers/src/stm32f446_rcc_driver.o
 .debug_macro   0x0000000000000000      0x1df drivers/src/stm32f446_rcc_driver.o
 .debug_macro   0x0000000000000000      0x86b drivers/src/stm32f446_rcc_driver.o
 .debug_macro   0x0000000000000000      0x124 drivers/src/stm32f446_rcc_driver.o
 .debug_macro   0x0000000000000000       0xe2 drivers/src/stm32f446_rcc_driver.o
 .debug_macro   0x0000000000000000       0xe2 drivers/src/stm32f446_rcc_driver.o
 .debug_macro   0x0000000000000000      0x133 drivers/src/stm32f446_rcc_driver.o
 .group         0x0000000000000000        0xc drivers/src/stm32f446_spi_driver.o
 .group         0x0000000000000000        0xc drivers/src/stm32f446_spi_driver.o
 .group         0x0000000000000000        0xc drivers/src/stm32f446_spi_driver.o
 .group         0x0000000000000000        0xc drivers/src/stm32f446_spi_driver.o
 .group         0x0000000000000000        0xc drivers/src/stm32f446_spi_driver.o
 .group         0x0000000000000000        0xc drivers/src/stm32f446_spi_driver.o
 .group         0x0000000000000000        0xc drivers/src/stm32f446_spi_driver.o
 .group         0x0000000000000000        0xc drivers/src/stm32f446_spi_driver.o
 .group         0x0000000000000000        0xc drivers/src/stm32f446_spi_driver.o
 .group         0x0000000000000000        0xc drivers/src/stm32f446_spi_driver.o
 .group         0x0000000000000000        0xc drivers/src/stm32f446_spi_driver.o
 .group         0x0000000000000000        0xc drivers/src/stm32f446_spi_driver.o
 .group         0x0000000000000000        0xc drivers/src/stm32f446_spi_driver.o
 .text          0x0000000000000000        0x0 drivers/src/stm32f446_spi_driver.o
 .data          0x0000000000000000        0x0 drivers/src/stm32f446_spi_driver.o
 .bss           0x0000000000000000        0x0 drivers/src/stm32f446_spi_driver.o
 .text.SPI_PeriClockControl
                0x0000000000000000       0xe4 drivers/src/stm32f446_spi_driver.o
 .text.SPI_Init
                0x0000000000000000       0xac drivers/src/stm32f446_spi_driver.o
 .text.SPI_DeInit
                0x0000000000000000       0xac drivers/src/stm32f446_spi_driver.o
 .text.SPI_GetFlagStatus
                0x0000000000000000       0x26 drivers/src/stm32f446_spi_driver.o
 .text.SPI_SendData
                0x0000000000000000       0x6c drivers/src/stm32f446_spi_driver.o
 .text.SPI_ReceiveData
                0x0000000000000000       0x6c drivers/src/stm32f446_spi_driver.o
 .text.SPI_IRQInterruptConfig
                0x0000000000000000      0x108 drivers/src/stm32f446_spi_driver.o
 .text.SPI_IRQPriorityConfig
                0x0000000000000000       0x52 drivers/src/stm32f446_spi_driver.o
 .text.SPI_IRQHandling
                0x0000000000000000       0x9a drivers/src/stm32f446_spi_driver.o
 .text.SPI_PeripheralControl
                0x0000000000000000       0x36 drivers/src/stm32f446_spi_driver.o
 .text.SPI_SSI_Config
                0x0000000000000000       0x36 drivers/src/stm32f446_spi_driver.o
 .text.SPI_SSOE_Config
                0x0000000000000000       0x36 drivers/src/stm32f446_spi_driver.o
 .text.SPI_SendData_IT
                0x0000000000000000       0x46 drivers/src/stm32f446_spi_driver.o
 .text.SPI_ReceiveData_IT
                0x0000000000000000       0x46 drivers/src/stm32f446_spi_driver.o
 .text.spi_txe_interrupt_handle
                0x0000000000000000       0x9c drivers/src/stm32f446_spi_driver.o
 .text.spi_rxne_interrupt_handle
                0x0000000000000000       0x84 drivers/src/stm32f446_spi_driver.o
 .text.spi_ovr_interrupt_handle
                0x0000000000000000       0x2a drivers/src/stm32f446_spi_driver.o
 .text.SPI_ClearOVRFlag
                0x0000000000000000       0x1e drivers/src/stm32f446_spi_driver.o
 .text.SPI_CloseTransmission
                0x0000000000000000       0x34 drivers/src/stm32f446_spi_driver.o
 .text.SPI_CloseReception
                0x0000000000000000       0x34 drivers/src/stm32f446_spi_driver.o
 .text.SPI_ApplicationEventCallback
                0x0000000000000000       0x16 drivers/src/stm32f446_spi_driver.o
 .debug_info    0x0000000000000000      0x8a3 drivers/src/stm32f446_spi_driver.o
 .debug_abbrev  0x0000000000000000      0x1b1 drivers/src/stm32f446_spi_driver.o
 .debug_aranges
                0x0000000000000000       0xc0 drivers/src/stm32f446_spi_driver.o
 .debug_ranges  0x0000000000000000       0xb0 drivers/src/stm32f446_spi_driver.o
 .debug_macro   0x0000000000000000       0xc2 drivers/src/stm32f446_spi_driver.o
 .debug_macro   0x0000000000000000      0xa66 drivers/src/stm32f446_spi_driver.o
 .debug_macro   0x0000000000000000      0x174 drivers/src/stm32f446_spi_driver.o
 .debug_macro   0x0000000000000000       0x22 drivers/src/stm32f446_spi_driver.o
 .debug_macro   0x0000000000000000       0x8e drivers/src/stm32f446_spi_driver.o
 .debug_macro   0x0000000000000000       0x51 drivers/src/stm32f446_spi_driver.o
 .debug_macro   0x0000000000000000       0xef drivers/src/stm32f446_spi_driver.o
 .debug_macro   0x0000000000000000       0x6a drivers/src/stm32f446_spi_driver.o
 .debug_macro   0x0000000000000000      0x1df drivers/src/stm32f446_spi_driver.o
 .debug_macro   0x0000000000000000      0x86b drivers/src/stm32f446_spi_driver.o
 .debug_macro   0x0000000000000000      0x124 drivers/src/stm32f446_spi_driver.o
 .debug_macro   0x0000000000000000       0xe2 drivers/src/stm32f446_spi_driver.o
 .debug_macro   0x0000000000000000      0x133 drivers/src/stm32f446_spi_driver.o
 .debug_macro   0x0000000000000000       0xdc drivers/src/stm32f446_spi_driver.o
 .debug_line    0x0000000000000000      0x6cd drivers/src/stm32f446_spi_driver.o
 .debug_str     0x0000000000000000     0x7920 drivers/src/stm32f446_spi_driver.o
 .comment       0x0000000000000000       0x7c drivers/src/stm32f446_spi_driver.o
 .debug_frame   0x0000000000000000      0x340 drivers/src/stm32f446_spi_driver.o
 .ARM.attributes
                0x0000000000000000       0x33 drivers/src/stm32f446_spi_driver.o
 .group         0x0000000000000000        0xc drivers/src/stm32f446_usart_driver.o
 .group         0x0000000000000000        0xc drivers/src/stm32f446_usart_driver.o
 .group         0x0000000000000000        0xc drivers/src/stm32f446_usart_driver.o
 .group         0x0000000000000000        0xc drivers/src/stm32f446_usart_driver.o
 .group         0x0000000000000000        0xc drivers/src/stm32f446_usart_driver.o
 .group         0x0000000000000000        0xc drivers/src/stm32f446_usart_driver.o
 .group         0x0000000000000000        0xc drivers/src/stm32f446_usart_driver.o
 .group         0x0000000000000000        0xc drivers/src/stm32f446_usart_driver.o
 .group         0x0000000000000000        0xc drivers/src/stm32f446_usart_driver.o
 .group         0x0000000000000000        0xc drivers/src/stm32f446_usart_driver.o
 .group         0x0000000000000000        0xc drivers/src/stm32f446_usart_driver.o
 .group         0x0000000000000000        0xc drivers/src/stm32f446_usart_driver.o
 .group         0x0000000000000000        0xc drivers/src/stm32f446_usart_driver.o
 .text          0x0000000000000000        0x0 drivers/src/stm32f446_usart_driver.o
 .data          0x0000000000000000        0x0 drivers/src/stm32f446_usart_driver.o
 .bss           0x0000000000000000        0x0 drivers/src/stm32f446_usart_driver.o
 .text.USART_ClearOREFlag
                0x0000000000000000       0x1e drivers/src/stm32f446_usart_driver.o
 .text.USART_DeInit
                0x0000000000000000       0xf8 drivers/src/stm32f446_usart_driver.o
 .text.USART_ReceiveData
                0x0000000000000000       0xa6 drivers/src/stm32f446_usart_driver.o
 .text.USART_SendDataIT
                0x0000000000000000       0x5a drivers/src/stm32f446_usart_driver.o
 .text.USART_ReceiveDataIT
                0x0000000000000000       0x4a drivers/src/stm32f446_usart_driver.o
 .text.USART_IRQInterruptConfig
                0x0000000000000000      0x108 drivers/src/stm32f446_usart_driver.o
 .text.USART_IRQPriorityConfig
                0x0000000000000000       0x52 drivers/src/stm32f446_usart_driver.o
 .text.USART_IRQHandling
                0x0000000000000000      0x350 drivers/src/stm32f446_usart_driver.o
 .text.USART_ClearFlag
                0x0000000000000000       0x22 drivers/src/stm32f446_usart_driver.o
 .debug_macro   0x0000000000000000      0xa66 drivers/src/stm32f446_usart_driver.o
 .debug_macro   0x0000000000000000      0x174 drivers/src/stm32f446_usart_driver.o
 .debug_macro   0x0000000000000000       0x22 drivers/src/stm32f446_usart_driver.o
 .debug_macro   0x0000000000000000       0x8e drivers/src/stm32f446_usart_driver.o
 .debug_macro   0x0000000000000000       0x51 drivers/src/stm32f446_usart_driver.o
 .debug_macro   0x0000000000000000       0xef drivers/src/stm32f446_usart_driver.o
 .debug_macro   0x0000000000000000       0x6a drivers/src/stm32f446_usart_driver.o
 .debug_macro   0x0000000000000000      0x1df drivers/src/stm32f446_usart_driver.o
 .debug_macro   0x0000000000000000      0x86b drivers/src/stm32f446_usart_driver.o
 .debug_macro   0x0000000000000000      0x124 drivers/src/stm32f446_usart_driver.o
 .debug_macro   0x0000000000000000       0xe2 drivers/src/stm32f446_usart_driver.o
 .debug_macro   0x0000000000000000       0xe2 drivers/src/stm32f446_usart_driver.o
 .text          0x0000000000000000        0x0 /opt/st/stm32cubeide_1.3.0/plugins/com.st.stm32cube.ide.mcu.externaltools.gnu-tools-for-stm32.7-2018-q2-update.linux64_1.0.0.201904181610/tools/bin/../lib/gcc/arm-none-eabi/7.3.1/../../../../arm-none-eabi/lib/thumb/v7e-m/libc_nano.a(lib_a-errno.o)
 .data          0x0000000000000000        0x0 /opt/st/stm32cubeide_1.3.0/plugins/com.st.stm32cube.ide.mcu.externaltools.gnu-tools-for-stm32.7-2018-q2-update.linux64_1.0.0.201904181610/tools/bin/../lib/gcc/arm-none-eabi/7.3.1/../../../../arm-none-eabi/lib/thumb/v7e-m/libc_nano.a(lib_a-errno.o)
 .bss           0x0000000000000000        0x0 /opt/st/stm32cubeide_1.3.0/plugins/com.st.stm32cube.ide.mcu.externaltools.gnu-tools-for-stm32.7-2018-q2-update.linux64_1.0.0.201904181610/tools/bin/../lib/gcc/arm-none-eabi/7.3.1/../../../../arm-none-eabi/lib/thumb/v7e-m/libc_nano.a(lib_a-errno.o)
 .text.__errno  0x0000000000000000        0xc /opt/st/stm32cubeide_1.3.0/plugins/com.st.stm32cube.ide.mcu.externaltools.gnu-tools-for-stm32.7-2018-q2-update.linux64_1.0.0.201904181610/tools/bin/../lib/gcc/arm-none-eabi/7.3.1/../../../../arm-none-eabi/lib/thumb/v7e-m/libc_nano.a(lib_a-errno.o)
 .debug_frame   0x0000000000000000       0x20 /opt/st/stm32cubeide_1.3.0/plugins/com.st.stm32cube.ide.mcu.externaltools.gnu-tools-for-stm32.7-2018-q2-update.linux64_1.0.0.201904181610/tools/bin/../lib/gcc/arm-none-eabi/7.3.1/../../../../arm-none-eabi/lib/thumb/v7e-m/libc_nano.a(lib_a-errno.o)
 .ARM.attributes
                0x0000000000000000       0x2e /opt/st/stm32cubeide_1.3.0/plugins/com.st.stm32cube.ide.mcu.externaltools.gnu-tools-for-stm32.7-2018-q2-update.linux64_1.0.0.201904181610/tools/bin/../lib/gcc/arm-none-eabi/7.3.1/../../../../arm-none-eabi/lib/thumb/v7e-m/libc_nano.a(lib_a-errno.o)
 .text          0x0000000000000000        0x0 /opt/st/stm32cubeide_1.3.0/plugins/com.st.stm32cube.ide.mcu.externaltools.gnu-tools-for-stm32.7-2018-q2-update.linux64_1.0.0.201904181610/tools/bin/../lib/gcc/arm-none-eabi/7.3.1/../../../../arm-none-eabi/lib/thumb/v7e-m/libc_nano.a(lib_a-exit.o)
 .data          0x0000000000000000        0x0 /opt/st/stm32cubeide_1.3.0/plugins/com.st.stm32cube.ide.mcu.externaltools.gnu-tools-for-stm32.7-2018-q2-update.linux64_1.0.0.201904181610/tools/bin/../lib/gcc/arm-none-eabi/7.3.1/../../../../arm-none-eabi/lib/thumb/v7e-m/libc_nano.a(lib_a-exit.o)
 .bss           0x0000000000000000        0x0 /opt/st/stm32cubeide_1.3.0/plugins/com.st.stm32cube.ide.mcu.externaltools.gnu-tools-for-stm32.7-2018-q2-update.linux64_1.0.0.201904181610/tools/bin/../lib/gcc/arm-none-eabi/7.3.1/../../../../arm-none-eabi/lib/thumb/v7e-m/libc_nano.a(lib_a-exit.o)
 .text.exit     0x0000000000000000       0x28 /opt/st/stm32cubeide_1.3.0/plugins/com.st.stm32cube.ide.mcu.externaltools.gnu-tools-for-stm32.7-2018-q2-update.linux64_1.0.0.201904181610/tools/bin/../lib/gcc/arm-none-eabi/7.3.1/../../../../arm-none-eabi/lib/thumb/v7e-m/libc_nano.a(lib_a-exit.o)
 .debug_frame   0x0000000000000000       0x28 /opt/st/stm32cubeide_1.3.0/plugins/com.st.stm32cube.ide.mcu.externaltools.gnu-tools-for-stm32.7-2018-q2-update.linux64_1.0.0.201904181610/tools/bin/../lib/gcc/arm-none-eabi/7.3.1/../../../../arm-none-eabi/lib/thumb/v7e-m/libc_nano.a(lib_a-exit.o)
 .ARM.attributes
                0x0000000000000000       0x2e /opt/st/stm32cubeide_1.3.0/plugins/com.st.stm32cube.ide.mcu.externaltools.gnu-tools-for-stm32.7-2018-q2-update.linux64_1.0.0.201904181610/tools/bin/../lib/gcc/arm-none-eabi/7.3.1/../../../../arm-none-eabi/lib/thumb/v7e-m/libc_nano.a(lib_a-exit.o)
 .text          0x0000000000000000        0x0 /opt/st/stm32cubeide_1.3.0/plugins/com.st.stm32cube.ide.mcu.externaltools.gnu-tools-for-stm32.7-2018-q2-update.linux64_1.0.0.201904181610/tools/bin/../lib/gcc/arm-none-eabi/7.3.1/../../../../arm-none-eabi/lib/thumb/v7e-m/libc_nano.a(lib_a-impure.o)
 .data          0x0000000000000000        0x0 /opt/st/stm32cubeide_1.3.0/plugins/com.st.stm32cube.ide.mcu.externaltools.gnu-tools-for-stm32.7-2018-q2-update.linux64_1.0.0.201904181610/tools/bin/../lib/gcc/arm-none-eabi/7.3.1/../../../../arm-none-eabi/lib/thumb/v7e-m/libc_nano.a(lib_a-impure.o)
 .bss           0x0000000000000000        0x0 /opt/st/stm32cubeide_1.3.0/plugins/com.st.stm32cube.ide.mcu.externaltools.gnu-tools-for-stm32.7-2018-q2-update.linux64_1.0.0.201904181610/tools/bin/../lib/gcc/arm-none-eabi/7.3.1/../../../../arm-none-eabi/lib/thumb/v7e-m/libc_nano.a(lib_a-impure.o)
 .data._impure_ptr
                0x0000000000000000        0x4 /opt/st/stm32cubeide_1.3.0/plugins/com.st.stm32cube.ide.mcu.externaltools.gnu-tools-for-stm32.7-2018-q2-update.linux64_1.0.0.201904181610/tools/bin/../lib/gcc/arm-none-eabi/7.3.1/../../../../arm-none-eabi/lib/thumb/v7e-m/libc_nano.a(lib_a-impure.o)
 .data.impure_data
                0x0000000000000000       0x60 /opt/st/stm32cubeide_1.3.0/plugins/com.st.stm32cube.ide.mcu.externaltools.gnu-tools-for-stm32.7-2018-q2-update.linux64_1.0.0.201904181610/tools/bin/../lib/gcc/arm-none-eabi/7.3.1/../../../../arm-none-eabi/lib/thumb/v7e-m/libc_nano.a(lib_a-impure.o)
 .rodata._global_impure_ptr
                0x0000000000000000        0x4 /opt/st/stm32cubeide_1.3.0/plugins/com.st.stm32cube.ide.mcu.externaltools.gnu-tools-for-stm32.7-2018-q2-update.linux64_1.0.0.201904181610/tools/bin/../lib/gcc/arm-none-eabi/7.3.1/../../../../arm-none-eabi/lib/thumb/v7e-m/libc_nano.a(lib_a-impure.o)
 .ARM.attributes
                0x0000000000000000       0x2e /opt/st/stm32cubeide_1.3.0/plugins/com.st.stm32cube.ide.mcu.externaltools.gnu-tools-for-stm32.7-2018-q2-update.linux64_1.0.0.201904181610/tools/bin/../lib/gcc/arm-none-eabi/7.3.1/../../../../arm-none-eabi/lib/thumb/v7e-m/libc_nano.a(lib_a-impure.o)
 .text          0x0000000000000000        0x0 /opt/st/stm32cubeide_1.3.0/plugins/com.st.stm32cube.ide.mcu.externaltools.gnu-tools-for-stm32.7-2018-q2-update.linux64_1.0.0.201904181610/tools/bin/../lib/gcc/arm-none-eabi/7.3.1/../../../../arm-none-eabi/lib/thumb/v7e-m/libc_nano.a(lib_a-init.o)
 .data          0x0000000000000000        0x0 /opt/st/stm32cubeide_1.3.0/plugins/com.st.stm32cube.ide.mcu.externaltools.gnu-tools-for-stm32.7-2018-q2-update.linux64_1.0.0.201904181610/tools/bin/../lib/gcc/arm-none-eabi/7.3.1/../../../../arm-none-eabi/lib/thumb/v7e-m/libc_nano.a(lib_a-init.o)
 .bss           0x0000000000000000        0x0 /opt/st/stm32cubeide_1.3.0/plugins/com.st.stm32cube.ide.mcu.externaltools.gnu-tools-for-stm32.7-2018-q2-update.linux64_1.0.0.201904181610/tools/bin/../lib/gcc/arm-none-eabi/7.3.1/../../../../arm-none-eabi/lib/thumb/v7e-m/libc_nano.a(lib_a-init.o)
 .text          0x0000000000000000        0x0 /opt/st/stm32cubeide_1.3.0/plugins/com.st.stm32cube.ide.mcu.externaltools.gnu-tools-for-stm32.7-2018-q2-update.linux64_1.0.0.201904181610/tools/bin/../lib/gcc/arm-none-eabi/7.3.1/../../../../arm-none-eabi/lib/thumb/v7e-m/libc_nano.a(lib_a-memset.o)
 .data          0x0000000000000000        0x0 /opt/st/stm32cubeide_1.3.0/plugins/com.st.stm32cube.ide.mcu.externaltools.gnu-tools-for-stm32.7-2018-q2-update.linux64_1.0.0.201904181610/tools/bin/../lib/gcc/arm-none-eabi/7.3.1/../../../../arm-none-eabi/lib/thumb/v7e-m/libc_nano.a(lib_a-memset.o)
 .bss           0x0000000000000000        0x0 /opt/st/stm32cubeide_1.3.0/plugins/com.st.stm32cube.ide.mcu.externaltools.gnu-tools-for-stm32.7-2018-q2-update.linux64_1.0.0.201904181610/tools/bin/../lib/gcc/arm-none-eabi/7.3.1/../../../../arm-none-eabi/lib/thumb/v7e-m/libc_nano.a(lib_a-memset.o)
 .text.memset   0x0000000000000000       0x10 /opt/st/stm32cubeide_1.3.0/plugins/com.st.stm32cube.ide.mcu.externaltools.gnu-tools-for-stm32.7-2018-q2-update.linux64_1.0.0.201904181610/tools/bin/../lib/gcc/arm-none-eabi/7.3.1/../../../../arm-none-eabi/lib/thumb/v7e-m/libc_nano.a(lib_a-memset.o)
 .debug_frame   0x0000000000000000       0x20 /opt/st/stm32cubeide_1.3.0/plugins/com.st.stm32cube.ide.mcu.externaltools.gnu-tools-for-stm32.7-2018-q2-update.linux64_1.0.0.201904181610/tools/bin/../lib/gcc/arm-none-eabi/7.3.1/../../../../arm-none-eabi/lib/thumb/v7e-m/libc_nano.a(lib_a-memset.o)
 .ARM.attributes
                0x0000000000000000       0x2e /opt/st/stm32cubeide_1.3.0/plugins/com.st.stm32cube.ide.mcu.externaltools.gnu-tools-for-stm32.7-2018-q2-update.linux64_1.0.0.201904181610/tools/bin/../lib/gcc/arm-none-eabi/7.3.1/../../../../arm-none-eabi/lib/thumb/v7e-m/libc_nano.a(lib_a-memset.o)
 .data          0x0000000000000000        0x0 /opt/st/stm32cubeide_1.3.0/plugins/com.st.stm32cube.ide.mcu.externaltools.gnu-tools-for-stm32.7-2018-q2-update.linux64_1.0.0.201904181610/tools/bin/../lib/gcc/arm-none-eabi/7.3.1/../../../../arm-none-eabi/lib/thumb/v7e-m/libc_nano.a(lib_a-strlen.o)
 .bss           0x0000000000000000        0x0 /opt/st/stm32cubeide_1.3.0/plugins/com.st.stm32cube.ide.mcu.externaltools.gnu-tools-for-stm32.7-2018-q2-update.linux64_1.0.0.201904181610/tools/bin/../lib/gcc/arm-none-eabi/7.3.1/../../../../arm-none-eabi/lib/thumb/v7e-m/libc_nano.a(lib_a-strlen.o)
 .text          0x0000000000000000        0x0 /opt/st/stm32cubeide_1.3.0/plugins/com.st.stm32cube.ide.mcu.externaltools.gnu-tools-for-stm32.7-2018-q2-update.linux64_1.0.0.201904181610/tools/bin/../lib/gcc/arm-none-eabi/7.3.1/../../../../arm-none-eabi/lib/thumb/v7e-m/libnosys.a(_exit.o)
 .data          0x0000000000000000        0x0 /opt/st/stm32cubeide_1.3.0/plugins/com.st.stm32cube.ide.mcu.externaltools.gnu-tools-for-stm32.7-2018-q2-update.linux64_1.0.0.201904181610/tools/bin/../lib/gcc/arm-none-eabi/7.3.1/../../../../arm-none-eabi/lib/thumb/v7e-m/libnosys.a(_exit.o)
 .bss           0x0000000000000000        0x0 /opt/st/stm32cubeide_1.3.0/plugins/com.st.stm32cube.ide.mcu.externaltools.gnu-tools-for-stm32.7-2018-q2-update.linux64_1.0.0.201904181610/tools/bin/../lib/gcc/arm-none-eabi/7.3.1/../../../../arm-none-eabi/lib/thumb/v7e-m/libnosys.a(_exit.o)
 .text._exit    0x0000000000000000        0x2 /opt/st/stm32cubeide_1.3.0/plugins/com.st.stm32cube.ide.mcu.externaltools.gnu-tools-for-stm32.7-2018-q2-update.linux64_1.0.0.201904181610/tools/bin/../lib/gcc/arm-none-eabi/7.3.1/../../../../arm-none-eabi/lib/thumb/v7e-m/libnosys.a(_exit.o)
 .debug_frame   0x0000000000000000       0x20 /opt/st/stm32cubeide_1.3.0/plugins/com.st.stm32cube.ide.mcu.externaltools.gnu-tools-for-stm32.7-2018-q2-update.linux64_1.0.0.201904181610/tools/bin/../lib/gcc/arm-none-eabi/7.3.1/../../../../arm-none-eabi/lib/thumb/v7e-m/libnosys.a(_exit.o)
 .ARM.attributes
                0x0000000000000000       0x2e /opt/st/stm32cubeide_1.3.0/plugins/com.st.stm32cube.ide.mcu.externaltools.gnu-tools-for-stm32.7-2018-q2-update.linux64_1.0.0.201904181610/tools/bin/../lib/gcc/arm-none-eabi/7.3.1/../../../../arm-none-eabi/lib/thumb/v7e-m/libnosys.a(_exit.o)
 .text          0x0000000000000000        0x0 /opt/st/stm32cubeide_1.3.0/plugins/com.st.stm32cube.ide.mcu.externaltools.gnu-tools-for-stm32.7-2018-q2-update.linux64_1.0.0.201904181610/tools/bin/../lib/gcc/arm-none-eabi/7.3.1/thumb/v7e-m/crtend.o
 .data          0x0000000000000000        0x0 /opt/st/stm32cubeide_1.3.0/plugins/com.st.stm32cube.ide.mcu.externaltools.gnu-tools-for-stm32.7-2018-q2-update.linux64_1.0.0.201904181610/tools/bin/../lib/gcc/arm-none-eabi/7.3.1/thumb/v7e-m/crtend.o
 .bss           0x0000000000000000        0x0 /opt/st/stm32cubeide_1.3.0/plugins/com.st.stm32cube.ide.mcu.externaltools.gnu-tools-for-stm32.7-2018-q2-update.linux64_1.0.0.201904181610/tools/bin/../lib/gcc/arm-none-eabi/7.3.1/thumb/v7e-m/crtend.o
 .eh_frame      0x0000000000000000        0x4 /opt/st/stm32cubeide_1.3.0/plugins/com.st.stm32cube.ide.mcu.externaltools.gnu-tools-for-stm32.7-2018-q2-update.linux64_1.0.0.201904181610/tools/bin/../lib/gcc/arm-none-eabi/7.3.1/thumb/v7e-m/crtend.o
 .ARM.attributes
                0x0000000000000000       0x2e /opt/st/stm32cubeide_1.3.0/plugins/com.st.stm32cube.ide.mcu.externaltools.gnu-tools-for-stm32.7-2018-q2-update.linux64_1.0.0.201904181610/tools/bin/../lib/gcc/arm-none-eabi/7.3.1/thumb/v7e-m/crtend.o
 .text          0x0000000000000000        0x0 /opt/st/stm32cubeide_1.3.0/plugins/com.st.stm32cube.ide.mcu.externaltools.gnu-tools-for-stm32.7-2018-q2-update.linux64_1.0.0.201904181610/tools/bin/../lib/gcc/arm-none-eabi/7.3.1/thumb/v7e-m/crtn.o
 .data          0x0000000000000000        0x0 /opt/st/stm32cubeide_1.3.0/plugins/com.st.stm32cube.ide.mcu.externaltools.gnu-tools-for-stm32.7-2018-q2-update.linux64_1.0.0.201904181610/tools/bin/../lib/gcc/arm-none-eabi/7.3.1/thumb/v7e-m/crtn.o
 .bss           0x0000000000000000        0x0 /opt/st/stm32cubeide_1.3.0/plugins/com.st.stm32cube.ide.mcu.externaltools.gnu-tools-for-stm32.7-2018-q2-update.linux64_1.0.0.201904181610/tools/bin/../lib/gcc/arm-none-eabi/7.3.1/thumb/v7e-m/crtn.o

Memory Configuration

Name             Origin             Length             Attributes
RAM              0x0000000020000000 0x0000000000020000 xrw
ROM              0x0000000008000000 0x0000000000080000 xr
*default*        0x0000000000000000 0xffffffffffffffff

Linker script and memory map

LOAD /opt/st/stm32cubeide_1.3.0/plugins/com.st.stm32cube.ide.mcu.externaltools.gnu-tools-for-stm32.7-2018-q2-update.linux64_1.0.0.201904181610/tools/bin/../lib/gcc/arm-none-eabi/7.3.1/thumb/v7e-m/crti.o
LOAD /opt/st/stm32cubeide_1.3.0/plugins/com.st.stm32cube.ide.mcu.externaltools.gnu-tools-for-stm32.7-2018-q2-update.linux64_1.0.0.201904181610/tools/bin/../lib/gcc/arm-none-eabi/7.3.1/thumb/v7e-m/crtbegin.o
LOAD /opt/st/stm32cubeide_1.3.0/plugins/com.st.stm32cube.ide.mcu.externaltools.gnu-tools-for-stm32.7-2018-q2-update.linux64_1.0.0.201904181610/tools/bin/../lib/gcc/arm-none-eabi/7.3.1/../../../../arm-none-eabi/lib/thumb/v7e-m/crt0.o
LOAD Src/015uart_tx_test.o
LOAD Src/sysmem.o
LOAD Startup/startup_stm32f446retx.o
LOAD drivers/src/stm32f446_gpio_driver .o
LOAD drivers/src/stm32f446_i2c_driver.o
LOAD drivers/src/stm32f446_rcc_driver.o
LOAD drivers/src/stm32f446_spi_driver.o
LOAD drivers/src/stm32f446_usart_driver.o
START GROUP
LOAD /opt/st/stm32cubeide_1.3.0/plugins/com.st.stm32cube.ide.mcu.externaltools.gnu-tools-for-stm32.7-2018-q2-update.linux64_1.0.0.201904181610/tools/bin/../lib/gcc/arm-none-eabi/7.3.1/../../../../arm-none-eabi/lib/thumb/v7e-m/libc_nano.a
LOAD /opt/st/stm32cubeide_1.3.0/plugins/com.st.stm32cube.ide.mcu.externaltools.gnu-tools-for-stm32.7-2018-q2-update.linux64_1.0.0.201904181610/tools/bin/../lib/gcc/arm-none-eabi/7.3.1/../../../../arm-none-eabi/lib/thumb/v7e-m/libm.a
END GROUP
START GROUP
LOAD /opt/st/stm32cubeide_1.3.0/plugins/com.st.stm32cube.ide.mcu.externaltools.gnu-tools-for-stm32.7-2018-q2-update.linux64_1.0.0.201904181610/tools/bin/../lib/gcc/arm-none-eabi/7.3.1/thumb/v7e-m/libgcc.a
LOAD /opt/st/stm32cubeide_1.3.0/plugins/com.st.stm32cube.ide.mcu.externaltools.gnu-tools-for-stm32.7-2018-q2-update.linux64_1.0.0.201904181610/tools/bin/../lib/gcc/arm-none-eabi/7.3.1/../../../../arm-none-eabi/lib/thumb/v7e-m/libc_nano.a
END GROUP
START GROUP
LOAD /opt/st/stm32cubeide_1.3.0/plugins/com.st.stm32cube.ide.mcu.externaltools.gnu-tools-for-stm32.7-2018-q2-update.linux64_1.0.0.201904181610/tools/bin/../lib/gcc/arm-none-eabi/7.3.1/thumb/v7e-m/libgcc.a
LOAD /opt/st/stm32cubeide_1.3.0/plugins/com.st.stm32cube.ide.mcu.externaltools.gnu-tools-for-stm32.7-2018-q2-update.linux64_1.0.0.201904181610/tools/bin/../lib/gcc/arm-none-eabi/7.3.1/../../../../arm-none-eabi/lib/thumb/v7e-m/libc_nano.a
LOAD /opt/st/stm32cubeide_1.3.0/plugins/com.st.stm32cube.ide.mcu.externaltools.gnu-tools-for-stm32.7-2018-q2-update.linux64_1.0.0.201904181610/tools/bin/../lib/gcc/arm-none-eabi/7.3.1/../../../../arm-none-eabi/lib/thumb/v7e-m/libnosys.a
END GROUP
START GROUP
LOAD /opt/st/stm32cubeide_1.3.0/plugins/com.st.stm32cube.ide.mcu.externaltools.gnu-tools-for-stm32.7-2018-q2-update.linux64_1.0.0.201904181610/tools/bin/../lib/gcc/arm-none-eabi/7.3.1/thumb/v7e-m/libgcc.a
LOAD /opt/st/stm32cubeide_1.3.0/plugins/com.st.stm32cube.ide.mcu.externaltools.gnu-tools-for-stm32.7-2018-q2-update.linux64_1.0.0.201904181610/tools/bin/../lib/gcc/arm-none-eabi/7.3.1/../../../../arm-none-eabi/lib/thumb/v7e-m/libc_nano.a
LOAD /opt/st/stm32cubeide_1.3.0/plugins/com.st.stm32cube.ide.mcu.externaltools.gnu-tools-for-stm32.7-2018-q2-update.linux64_1.0.0.201904181610/tools/bin/../lib/gcc/arm-none-eabi/7.3.1/../../../../arm-none-eabi/lib/thumb/v7e-m/libnosys.a
END GROUP
LOAD /opt/st/stm32cubeide_1.3.0/plugins/com.st.stm32cube.ide.mcu.externaltools.gnu-tools-for-stm32.7-2018-q2-update.linux64_1.0.0.201904181610/tools/bin/../lib/gcc/arm-none-eabi/7.3.1/thumb/v7e-m/crtend.o
LOAD /opt/st/stm32cubeide_1.3.0/plugins/com.st.stm32cube.ide.mcu.externaltools.gnu-tools-for-stm32.7-2018-q2-update.linux64_1.0.0.201904181610/tools/bin/../lib/gcc/arm-none-eabi/7.3.1/thumb/v7e-m/crtn.o
                0x0000000020020000                _estack = (ORIGIN (RAM) + LENGTH (RAM))
                0x0000000000000200                _Min_Heap_Size = 0x200
                0x0000000000000400                _Min_Stack_Size = 0x400

.isr_vector     0x0000000008000000      0x1c4
                0x0000000008000000                . = ALIGN (0x4)
 *(.isr_vector)
 .isr_vector    0x0000000008000000      0x1c4 Startup/startup_stm32f446retx.o
                0x0000000008000000                g_pfnVectors
                0x00000000080001c4                . = ALIGN (0x4)

.text           0x00000000080001c4      0xdc4
                0x00000000080001c4                . = ALIGN (0x4)
 *(.text)
 .text          0x00000000080001c4       0x40 /opt/st/stm32cubeide_1.3.0/plugins/com.st.stm32cube.ide.mcu.externaltools.gnu-tools-for-stm32.7-2018-q2-update.linux64_1.0.0.201904181610/tools/bin/../lib/gcc/arm-none-eabi/7.3.1/thumb/v7e-m/crtbegin.o
 .text          0x0000000008000204       0x10 /opt/st/stm32cubeide_1.3.0/plugins/com.st.stm32cube.ide.mcu.externaltools.gnu-tools-for-stm32.7-2018-q2-update.linux64_1.0.0.201904181610/tools/bin/../lib/gcc/arm-none-eabi/7.3.1/../../../../arm-none-eabi/lib/thumb/v7e-m/libc_nano.a(lib_a-strlen.o)
                0x0000000008000204                strlen
 *(.text*)
 .text.delay    0x0000000008000214       0x28 Src/015uart_tx_test.o
                0x0000000008000214                delay
 .text.GPIO_Button_Init
                0x000000000800023c       0x30 Src/015uart_tx_test.o
                0x000000000800023c                GPIO_Button_Init
 .text.USART2_GPIOInits
                0x000000000800026c       0x4c Src/015uart_tx_test.o
                0x000000000800026c                USART2_GPIOInits
 .text.USART2_Init
                0x00000000080002b8       0x44 Src/015uart_tx_test.o
                0x00000000080002b8                USART2_Init
 .text.main     0x00000000080002fc       0x58 Src/015uart_tx_test.o
                0x00000000080002fc                main
 .text.Reset_Handler
                0x0000000008000354       0x50 Startup/startup_stm32f446retx.o
                0x0000000008000354                Reset_Handler
 .text.Default_Handler
                0x00000000080003a4        0x2 Startup/startup_stm32f446retx.o
                0x00000000080003a4                RTC_Alarm_IRQHandler
                0x00000000080003a4                EXTI2_IRQHandler
                0x00000000080003a4                TIM8_CC_IRQHandler
                0x00000000080003a4                SPDIF_Rx_IRQHandler
                0x00000000080003a4                DebugMon_Handler
                0x00000000080003a4                SPI4_IRQHandler
                0x00000000080003a4                TIM1_CC_IRQHandler
                0x00000000080003a4                QuadSPI_IRQHandler
                0x00000000080003a4                DMA2_Stream5_IRQHandler
                0x00000000080003a4                HardFault_Handler
                0x00000000080003a4                DMA1_Stream5_IRQHandler
                0x00000000080003a4                SysTick_Handler
                0x00000000080003a4                PVD_IRQHandler
                0x00000000080003a4                SDIO_IRQHandler
                0x00000000080003a4                TAMP_STAMP_IRQHandler
                0x00000000080003a4                PendSV_Handler
                0x00000000080003a4                NMI_Handler
                0x00000000080003a4                CAN2_RX1_IRQHandler
                0x00000000080003a4                EXTI3_IRQHandler
                0x00000000080003a4                TIM8_TRG_COM_TIM14_IRQHandler
                0x00000000080003a4                TIM1_UP_TIM10_IRQHandler
                0x00000000080003a4                FMPI2C1_error_IRQHandler
                0x00000000080003a4                TIM8_UP_TIM13_IRQHandler
                0x00000000080003a4                I2C3_ER_IRQHandler
                0x00000000080003a4                EXTI0_IRQHandler
                0x00000000080003a4                I2C2_EV_IRQHandler
                0x00000000080003a4                DMA1_Stream2_IRQHandler
                0x00000000080003a4                CAN1_RX0_IRQHandler
                0x00000000080003a4                FPU_IRQHandler
                0x00000000080003a4                OTG_HS_WKUP_IRQHandler
                0x00000000080003a4                UsageFault_Handler
                0x00000000080003a4                CAN2_SCE_IRQHandler
                0x00000000080003a4                DMA2_Stream2_IRQHandler
                0x00000000080003a4                SPI1_IRQHandler
                0x00000000080003a4                TIM6_DAC_IRQHandler
                0x00000000080003a4                TIM1_BRK_TIM9_IRQHandler
                0x00000000080003a4                DCMI_IRQHandler
                0x00000000080003a4                CAN2_RX0_IRQHandler
                0x00000000080003a4                DMA2_Stream3_IRQHandler
                0x00000000080003a4                FMPI2C1_IRQHandler
                0x00000000080003a4                SAI2_IRQHandler
                0x00000000080003a4                USART6_IRQHandler
                0x00000000080003a4                USART3_IRQHandler
                0x00000000080003a4                CAN1_RX1_IRQHandler
                0x00000000080003a4                UART5_IRQHandler
                0x00000000080003a4                DMA2_Stream0_IRQHandler
                0x00000000080003a4                TIM4_IRQHandler
                0x00000000080003a4                I2C1_EV_IRQHandler
                0x00000000080003a4                HDMI_CEC_IRQHandler
                0x00000000080003a4                DMA1_Stream6_IRQHandler
                0x00000000080003a4                DMA1_Stream1_IRQHandler
                0x00000000080003a4                UART4_IRQHandler
                0x00000000080003a4                TIM3_IRQHandler
                0x00000000080003a4                RCC_IRQHandler
                0x00000000080003a4                TIM8_BRK_TIM12_IRQHandler
                0x00000000080003a4                Default_Handler
                0x00000000080003a4                EXTI15_10_IRQHandler
                0x00000000080003a4                ADC_IRQHandler
                0x00000000080003a4                DMA1_Stream7_IRQHandler
                0x00000000080003a4                TIM7_IRQHandler
                0x00000000080003a4                CAN2_TX_IRQHandler
                0x00000000080003a4                TIM5_IRQHandler
                0x00000000080003a4                DMA2_Stream7_IRQHandler
                0x00000000080003a4                I2C3_EV_IRQHandler
                0x00000000080003a4                EXTI9_5_IRQHandler
                0x00000000080003a4                RTC_WKUP_IRQHandler
                0x00000000080003a4                SPI2_IRQHandler
                0x00000000080003a4                OTG_HS_EP1_IN_IRQHandler
                0x00000000080003a4                MemManage_Handler
                0x00000000080003a4                DMA1_Stream0_IRQHandler
                0x00000000080003a4                CAN1_TX_IRQHandler
                0x00000000080003a4                SVC_Handler
                0x00000000080003a4                EXTI4_IRQHandler
                0x00000000080003a4                OTG_HS_EP1_OUT_IRQHandler
                0x00000000080003a4                WWDG_IRQHandler
                0x00000000080003a4                TIM2_IRQHandler
                0x00000000080003a4                OTG_FS_WKUP_IRQHandler
                0x00000000080003a4                TIM1_TRG_COM_TIM11_IRQHandler
                0x00000000080003a4                OTG_HS_IRQHandler
                0x00000000080003a4                EXTI1_IRQHandler
                0x00000000080003a4                USART2_IRQHandler
                0x00000000080003a4                I2C2_ER_IRQHandler
                0x00000000080003a4                DMA2_Stream1_IRQHandler
                0x00000000080003a4                CAN1_SCE_IRQHandler
                0x00000000080003a4                FLASH_IRQHandler
                0x00000000080003a4                DMA2_Stream4_IRQHandler
                0x00000000080003a4                BusFault_Handler
                0x00000000080003a4                USART1_IRQHandler
                0x00000000080003a4                OTG_FS_IRQHandler
                0x00000000080003a4                SPI3_IRQHandler
                0x00000000080003a4                DMA1_Stream4_IRQHandler
                0x00000000080003a4                I2C1_ER_IRQHandler
                0x00000000080003a4                FMC_IRQHandler
                0x00000000080003a4                DMA2_Stream6_IRQHandler
                0x00000000080003a4                SAI1_IRQHandler
                0x00000000080003a4                DMA1_Stream3_IRQHandler
 *fill*         0x00000000080003a6        0x2 
 .text.GPIO_PeriClockControl
                0x00000000080003a8      0x1a4 drivers/src/stm32f446_gpio_driver .o
                0x00000000080003a8                GPIO_PeriClockControl
 .text.GPIO_Init
                0x000000000800054c      0x394 drivers/src/stm32f446_gpio_driver .o
                0x000000000800054c                GPIO_Init
 .text.GPIO_ReadFromInputPin
                0x00000000080008e0       0x2a drivers/src/stm32f446_gpio_driver .o
                0x00000000080008e0                GPIO_ReadFromInputPin
 *fill*         0x000000000800090a        0x2 
 .text.RCC_GetPCLK1Value
                0x000000000800090c      0x104 drivers/src/stm32f446_rcc_driver.o
                0x000000000800090c                RCC_GetPCLK1Value
 .text.RCC_GetPCLK2Value
                0x0000000008000a10      0x104 drivers/src/stm32f446_rcc_driver.o
                0x0000000008000a10                RCC_GetPCLK2Value
 .text.USART_PeriClockControl
                0x0000000008000b14      0x140 drivers/src/stm32f446_usart_driver.o
                0x0000000008000b14                USART_PeriClockControl
 .text.USART_Init
                0x0000000008000c54      0x106 drivers/src/stm32f446_usart_driver.o
                0x0000000008000c54                USART_Init
 .text.USART_SendData
                0x0000000008000d5a       0x9a drivers/src/stm32f446_usart_driver.o
                0x0000000008000d5a                USART_SendData
 .text.USART_PeripheralControl
                0x0000000008000df4       0x28 drivers/src/stm32f446_usart_driver.o
                0x0000000008000df4                USART_PeripheralControl
 .text.USART_GetFlagStatus
                0x0000000008000e1c       0x26 drivers/src/stm32f446_usart_driver.o
                0x0000000008000e1c                USART_GetFlagStatus
 *fill*         0x0000000008000e42        0x2 
 .text.USART_SetBaudRate
                0x0000000008000e44       0xe4 drivers/src/stm32f446_usart_driver.o
                0x0000000008000e44                USART_SetBaudRate
 .text.__libc_init_array
                0x0000000008000f28       0x48 /opt/st/stm32cubeide_1.3.0/plugins/com.st.stm32cube.ide.mcu.externaltools.gnu-tools-for-stm32.7-2018-q2-update.linux64_1.0.0.201904181610/tools/bin/../lib/gcc/arm-none-eabi/7.3.1/../../../../arm-none-eabi/lib/thumb/v7e-m/libc_nano.a(lib_a-init.o)
                0x0000000008000f28                __libc_init_array
 *(.glue_7)
 .glue_7        0x0000000008000f70        0x0 linker stubs
 *(.glue_7t)
 .glue_7t       0x0000000008000f70        0x0 linker stubs
 *(.eh_frame)
 .eh_frame      0x0000000008000f70        0x0 /opt/st/stm32cubeide_1.3.0/plugins/com.st.stm32cube.ide.mcu.externaltools.gnu-tools-for-stm32.7-2018-q2-update.linux64_1.0.0.201904181610/tools/bin/../lib/gcc/arm-none-eabi/7.3.1/thumb/v7e-m/crtbegin.o
 *(.init)
 .init          0x0000000008000f70        0x4 /opt/st/stm32cubeide_1.3.0/plugins/com.st.stm32cube.ide.mcu.externaltools.gnu-tools-for-stm32.7-2018-q2-update.linux64_1.0.0.201904181610/tools/bin/../lib/gcc/arm-none-eabi/7.3.1/thumb/v7e-m/crti.o
                0x0000000008000f70                _init
 .init          0x0000000008000f74        0x8 /opt/st/stm32cubeide_1.3.0/plugins/com.st.stm32cube.ide.mcu.externaltools.gnu-tools-for-stm32.7-2018-q2-update.linux64_1.0.0.201904181610/tools/bin/../lib/gcc/arm-none-eabi/7.3.1/thumb/v7e-m/crtn.o
 *(.fini)
 .fini          0x0000000008000f7c        0x4 /opt/st/stm32cubeide_1.3.0/plugins/com.st.stm32cube.ide.mcu.externaltools.gnu-tools-for-stm32.7-2018-q2-update.linux64_1.0.0.201904181610/tools/bin/../lib/gcc/arm-none-eabi/7.3.1/thumb/v7e-m/crti.o
                0x0000000008000f7c                _fini
 .fini          0x0000000008000f80        0x8 /opt/st/stm32cubeide_1.3.0/plugins/com.st.stm32cube.ide.mcu.externaltools.gnu-tools-for-stm32.7-2018-q2-update.linux64_1.0.0.201904181610/tools/bin/../lib/gcc/arm-none-eabi/7.3.1/thumb/v7e-m/crtn.o
                0x0000000008000f88                . = ALIGN (0x4)
                0x0000000008000f88                _etext = .

.vfp11_veneer   0x0000000008000f88        0x0
 .vfp11_veneer  0x0000000008000f88        0x0 linker stubs

.v4_bx          0x0000000008000f88        0x0
 .v4_bx         0x0000000008000f88        0x0 linker stubs

.iplt           0x0000000008000f88        0x0
 .iplt          0x0000000008000f88        0x0 /opt/st/stm32cubeide_1.3.0/plugins/com.st.stm32cube.ide.mcu.externaltools.gnu-tools-for-stm32.7-2018-q2-update.linux64_1.0.0.201904181610/tools/bin/../lib/gcc/arm-none-eabi/7.3.1/thumb/v7e-m/crtbegin.o

.rel.dyn        0x0000000008000f88        0x0
 .rel.iplt      0x0000000008000f88        0x0 /opt/st/stm32cubeide_1.3.0/plugins/com.st.stm32cube.ide.mcu.externaltools.gnu-tools-for-stm32.7-2018-q2-update.linux64_1.0.0.201904181610/tools/bin/../lib/gcc/arm-none-eabi/7.3.1/thumb/v7e-m/crtbegin.o

.rodata         0x0000000008000f88        0x0
                0x0000000008000f88                . = ALIGN (0x4)
 *(.rodata)
 *(.rodata*)
                0x0000000008000f88                . = ALIGN (0x4)

.ARM.extab      0x0000000008000f88        0x0
                0x0000000008000f88                . = ALIGN (0x4)
 *(.ARM.extab* .gnu.linkonce.armextab.*)
                0x0000000008000f88                . = ALIGN (0x4)

.ARM            0x0000000008000f88        0x0
                0x0000000008000f88                . = ALIGN (0x4)
                0x0000000008000f88                __exidx_start = .
 *(.ARM.exidx*)
                0x0000000008000f88                __exidx_end = .
                0x0000000008000f88                . = ALIGN (0x4)

.preinit_array  0x0000000008000f88        0x0
                0x0000000008000f88                . = ALIGN (0x4)
                0x0000000008000f88                PROVIDE (__preinit_array_start = .)
 *(.preinit_array*)
                0x0000000008000f88                PROVIDE (__preinit_array_end = .)
                0x0000000008000f88                . = ALIGN (0x4)

.init_array     0x0000000008000f88        0x4
                0x0000000008000f88                . = ALIGN (0x4)
                0x0000000008000f88                PROVIDE (__init_array_start = .)
 *(SORT_BY_NAME(.init_array.*))
 *(.init_array*)
 .init_array    0x0000000008000f88        0x4 /opt/st/stm32cubeide_1.3.0/plugins/com.st.stm32cube.ide.mcu.externaltools.gnu-tools-for-stm32.7-2018-q2-update.linux64_1.0.0.201904181610/tools/bin/../lib/gcc/arm-none-eabi/7.3.1/thumb/v7e-m/crtbegin.o
                0x0000000008000f8c                PROVIDE (__init_array_end = .)
                0x0000000008000f8c                . = ALIGN (0x4)

.fini_array     0x0000000008000f8c        0x4
                0x0000000008000f8c                . = ALIGN (0x4)
                [!provide]                        PROVIDE (__fini_array_start = .)
 *(SORT_BY_NAME(.fini_array.*))
 *(.fini_array*)
 .fini_array    0x0000000008000f8c        0x4 /opt/st/stm32cubeide_1.3.0/plugins/com.st.stm32cube.ide.mcu.externaltools.gnu-tools-for-stm32.7-2018-q2-update.linux64_1.0.0.201904181610/tools/bin/../lib/gcc/arm-none-eabi/7.3.1/thumb/v7e-m/crtbegin.o
                [!provide]                        PROVIDE (__fini_array_end = .)
                0x0000000008000f90                . = ALIGN (0x4)
                0x0000000008000f90                _sidata = LOADADDR (.data)

.data           0x0000000020000000      0x400 load address 0x0000000008000f90
                0x0000000020000000                . = ALIGN (0x4)
                0x0000000020000000                _sdata = .
 *(.data)
 *(.data*)
 .data.msg      0x0000000020000000      0x400 Src/015uart_tx_test.o
                0x0000000020000000                msg
                0x0000000020000400                . = ALIGN (0x4)
                0x0000000020000400                _edata = .

.igot.plt       0x0000000020000400        0x0 load address 0x0000000008001390
 .igot.plt      0x0000000020000400        0x0 /opt/st/stm32cubeide_1.3.0/plugins/com.st.stm32cube.ide.mcu.externaltools.gnu-tools-for-stm32.7-2018-q2-update.linux64_1.0.0.201904181610/tools/bin/../lib/gcc/arm-none-eabi/7.3.1/thumb/v7e-m/crtbegin.o
                0x0000000020000400                . = ALIGN (0x4)

.bss            0x0000000020000400       0x40 load address 0x0000000008001390
                0x0000000020000400                _sbss = .
                0x0000000020000400                __bss_start__ = _sbss
 *(.bss)
 .bss           0x0000000020000400       0x1c /opt/st/stm32cubeide_1.3.0/plugins/com.st.stm32cube.ide.mcu.externaltools.gnu-tools-for-stm32.7-2018-q2-update.linux64_1.0.0.201904181610/tools/bin/../lib/gcc/arm-none-eabi/7.3.1/thumb/v7e-m/crtbegin.o
 *(.bss*)
 *(COMMON)
 COMMON         0x000000002000041c       0x24 Src/015uart_tx_test.o
                0x000000002000041c                usart2_handle
                0x0000000020000440                . = ALIGN (0x4)
                0x0000000020000440                _ebss = .
                0x0000000020000440                __bss_end__ = _ebss

._user_heap_stack
                0x0000000020000440      0x600 load address 0x0000000008001390
                0x0000000020000440                . = ALIGN (0x8)
                0x0000000020000440                PROVIDE (end = .)
                [!provide]                        PROVIDE (_end = .)
                0x0000000020000640                . = (. + _Min_Heap_Size)
 *fill*         0x0000000020000440      0x200 
                0x0000000020000a40                . = (. + _Min_Stack_Size)
 *fill*         0x0000000020000640      0x400 
                0x0000000020000a40                . = ALIGN (0x8)

/DISCARD/
 libc.a(*)
 libm.a(*)
 libgcc.a(*)

.ARM.attributes
                0x0000000000000000       0x2a
 *(.ARM.attributes)
 .ARM.attributes
                0x0000000000000000       0x1e /opt/st/stm32cubeide_1.3.0/plugins/com.st.stm32cube.ide.mcu.externaltools.gnu-tools-for-stm32.7-2018-q2-update.linux64_1.0.0.201904181610/tools/bin/../lib/gcc/arm-none-eabi/7.3.1/thumb/v7e-m/crti.o
 .ARM.attributes
                0x000000000000001e       0x2e /opt/st/stm32cubeide_1.3.0/plugins/com.st.stm32cube.ide.mcu.externaltools.gnu-tools-for-stm32.7-2018-q2-update.linux64_1.0.0.201904181610/tools/bin/../lib/gcc/arm-none-eabi/7.3.1/thumb/v7e-m/crtbegin.o
 .ARM.attributes
                0x000000000000004c       0x33 Src/015uart_tx_test.o
 .ARM.attributes
                0x000000000000007f       0x21 Startup/startup_stm32f446retx.o
 .ARM.attributes
                0x00000000000000a0       0x33 drivers/src/stm32f446_gpio_driver .o
 .ARM.attributes
                0x00000000000000d3       0x33 drivers/src/stm32f446_rcc_driver.o
 .ARM.attributes
                0x0000000000000106       0x33 drivers/src/stm32f446_usart_driver.o
 .ARM.attributes
                0x0000000000000139       0x2e /opt/st/stm32cubeide_1.3.0/plugins/com.st.stm32cube.ide.mcu.externaltools.gnu-tools-for-stm32.7-2018-q2-update.linux64_1.0.0.201904181610/tools/bin/../lib/gcc/arm-none-eabi/7.3.1/../../../../arm-none-eabi/lib/thumb/v7e-m/libc_nano.a(lib_a-init.o)
 .ARM.attributes
                0x0000000000000167       0x17 /opt/st/stm32cubeide_1.3.0/plugins/com.st.stm32cube.ide.mcu.externaltools.gnu-tools-for-stm32.7-2018-q2-update.linux64_1.0.0.201904181610/tools/bin/../lib/gcc/arm-none-eabi/7.3.1/../../../../arm-none-eabi/lib/thumb/v7e-m/libc_nano.a(lib_a-strlen.o)
 .ARM.attributes
                0x000000000000017e       0x1e /opt/st/stm32cubeide_1.3.0/plugins/com.st.stm32cube.ide.mcu.externaltools.gnu-tools-for-stm32.7-2018-q2-update.linux64_1.0.0.201904181610/tools/bin/../lib/gcc/arm-none-eabi/7.3.1/thumb/v7e-m/crtn.o
OUTPUT(stm32f446_drivers.elf elf32-littlearm)

.debug_info     0x0000000000000000     0x1ec4
 .debug_info    0x0000000000000000      0xbe8 Src/015uart_tx_test.o
 .debug_info    0x0000000000000be8       0x22 Startup/startup_stm32f446retx.o
 .debug_info    0x0000000000000c0a      0x795 drivers/src/stm32f446_gpio_driver .o
 .debug_info    0x000000000000139f      0x303 drivers/src/stm32f446_rcc_driver.o
 .debug_info    0x00000000000016a2      0x822 drivers/src/stm32f446_usart_driver.o

.debug_abbrev   0x0000000000000000      0x5d6
 .debug_abbrev  0x0000000000000000      0x220 Src/015uart_tx_test.o
 .debug_abbrev  0x0000000000000220       0x12 Startup/startup_stm32f446retx.o
 .debug_abbrev  0x0000000000000232      0x13f drivers/src/stm32f446_gpio_driver .o
 .debug_abbrev  0x0000000000000371       0xc3 drivers/src/stm32f446_rcc_driver.o
 .debug_abbrev  0x0000000000000434      0x1a2 drivers/src/stm32f446_usart_driver.o

.debug_aranges  0x0000000000000000      0x190
 .debug_aranges
                0x0000000000000000       0x40 Src/015uart_tx_test.o
 .debug_aranges
                0x0000000000000040       0x28 Startup/startup_stm32f446retx.o
 .debug_aranges
                0x0000000000000068       0x70 drivers/src/stm32f446_gpio_driver .o
 .debug_aranges
                0x00000000000000d8       0x28 drivers/src/stm32f446_rcc_driver.o
 .debug_aranges
                0x0000000000000100       0x90 drivers/src/stm32f446_usart_driver.o

.debug_ranges   0x0000000000000000      0x148
 .debug_ranges  0x0000000000000000       0x30 Src/015uart_tx_test.o
 .debug_ranges  0x0000000000000030       0x20 Startup/startup_stm32f446retx.o
 .debug_ranges  0x0000000000000050       0x60 drivers/src/stm32f446_gpio_driver .o
 .debug_ranges  0x00000000000000b0       0x18 drivers/src/stm32f446_rcc_driver.o
 .debug_ranges  0x00000000000000c8       0x80 drivers/src/stm32f446_usart_driver.o

.debug_macro    0x0000000000000000     0x2a14
 .debug_macro   0x0000000000000000      0x173 Src/015uart_tx_test.o
 .debug_macro   0x0000000000000173      0xa66 Src/015uart_tx_test.o
 .debug_macro   0x0000000000000bd9       0x22 Src/015uart_tx_test.o
 .debug_macro   0x0000000000000bfb       0x40 Src/015uart_tx_test.o
 .debug_macro   0x0000000000000c3b       0x18 Src/015uart_tx_test.o
 .debug_macro   0x0000000000000c53       0x94 Src/015uart_tx_test.o
 .debug_macro   0x0000000000000ce7       0x3c Src/015uart_tx_test.o
 .debug_macro   0x0000000000000d23       0x34 Src/015uart_tx_test.o
 .debug_macro   0x0000000000000d57      0x174 Src/015uart_tx_test.o
 .debug_macro   0x0000000000000ecb       0x57 Src/015uart_tx_test.o
 .debug_macro   0x0000000000000f22       0x52 Src/015uart_tx_test.o
 .debug_macro   0x0000000000000f74       0x1f Src/015uart_tx_test.o
 .debug_macro   0x0000000000000f93       0x43 Src/015uart_tx_test.o
 .debug_macro   0x0000000000000fd6       0x20 Src/015uart_tx_test.o
 .debug_macro   0x0000000000000ff6      0x1a3 Src/015uart_tx_test.o
 .debug_macro   0x0000000000001199      0x330 Src/015uart_tx_test.o
 .debug_macro   0x00000000000014c9       0x10 Src/015uart_tx_test.o
 .debug_macro   0x00000000000014d9       0x35 Src/015uart_tx_test.o
 .debug_macro   0x000000000000150e       0x20 Src/015uart_tx_test.o
 .debug_macro   0x000000000000152e       0xef Src/015uart_tx_test.o
 .debug_macro   0x000000000000161d       0x6a Src/015uart_tx_test.o
 .debug_macro   0x0000000000001687      0x1df Src/015uart_tx_test.o
 .debug_macro   0x0000000000001866      0x86b Src/015uart_tx_test.o
 .debug_macro   0x00000000000020d1      0x124 Src/015uart_tx_test.o
 .debug_macro   0x00000000000021f5       0xe2 Src/015uart_tx_test.o
 .debug_macro   0x00000000000022d7       0xe2 Src/015uart_tx_test.o
 .debug_macro   0x00000000000023b9      0x133 Src/015uart_tx_test.o
 .debug_macro   0x00000000000024ec       0xc2 drivers/src/stm32f446_gpio_driver .o
 .debug_macro   0x00000000000025ae       0x8e drivers/src/stm32f446_gpio_driver .o
 .debug_macro   0x000000000000263c       0x51 drivers/src/stm32f446_gpio_driver .o
 .debug_macro   0x000000000000268d       0xdc drivers/src/stm32f446_gpio_driver .o
 .debug_macro   0x0000000000002769       0xbc drivers/src/stm32f446_rcc_driver.o
 .debug_macro   0x0000000000002825       0xc2 drivers/src/stm32f446_usart_driver.o
 .debug_macro   0x00000000000028e7      0x12d drivers/src/stm32f446_usart_driver.o

.debug_line     0x0000000000000000     0x18df
 .debug_line    0x0000000000000000      0x618 Src/015uart_tx_test.o
 .debug_line    0x0000000000000618       0x84 Startup/startup_stm32f446retx.o
 .debug_line    0x000000000000069c      0x68c drivers/src/stm32f446_gpio_driver .o
 .debug_line    0x0000000000000d28      0x4b6 drivers/src/stm32f446_rcc_driver.o
 .debug_line    0x00000000000011de      0x701 drivers/src/stm32f446_usart_driver.o

.debug_str      0x0000000000000000     0xa9a4
 .debug_str     0x0000000000000000     0xa414 Src/015uart_tx_test.o
                                       0xa674 (size before relaxing)
 .debug_str     0x000000000000a414       0x31 Startup/startup_stm32f446retx.o
                                         0x7d (size before relaxing)
 .debug_str     0x000000000000a445      0x317 drivers/src/stm32f446_gpio_driver .o
                                       0x78a2 (size before relaxing)
 .debug_str     0x000000000000a75c       0x80 drivers/src/stm32f446_rcc_driver.o
                                       0x7640 (size before relaxing)
 .debug_str     0x000000000000a7dc      0x1c8 drivers/src/stm32f446_usart_driver.o
                                       0x78c1 (size before relaxing)

.comment        0x0000000000000000       0x7b
 .comment       0x0000000000000000       0x7b Src/015uart_tx_test.o
                                         0x7c (size before relaxing)
 .comment       0x000000000000007b       0x7c drivers/src/stm32f446_gpio_driver .o
 .comment       0x000000000000007b       0x7c drivers/src/stm32f446_rcc_driver.o
 .comment       0x000000000000007b       0x7c drivers/src/stm32f446_usart_driver.o

.debug_frame    0x0000000000000000      0x564
 .debug_frame   0x0000000000000000       0xb8 Src/015uart_tx_test.o
 .debug_frame   0x00000000000000b8      0x1c8 drivers/src/stm32f446_gpio_driver .o
 .debug_frame   0x0000000000000280       0x60 drivers/src/stm32f446_rcc_driver.o
 .debug_frame   0x00000000000002e0      0x258 drivers/src/stm32f446_usart_driver.o
 .debug_frame   0x0000000000000538       0x2c /opt/st/stm32cubeide_1.3.0/plugins/com.st.stm32cube.ide.mcu.externaltools.gnu-tools-for-stm32.7-2018-q2-update.linux64_1.0.0.201904181610/tools/bin/../lib/gcc/arm-none-eabi/7.3.1/../../../../arm-none-eabi/lib/thumb/v7e-m/libc_nano.a(lib_a-init.o)
